00:00 +0: loading /Users/lute/project/momcozy-lab/app/test/modules/baby/baby_inventory_journey_test.dart
00:00 +0: (setUpAll)
00:00 +0: inventory Baby feeding save edit delete restore and history filters
══╡ EXCEPTION CAUGHT BY FLUTTER TEST FRAMEWORK ╞════════════════════════════════════════════════════
The following TestFailure was thrown running a test:
Expected: null
  Actual: FlutterError:<Golden "../../goldens/ui_inventory/baby-journey-feeding-empty-393.png":
Pixel test failed, 4.26%, 14145px diff detected.
          Failure feedback can be found at
/Users/lute/project/momcozy-lab/app/test/modules/baby/failures>

When the exception was thrown, this was the stack:
#4      main.tap (file:///Users/lute/project/momcozy-lab/app/test/modules/baby/baby_inventory_journey_test.dart:127:5)
<asynchronous suspension>
#5      main.<anonymous closure> (file:///Users/lute/project/momcozy-lab/app/test/modules/baby/baby_inventory_journey_test.dart:181:7)
<asynchronous suspension>
#6      testWidgets.<anonymous closure>.<anonymous closure> (package:flutter_test/src/widget_tester.dart:192:15)
<asynchronous suspension>
#7      TestWidgetsFlutterBinding._runTestBody (package:flutter_test/src/binding.dart:1952:5)
<asynchronous suspension>
<asynchronous suspension>
(elided one frame from package:stack_trace)

This was caught by the test expectation on the following line:
  file:///Users/lute/project/momcozy-lab/app/test/modules/baby/baby_inventory_journey_test.dart line 127
The test description was:
  inventory Baby feeding save edit delete restore and history filters
════════════════════════════════════════════════════════════════════════════════════════════════════
00:01 +0 -1: inventory Baby feeding save edit delete restore and history filters [E]
  Test failed. See exception logs above.
  The test description was: inventory Baby feeding save edit delete restore and history filters
  
Warning: At least one test in this suite creates an HttpClient. When running a test suite that uses
TestWidgetsFlutterBinding, all HTTP requests will return status code 400, and no network request
will actually be made. Any test expecting a real network connection and status code will fail.
To test code that needs an HttpClient, provide your own HttpClient implementation to the code under
test, so that your test can consistently provide a testable response to the code under test.
00:01 +0 -1: inventory Baby profile switch editing and discard
00:02 +1 -1: inventory Baby sleep stool knowledge and growth interactions
00:04 +2 -1: inventory Baby no profile creation and missing demographic data
00:04 +3 -1: inventory Baby local record failure and pull refresh recovery
00:04 +4 -1: inventory Baby loading and pending save states
00:05 +5 -1: (tearDownAll)
00:05 +5 -1: Some tests failed.

Failing tests:
  /Users/lute/project/momcozy-lab/app/test/modules/baby/baby_inventory_journey_test.dart: inventory Baby feeding save edit delete restore and history filters
