00:00 +0: loading /Users/lute/project/momcozy-lab/app/test/modules/services/expert_home_states_test.dart
00:00 +0: /Users/lute/project/momcozy-lab/app/test/modules/services/expert_home_states_test.dart: (setUpAll)
00:00 +0: /Users/lute/project/momcozy-lab/app/test/modules/services/service_design_test.dart: (setUpAll)
00:00 +0: /Users/lute/project/momcozy-lab/app/test/modules/services/expert_home_states_test.dart: home purchased, intake and preparation actions 320.0/1.0
00:00 +1: /Users/lute/project/momcozy-lab/app/test/modules/services/expert_home_states_test.dart: home purchased, intake and preparation actions 320.0/1.0
00:00 +2: /Users/lute/project/momcozy-lab/app/test/modules/services/expert_home_states_test.dart: home purchased, intake and preparation actions 320.0/1.0
00:00 +3: /Users/lute/project/momcozy-lab/app/test/modules/services/service_design_test.dart: appointment detail at 320.0 / 1.0
00:00 +4: /Users/lute/project/momcozy-lab/app/test/modules/services/service_design_test.dart: appointment detail at 320.0 / 1.0
00:00 +5: /Users/lute/project/momcozy-lab/app/test/modules/services/expert_home_states_test.dart: home purchased, intake and preparation actions 390.0/1.0
00:00 +6: /Users/lute/project/momcozy-lab/app/test/modules/services/service_design_test.dart: service package at 320.0 / 1.0
00:00 +7: /Users/lute/project/momcozy-lab/app/test/modules/services/service_design_test.dart: service package at 320.0 / 1.0
00:00 +8: /Users/lute/project/momcozy-lab/app/test/modules/services/expert_home_states_test.dart: home purchased, intake and preparation actions 430.0/1.0
00:00 +9: /Users/lute/project/momcozy-lab/app/test/modules/services/expert_home_states_test.dart: home purchased, intake and preparation actions 430.0/1.0
00:00 +10: /Users/lute/project/momcozy-lab/app/test/modules/services/service_design_test.dart: catalog owned and pending actions at 320.0 / 1.0
00:01 +11: /Users/lute/project/momcozy-lab/app/test/modules/services/service_design_test.dart: catalog owned and pending actions at 320.0 / 1.0
00:01 +12: /Users/lute/project/momcozy-lab/app/test/modules/services/service_design_test.dart: service catalog at 320.0 / 1.0
00:01 +13: /Users/lute/project/momcozy-lab/app/test/modules/services/service_design_test.dart: active expert support at 320.0 / 1.0
00:01 +14: /Users/lute/project/momcozy-lab/app/test/modules/services/service_design_test.dart: home displays and opens confirmed appointment at 320.0 / 2.0
00:01 +15: /Users/lute/project/momcozy-lab/app/test/modules/services/service_design_test.dart: appointment detail at 320.0 / 2.0
00:01 +16: /Users/lute/project/momcozy-lab/app/test/modules/services/service_design_test.dart: service package at 320.0 / 2.0
00:01 +17: /Users/lute/project/momcozy-lab/app/test/modules/services/service_design_test.dart: service progress at 320.0 / 2.0
00:01 +18: /Users/lute/project/momcozy-lab/app/test/modules/services/service_design_test.dart: catalog owned and pending actions at 320.0 / 2.0
00:01 +19: /Users/lute/project/momcozy-lab/app/test/modules/services/service_design_test.dart: service catalog at 320.0 / 2.0
00:01 +20: /Users/lute/project/momcozy-lab/app/test/modules/services/service_design_test.dart: active expert support at 320.0 / 2.0
00:01 +21: /Users/lute/project/momcozy-lab/app/test/modules/services/service_design_test.dart: home displays and opens confirmed appointment at 390.0 / 1.0
00:01 +22: /Users/lute/project/momcozy-lab/app/test/modules/services/service_design_test.dart: appointment detail at 390.0 / 1.0
00:01 +23: /Users/lute/project/momcozy-lab/app/test/modules/services/service_design_test.dart: service package at 390.0 / 1.0
00:01 +24: /Users/lute/project/momcozy-lab/app/test/modules/services/service_design_test.dart: service progress at 390.0 / 1.0
00:01 +25: /Users/lute/project/momcozy-lab/app/test/modules/services/service_design_test.dart: catalog owned and pending actions at 390.0 / 1.0
00:01 +26: /Users/lute/project/momcozy-lab/app/test/modules/services/service_design_test.dart: service catalog at 390.0 / 1.0
00:01 +27: /Users/lute/project/momcozy-lab/app/test/modules/services/service_design_test.dart: active expert support at 390.0 / 1.0
00:01 +28: /Users/lute/project/momcozy-lab/app/test/modules/services/service_design_test.dart: home displays and opens confirmed appointment at 390.0 / 2.0
00:01 +29: /Users/lute/project/momcozy-lab/app/test/modules/services/service_design_test.dart: appointment detail at 390.0 / 2.0
00:01 +30: /Users/lute/project/momcozy-lab/app/test/modules/services/service_design_test.dart: service package at 390.0 / 2.0
00:01 +31: /Users/lute/project/momcozy-lab/app/test/modules/services/service_design_test.dart: service progress at 390.0 / 2.0
00:01 +32: /Users/lute/project/momcozy-lab/app/test/modules/services/service_design_test.dart: catalog owned and pending actions at 390.0 / 2.0
00:02 +33: /Users/lute/project/momcozy-lab/app/test/modules/services/service_design_test.dart: service catalog at 390.0 / 2.0
00:02 +34: /Users/lute/project/momcozy-lab/app/test/modules/services/service_design_test.dart: active expert support at 390.0 / 2.0
00:02 +35: /Users/lute/project/momcozy-lab/app/test/modules/services/service_design_test.dart: home displays and opens confirmed appointment at 430.0 / 1.0
00:02 +36: /Users/lute/project/momcozy-lab/app/test/modules/services/service_design_test.dart: appointment detail at 430.0 / 1.0
00:02 +37: /Users/lute/project/momcozy-lab/app/test/modules/services/service_design_test.dart: service package at 430.0 / 1.0
00:02 +38: /Users/lute/project/momcozy-lab/app/test/modules/services/service_design_test.dart: service progress at 430.0 / 1.0
00:02 +39: /Users/lute/project/momcozy-lab/app/test/modules/services/service_design_test.dart: catalog owned and pending actions at 430.0 / 1.0
00:02 +40: /Users/lute/project/momcozy-lab/app/test/modules/services/service_design_test.dart: service catalog at 430.0 / 1.0
00:02 +41: /Users/lute/project/momcozy-lab/app/test/modules/services/service_design_test.dart: active expert support at 430.0 / 1.0
00:02 +42: /Users/lute/project/momcozy-lab/app/test/modules/services/service_design_test.dart: home displays and opens confirmed appointment at 430.0 / 2.0
00:02 +43: /Users/lute/project/momcozy-lab/app/test/modules/services/service_design_test.dart: appointment detail at 430.0 / 2.0
00:02 +44: /Users/lute/project/momcozy-lab/app/test/modules/services/service_design_test.dart: service package at 430.0 / 2.0
00:02 +45: /Users/lute/project/momcozy-lab/app/test/modules/services/service_design_test.dart: service progress at 430.0 / 2.0
00:02 +46: /Users/lute/project/momcozy-lab/app/test/modules/services/service_design_test.dart: catalog owned and pending actions at 430.0 / 2.0
00:02 +47: /Users/lute/project/momcozy-lab/app/test/modules/services/service_design_test.dart: service catalog at 430.0 / 2.0
00:02 +48: /Users/lute/project/momcozy-lab/app/test/modules/services/service_design_test.dart: active expert support at 430.0 / 2.0
00:02 +49: /Users/lute/project/momcozy-lab/app/test/modules/services/service_design_test.dart: (tearDownAll)
00:02 +49: All tests passed!
