00:00 +0: loading /Users/lute/project/momcozy-lab/app/test/modules/schedule/schedule_inventory_journey_test.dart
00:00 +0: (setUpAll)
00:00 +0: inventory schedule current visible feedback gaps
══╡ EXCEPTION CAUGHT BY FLUTTER TEST FRAMEWORK ╞════════════════════════════════════════════════════
The following StateError was thrown running a test:
Bad state: No element

When the exception was thrown, this was the stack:
#0      Iterable.single (dart:core/iterable.dart:694:25)
#1      WidgetController.element (package:flutter_test/src/controller.dart:888:30)
#2      WidgetController.dragUntilVisible.<anonymous closure> (package:flutter_test/src/controller.dart:2482:38)
<asynchronous suspension>
#3      TestAsyncUtils.guard.<anonymous closure> (package:flutter_test/src/test_async_utils.dart:130:27)
<asynchronous suspension>
#4      WidgetController.scrollUntilVisible.<anonymous closure> (package:flutter_test/src/controller.dart:2439:7)
<asynchronous suspension>
#5      TestAsyncUtils.guard.<anonymous closure> (package:flutter_test/src/test_async_utils.dart:130:27)
<asynchronous suspension>
#6      main.tap (file:///Users/lute/project/momcozy-lab/app/test/modules/schedule/schedule_inventory_journey_test.dart:116:7)
<asynchronous suspension>
#7      main.<anonymous closure> (file:///Users/lute/project/momcozy-lab/app/test/modules/schedule/schedule_inventory_journey_test.dart:759:5)
<asynchronous suspension>
#8      testWidgets.<anonymous closure>.<anonymous closure> (package:flutter_test/src/widget_tester.dart:192:15)
<asynchronous suspension>
#9      TestWidgetsFlutterBinding._runTestBody (package:flutter_test/src/binding.dart:1952:5)
<asynchronous suspension>
<asynchronous suspension>
(elided one frame from package:stack_trace)

The test description was:
  inventory schedule current visible feedback gaps
════════════════════════════════════════════════════════════════════════════════════════════════════
00:01 +0 -1: inventory schedule current visible feedback gaps [E]
  Test failed. See exception logs above.
  The test description was: inventory schedule current visible feedback gaps
  
00:01 +0 -1: (tearDownAll)
00:01 +0 -1: Some tests failed.

Failing tests:
  /Users/lute/project/momcozy-lab/app/test/modules/schedule/schedule_inventory_journey_test.dart: inventory schedule current visible feedback gaps
