00:00 +0: loading /Users/lute/project/momcozy-lab/app/test/features/onboarding/configured_submission_inventory_test.dart
00:00 +0: (setUpAll)
00:00 +0: inventory configured invite submission pending
00:00 +1: inventory configured avatar upload and handoff
══╡ EXCEPTION CAUGHT BY FLUTTER TEST FRAMEWORK ╞════════════════════════════════════════════════════
The following assertion was thrown running a test:
pumpAndSettle timed out

When the exception was thrown, this was the stack:
#0      WidgetTester.pumpAndSettle.<anonymous closure> (package:flutter_test/src/widget_tester.dart:717:11)
<asynchronous suspension>
#1      TestAsyncUtils.guard.<anonymous closure> (package:flutter_test/src/test_async_utils.dart:130:27)
<asynchronous suspension>
#2      main.<anonymous closure> (file:///Users/lute/project/momcozy-lab/app/test/features/onboarding/configured_submission_inventory_test.dart:185:7)
<asynchronous suspension>
#3      testWidgets.<anonymous closure>.<anonymous closure> (package:flutter_test/src/widget_tester.dart:192:15)
<asynchronous suspension>
#4      TestWidgetsFlutterBinding._runTestBody (package:flutter_test/src/binding.dart:1952:5)
<asynchronous suspension>
<asynchronous suspension>
(elided one frame from package:stack_trace)

The test description was:
  inventory configured avatar upload and handoff
════════════════════════════════════════════════════════════════════════════════════════════════════
00:01 +1 -1: inventory configured avatar upload and handoff [E]
  Test failed. See exception logs above.
  The test description was: inventory configured avatar upload and handoff
  
00:01 +1 -1: (tearDownAll)
00:01 +1 -1: Some tests failed.

Failing tests:
  /Users/lute/project/momcozy-lab/app/test/features/onboarding/configured_submission_inventory_test.dart: inventory configured avatar upload and handoff
