00:00 +0: loading /Users/lute/project/momcozy-lab/app/test/features/auth/auth_followup_inventory_test.dart
00:00 +0: (setUpAll)
00:00 +0: auth registration and verification visible submit states
══╡ EXCEPTION CAUGHT BY FLUTTER TEST FRAMEWORK ╞════════════════════════════════════════════════════
The following TestFailure was thrown running a test:
Expected: null
  Actual: StateError:<Bad state: Run inventory without --update-goldens.>

When the exception was thrown, this was the stack:
#4      main.capture (file:///Users/lute/project/momcozy-lab/app/test/features/auth/auth_followup_inventory_test.dart:175:5)
#5      main.snap (file:///Users/lute/project/momcozy-lab/app/test/features/auth/auth_followup_inventory_test.dart:212:7)
#6      main.<anonymous closure> (file:///Users/lute/project/momcozy-lab/app/test/features/auth/auth_followup_inventory_test.dart:441:11)
<asynchronous suspension>
#7      testWidgets.<anonymous closure>.<anonymous closure> (package:flutter_test/src/widget_tester.dart:192:15)
<asynchronous suspension>
#8      TestWidgetsFlutterBinding._runTestBody (package:flutter_test/src/binding.dart:1952:5)
<asynchronous suspension>
<asynchronous suspension>
(elided one frame from package:stack_trace)

This was caught by the test expectation on the following line:
  file:///Users/lute/project/momcozy-lab/app/test/features/auth/auth_followup_inventory_test.dart line 175
The test description was:
  auth registration and verification visible submit states
════════════════════════════════════════════════════════════════════════════════════════════════════
00:00 +0 -1: auth registration and verification visible submit states [E]
  Test failed. See exception logs above.
  The test description was: auth registration and verification visible submit states
  
00:00 +0 -1: (tearDownAll)
00:00 +0 -1: Some tests failed.

Failing tests:
  /Users/lute/project/momcozy-lab/app/test/features/auth/auth_followup_inventory_test.dart: auth registration and verification visible submit states
