00:00 +0: loading /Users/lute/project/momcozy-lab/app/test/features/onboarding/configured_submission_inventory_test.dart
00:00 +0: (setUpAll)
00:00 +0: inventory configured invite submission pending
00:00 +1: inventory configured avatar upload and handoff
══╡ EXCEPTION CAUGHT BY FLUTTER TEST FRAMEWORK ╞════════════════════════════════════════════════════
The following assertion was thrown running a test:
The finder "Found 0 widgets with text "Choose from photos": []" (used in a call to "tap()") could
not find any matching widgets.

When the exception was thrown, this was the stack:
#0      WidgetController._getElementPoint (package:flutter_test/src/controller.dart:2095:7)
#1      WidgetController.getCenter (package:flutter_test/src/controller.dart:1947:12)
#2      WidgetController.tap (package:flutter_test/src/controller.dart:1080:7)
#3      main.<anonymous closure> (file:///Users/lute/project/momcozy-lab/app/test/features/onboarding/configured_submission_inventory_test.dart:172:20)
<asynchronous suspension>
#4      testWidgets.<anonymous closure>.<anonymous closure> (package:flutter_test/src/widget_tester.dart:192:15)
<asynchronous suspension>
#5      TestWidgetsFlutterBinding._runTestBody (package:flutter_test/src/binding.dart:1952:5)
<asynchronous suspension>
<asynchronous suspension>
(elided one frame from package:stack_trace)

The test description was:
  inventory configured avatar upload and handoff
════════════════════════════════════════════════════════════════════════════════════════════════════
00:00 +1 -1: inventory configured avatar upload and handoff [E]
  Test failed. See exception logs above.
  The test description was: inventory configured avatar upload and handoff
  
00:00 +1 -1: (tearDownAll)
00:00 +1 -1: Some tests failed.

Failing tests:
  /Users/lute/project/momcozy-lab/app/test/features/onboarding/configured_submission_inventory_test.dart: inventory configured avatar upload and handoff
