00:00 +0: loading /Users/lute/project/momcozy-lab/app/test/modules/baby/baby_inventory_journey_test.dart
00:00 +0: /Users/lute/project/momcozy-lab/app/test/modules/schedule/personal_schedule_editor_test.dart: (setUpAll)
00:00 +1: /Users/lute/project/momcozy-lab/app/test/modules/schedule/personal_schedule_editor_test.dart: (setUpAll)
00:00 +2: /Users/lute/project/momcozy-lab/app/test/modules/schedule/personal_schedule_editor_test.dart: (setUpAll)
00:00 +2: /Users/lute/project/momcozy-lab/app/test/modules/schedule/personal_schedule_editor_test.dart: personal schedule create edit delete at 320.0/1.0
00:00 +3: /Users/lute/project/momcozy-lab/app/test/modules/schedule/personal_schedule_editor_test.dart: personal schedule create edit delete at 320.0/1.0
00:00 +4: /Users/lute/project/momcozy-lab/app/test/modules/schedule/personal_schedule_editor_test.dart: personal schedule create edit delete at 320.0/1.0
00:00 +5: /Users/lute/project/momcozy-lab/app/test/modules/schedule/personal_schedule_editor_test.dart: personal schedule create edit delete at 320.0/1.0
00:01 +6: /Users/lute/project/momcozy-lab/app/test/modules/schedule/personal_schedule_editor_test.dart: personal schedule create edit delete at 320.0/1.0
00:01 +7: /Users/lute/project/momcozy-lab/app/test/modules/schedule/personal_schedule_editor_test.dart: personal schedule create edit delete at 320.0/1.0
00:01 +8: /Users/lute/project/momcozy-lab/app/test/modules/schedule/personal_schedule_editor_test.dart: personal schedule create edit delete at 320.0/1.0
00:01 +9: /Users/lute/project/momcozy-lab/app/test/modules/schedule/personal_schedule_editor_test.dart: personal schedule create edit delete at 320.0/1.0
00:01 +10: /Users/lute/project/momcozy-lab/app/test/modules/schedule/schedule_inventory_journey_test.dart: inventory schedule calendar create edit delete
00:01 +11: /Users/lute/project/momcozy-lab/app/test/modules/schedule/schedule_inventory_journey_test.dart: inventory schedule calendar create edit delete
00:01 +12: /Users/lute/project/momcozy-lab/app/test/modules/schedule/schedule_inventory_journey_test.dart: inventory schedule calendar create edit delete
00:01 +13: /Users/lute/project/momcozy-lab/app/test/modules/schedule/schedule_inventory_journey_test.dart: inventory schedule calendar create edit delete
00:01 +14: /Users/lute/project/momcozy-lab/app/test/modules/schedule/schedule_inventory_journey_test.dart: inventory schedule calendar create edit delete
00:01 +15: /Users/lute/project/momcozy-lab/app/test/modules/schedule/schedule_inventory_journey_test.dart: inventory schedule calendar create edit delete
00:01 +16: /Users/lute/project/momcozy-lab/app/test/modules/schedule/schedule_inventory_journey_test.dart: inventory schedule calendar create edit delete
00:01 +17: /Users/lute/project/momcozy-lab/app/test/modules/schedule/schedule_inventory_journey_test.dart: inventory schedule calendar create edit delete
00:01 +18: /Users/lute/project/momcozy-lab/app/test/modules/schedule/schedule_inventory_journey_test.dart: inventory schedule calendar create edit delete
00:01 +19: /Users/lute/project/momcozy-lab/app/test/modules/schedule/schedule_inventory_journey_test.dart: inventory schedule calendar create edit delete
00:01 +20: /Users/lute/project/momcozy-lab/app/test/modules/schedule/schedule_inventory_journey_test.dart: inventory schedule calendar create edit delete
00:01 +21: /Users/lute/project/momcozy-lab/app/test/modules/schedule/schedule_inventory_journey_test.dart: inventory schedule calendar create edit delete
00:02 +22: /Users/lute/project/momcozy-lab/app/test/modules/schedule/schedule_inventory_journey_test.dart: inventory schedule calendar create edit delete
00:02 +23: /Users/lute/project/momcozy-lab/app/test/modules/baby/baby_inventory_journey_test.dart: inventory Baby feeding save edit delete restore and history filters
00:02 +24: /Users/lute/project/momcozy-lab/app/test/modules/baby/baby_inventory_journey_test.dart: inventory Baby feeding save edit delete restore and history filters
00:02 +25: /Users/lute/project/momcozy-lab/app/test/modules/baby/baby_inventory_journey_test.dart: inventory Baby feeding save edit delete restore and history filters
00:02 +26: /Users/lute/project/momcozy-lab/app/test/modules/baby/baby_inventory_journey_test.dart: inventory Baby feeding save edit delete restore and history filters
00:02 +27: /Users/lute/project/momcozy-lab/app/test/modules/baby/baby_inventory_journey_test.dart: inventory Baby feeding save edit delete restore and history filters
00:02 +28: /Users/lute/project/momcozy-lab/app/test/modules/baby/baby_inventory_journey_test.dart: inventory Baby feeding save edit delete restore and history filters
00:02 +29: /Users/lute/project/momcozy-lab/app/test/modules/baby/baby_inventory_journey_test.dart: inventory Baby feeding save edit delete restore and history filters
00:02 +30: /Users/lute/project/momcozy-lab/app/test/modules/schedule/schedule_inventory_journey_test.dart: inventory schedule discard and save retry
00:02 +31: /Users/lute/project/momcozy-lab/app/test/modules/schedule/schedule_inventory_journey_test.dart: inventory schedule discard and save retry
00:02 +32: /Users/lute/project/momcozy-lab/app/test/modules/schedule/schedule_inventory_journey_test.dart: inventory schedule discard and save retry
00:02 +33: /Users/lute/project/momcozy-lab/app/test/modules/schedule/schedule_inventory_journey_test.dart: inventory schedule discard and save retry
00:02 +34: /Users/lute/project/momcozy-lab/app/test/modules/baby/baby_inventory_journey_test.dart: inventory Baby profile switch editing and discard
00:02 +35: /Users/lute/project/momcozy-lab/app/test/modules/baby/baby_inventory_journey_test.dart: inventory Baby profile switch editing and discard
00:02 +36: /Users/lute/project/momcozy-lab/app/test/modules/schedule/schedule_inventory_journey_test.dart: inventory schedule read and delete failure recovery
00:02 +37: /Users/lute/project/momcozy-lab/app/test/modules/schedule/personal_schedule_editor_test.dart: personal schedule create edit delete at 430.0/2.0
00:03 +38: /Users/lute/project/momcozy-lab/app/test/modules/schedule/personal_schedule_editor_test.dart: personal schedule create edit delete at 430.0/2.0
00:03 +39: /Users/lute/project/momcozy-lab/app/test/modules/baby/baby_inventory_journey_test.dart: inventory Baby sleep stool knowledge and growth interactions
00:03 +40: /Users/lute/project/momcozy-lab/app/test/modules/baby/baby_inventory_journey_test.dart: inventory Baby sleep stool knowledge and growth interactions
00:03 +41: /Users/lute/project/momcozy-lab/app/test/modules/baby/baby_inventory_journey_test.dart: inventory Baby sleep stool knowledge and growth interactions
00:03 +42: /Users/lute/project/momcozy-lab/app/test/modules/baby/baby_inventory_journey_test.dart: inventory Baby sleep stool knowledge and growth interactions
00:03 +43: /Users/lute/project/momcozy-lab/app/test/modules/baby/baby_inventory_journey_test.dart: inventory Baby sleep stool knowledge and growth interactions
00:04 +44: /Users/lute/project/momcozy-lab/app/test/modules/schedule/schedule_inventory_journey_test.dart: inventory schedule picker cancel and task menu route
00:04 +45: /Users/lute/project/momcozy-lab/app/test/modules/baby/baby_inventory_journey_test.dart: inventory Baby no profile creation and missing demographic data
00:04 +46: /Users/lute/project/momcozy-lab/app/test/modules/schedule/schedule_inventory_journey_test.dart: inventory schedule picker validation and changed time 1.0
00:04 +47: /Users/lute/project/momcozy-lab/app/test/modules/schedule/schedule_inventory_journey_test.dart: inventory schedule picker validation and changed time 1.0
00:04 +48: /Users/lute/project/momcozy-lab/app/test/modules/baby/baby_inventory_journey_test.dart: inventory Baby loading and pending save states
00:04 +49: /Users/lute/project/momcozy-lab/app/test/modules/schedule/schedule_inventory_journey_test.dart: inventory schedule picker validation and changed time 2.0
00:04 +50: /Users/lute/project/momcozy-lab/app/test/modules/baby/baby_inventory_journey_test.dart: inventory Baby growth batch date validation and undo recovery
00:05 +51: /Users/lute/project/momcozy-lab/app/test/modules/baby/baby_inventory_journey_test.dart: inventory Baby growth batch date validation and undo recovery
00:05 +52: /Users/lute/project/momcozy-lab/app/test/modules/schedule/schedule_inventory_journey_test.dart: inventory schedule task pending and personal conflict reconciliation
00:05 +53: /Users/lute/project/momcozy-lab/app/test/modules/baby/baby_inventory_journey_test.dart: inventory Baby history mutation failures privacy and return
00:05 +54: /Users/lute/project/momcozy-lab/app/test/modules/schedule/schedule_inventory_journey_test.dart: inventory schedule confirmed appointment entry and return
00:05 +55: /Users/lute/project/momcozy-lab/app/test/modules/baby/baby_inventory_journey_test.dart: inventory Baby history pagination loading failure recovery
00:05 +56: /Users/lute/project/momcozy-lab/app/test/modules/schedule/schedule_inventory_journey_test.dart: inventory schedule first page limit has no continuation control
00:06 +57: /Users/lute/project/momcozy-lab/app/test/modules/schedule/schedule_inventory_journey_test.dart: inventory schedule appointment held entry
00:06 +58: /Users/lute/project/momcozy-lab/app/test/modules/schedule/schedule_inventory_journey_test.dart: inventory schedule appointment cancelled entry
00:06 +59: /Users/lute/project/momcozy-lab/app/test/modules/schedule/schedule_inventory_journey_test.dart: inventory schedule appointment expired entry
00:06 +60: /Users/lute/project/momcozy-lab/app/test/modules/schedule/schedule_inventory_journey_test.dart: (tearDownAll)
00:06 +60: All tests passed!
