00:00 +0: loading /Users/lute/project/momcozy-lab/app/integration_test/agent_resource_inventory_test.dart
Running Gradle task 'assembleLocalDebug'...                     
WARNING: Your Android app project: app located at: /Users/lute/project/momcozy-lab/app/android/app/build.gradle.kts
applies the Kotlin Gradle Plugin, which will cause build failures in future versions of Flutter. 
Please migrate your app to Built-in Kotlin using this guide: https://docs.flutter.dev/release/breaking-changes/migrate-to-built-in-kotlin/for-app-developers

WARNING: Your app uses the following plugins that apply Kotlin Gradle Plugin (KGP): firebase_core, flutter_timezone, flutter_webrtc, livekit_client
Future versions of Flutter will fail to build if your app uses plugins that apply KGP.

Please check the changelogs of these plugins and upgrade to a version that supports Built-in Kotlin.
If no such version exists, report the issue to the plugin. If necessary, here is a guide on filing 
an issue against a plugin: https://docs.flutter.dev/release/breaking-changes/migrate-to-built-in-kotlin/for-app-developers#report-incompatible-kotlin-gradle-plugin-usage-to-plugin-authors

If you are a plugin author, please migrate your plugin to Built-in Kotlin using this guide: https://docs.flutter.dev/release/breaking-changes/migrate-to-built-in-kotlin/for-plugin-authors
Running Gradle task 'assembleLocalDebug'...                        18.6s
✓ Built build/app/outputs/flutter-apk/app-local-debug.apk
Installing build/app/outputs/flutter-apk/app-local-debug.apk...        528ms
00:00 +0: native Agent resource cards, PDF, image, video and renewal routes
══╡ EXCEPTION CAUGHT BY FLUTTER TEST FRAMEWORK ╞════════════════════════════════════════════════════
The following TestFailure was thrown running a test:
Expected: an object with length of <1>
  Actual: []
   Which: has length of <0>

When the exception was thrown, this was the stack:
#4      main.<anonymous closure> (file:///Users/lute/project/momcozy-lab/app/integration_test/agent_resource_inventory_test.dart:113:7)
<asynchronous suspension>
#5      testWidgets.<anonymous closure>.<anonymous closure> (package:flutter_test/src/widget_tester.dart:192:15)
<asynchronous suspension>
#6      TestWidgetsFlutterBinding._runTestBody (package:flutter_test/src/binding.dart:1952:5)
<asynchronous suspension>
<asynchronous suspension>
(elided one frame from package:stack_trace)

This was caught by the test expectation on the following line:
  file:///Users/lute/project/momcozy-lab/app/integration_test/agent_resource_inventory_test.dart line 113
The test description was:
  native Agent resource cards, PDF, image, video and renewal routes
════════════════════════════════════════════════════════════════════════════════════════════════════
00:01 +0 -1: native Agent resource cards, PDF, image, video and renewal routes [E]
  Test failed. See exception logs above.
  The test description was: native Agent resource cards, PDF, image, video and renewal routes
  
01:54 +0 -1: (tearDownAll)
01:54 +0 -1: (tearDownAll) - did not complete [E]
01:54 +0 -1: Some tests failed.

Failing tests:
  /Users/lute/project/momcozy-lab/app/integration_test/agent_resource_inventory_test.dart: (tearDownAll) (did not complete)
  /Users/lute/project/momcozy-lab/app/integration_test/agent_resource_inventory_test.dart: native Agent resource cards, PDF, image, video and renewal routes
unhandled error during finalization of test:
/Users/lute/project/momcozy-lab/app/integration_test/agent_resource_inventory_test.dart
PathNotFoundException: Deletion failed, path = '/var/folders/jd/3v39jpsj3hjc8zq8h8kfj07m0000gn/T/flutter_tools.GiBkKo/flutter_test_listener.7sfpMd' (OS Error: No such file or directory, errno = 2)
#0      _Directory._deleteSync (dart:io/directory_impl.dart:216:7)
#1      FileSystemEntity.deleteSync (dart:io/file_system_entity.dart:425:7)
#2      ForwardingFileSystemEntity.deleteSync (package:file/src/forwarding/forwarding_file_system_entity.dart:70:16)
#3      ErrorHandlingDirectory.deleteSync.<anonymous closure> (package:flutter_tools/src/base/error_handling_io.dart:715:22)
#4      _runSync (package:flutter_tools/src/base/error_handling_io.dart:1116:16)
#5      ErrorHandlingDirectory.deleteSync (package:flutter_tools/src/base/error_handling_io.dart:714:12)
#6      FlutterPlatform._createListenerDart.<anonymous closure> (package:flutter_tools/src/test/flutter_platform.dart:787:15)
#7      FlutterPlatform._startTest.finalize (package:flutter_tools/src/test/flutter_platform.dart:592:26)
<asynchronous suspension>
#8      asyncGuard.<anonymous closure> (package:flutter_tools/src/base/async_guard.dart:108:24)
<asynchronous suspension>

