00:00 +0: loading /Users/lute/project/momcozy-lab/app/integration_test/notification_native_permission_test.dart
Running Gradle task 'assembleLocalDebug'...                     
WARNING: Your Android app project: app located at: /Users/lute/project/momcozy-lab/app/android/app/build.gradle.kts
applies the Kotlin Gradle Plugin, which will cause build failures in future versions of Flutter. 
Please migrate your app to Built-in Kotlin using this guide: https://docs.flutter.dev/release/breaking-changes/migrate-to-built-in-kotlin/for-app-developers

WARNING: Your app uses the following plugins that apply Kotlin Gradle Plugin (KGP): firebase_core, flutter_timezone, flutter_webrtc, livekit_client
Future versions of Flutter will fail to build if your app uses plugins that apply KGP.

Please check the changelogs of these plugins and upgrade to a version that supports Built-in Kotlin.
If no such version exists, report the issue to the plugin. If necessary, here is a guide on filing 
an issue against a plugin: https://docs.flutter.dev/release/breaking-changes/migrate-to-built-in-kotlin/for-app-developers#report-incompatible-kotlin-gradle-plugin-usage-to-plugin-authors

If you are a plugin author, please migrate your plugin to Built-in Kotlin using this guide: https://docs.flutter.dev/release/breaking-changes/migrate-to-built-in-kotlin/for-plugin-authors
Running Gradle task 'assembleLocalDebug'...                        15.5s
✓ Built build/app/outputs/flutter-apk/app-local-debug.apk
Installing build/app/outputs/flutter-apk/app-local-debug.apk...        493ms
00:00 +0: native notification deny and system settings return
══╡ EXCEPTION CAUGHT BY FLUTTER TEST FRAMEWORK ╞════════════════════════════════════════════════════
The following assertion was thrown running a test:
The finder "Found 0 widgets with widget matching predicate: []" (used in a call to "tap()") could
not find any matching widgets.

When the exception was thrown, this was the stack:
#0      WidgetController._getElementPoint (package:flutter_test/src/controller.dart:2095:7)
#1      WidgetController.getCenter (package:flutter_test/src/controller.dart:1947:12)
#2      WidgetController.tap (package:flutter_test/src/controller.dart:1080:7)
#3      main.<anonymous closure> (file:///Users/lute/project/momcozy-lab/app/integration_test/notification_native_permission_test.dart:251:20)
<asynchronous suspension>
#4      testWidgets.<anonymous closure>.<anonymous closure> (package:flutter_test/src/widget_tester.dart:192:15)
<asynchronous suspension>
#5      TestWidgetsFlutterBinding._runTestBody (package:flutter_test/src/binding.dart:1952:5)
<asynchronous suspension>
<asynchronous suspension>
(elided one frame from package:stack_trace)

The test description was:
  native notification deny and system settings return
════════════════════════════════════════════════════════════════════════════════════════════════════
00:24 +0 -1: native notification deny and system settings return [E]
  Test failed. See exception logs above.
  The test description was: native notification deny and system settings return
  
00:24 +0 -1: (tearDownAll)
00:24 +0 -1: Some tests failed.

Failing tests:
  /Users/lute/project/momcozy-lab/app/integration_test/notification_native_permission_test.dart: native notification deny and system settings return
