00:00 +0: loading /Users/lute/project/momcozy-lab/app/integration_test/consultation_native_device_test.dart
Running Gradle task 'assembleLocalDebug'...                     
WARNING: Your Android app project: app located at: /Users/lute/project/momcozy-lab/app/android/app/build.gradle.kts
applies the Kotlin Gradle Plugin, which will cause build failures in future versions of Flutter. 
Please migrate your app to Built-in Kotlin using this guide: https://docs.flutter.dev/release/breaking-changes/migrate-to-built-in-kotlin/for-app-developers

WARNING: Your app uses the following plugins that apply Kotlin Gradle Plugin (KGP): firebase_core, flutter_timezone, flutter_webrtc, livekit_client
Future versions of Flutter will fail to build if your app uses plugins that apply KGP.

Please check the changelogs of these plugins and upgrade to a version that supports Built-in Kotlin.
If no such version exists, report the issue to the plugin. If necessary, here is a guide on filing 
an issue against a plugin: https://docs.flutter.dev/release/breaking-changes/migrate-to-built-in-kotlin/for-app-developers#report-incompatible-kotlin-gradle-plugin-usage-to-plugin-authors

If you are a plugin author, please migrate your plugin to Built-in Kotlin using this guide: https://docs.flutter.dev/release/breaking-changes/migrate-to-built-in-kotlin/for-plugin-authors
Running Gradle task 'assembleLocalDebug'...                        14.9s
✓ Built build/app/outputs/flutter-apk/app-local-debug.apk
Installing build/app/outputs/flutter-apk/app-local-debug.apk...        629ms
00:00 +0: native consultation camera microphone deny retry allow
══╡ EXCEPTION CAUGHT BY FLUTTER TEST FRAMEWORK ╞════════════════════════════════════════════════════
The following StateError was thrown running a test:
Bad state: No element

When the exception was thrown, this was the stack:
#0      Iterable.single (dart:core/iterable.dart:694:25)
#1      WidgetController.element (package:flutter_test/src/controller.dart:888:30)
#2      WidgetController.dragUntilVisible.<anonymous closure> (package:flutter_test/src/controller.dart:2482:38)
<asynchronous suspension>
#3      TestAsyncUtils.guard.<anonymous closure> (package:flutter_test/src/test_async_utils.dart:130:27)
<asynchronous suspension>
#4      WidgetController.scrollUntilVisible.<anonymous closure> (package:flutter_test/src/controller.dart:2439:7)
<asynchronous suspension>
#5      TestAsyncUtils.guard.<anonymous closure> (package:flutter_test/src/test_async_utils.dart:130:27)
<asynchronous suspension>
#6      main.<anonymous closure>.tap (file:///Users/lute/project/momcozy-lab/app/integration_test/consultation_native_device_test.dart:118:9)
<asynchronous suspension>
#7      main.<anonymous closure> (file:///Users/lute/project/momcozy-lab/app/integration_test/consultation_native_device_test.dart:166:5)
<asynchronous suspension>
#8      testWidgets.<anonymous closure>.<anonymous closure> (package:flutter_test/src/widget_tester.dart:192:15)
<asynchronous suspension>
#9      TestWidgetsFlutterBinding._runTestBody (package:flutter_test/src/binding.dart:1952:5)
<asynchronous suspension>
<asynchronous suspension>
(elided one frame from package:stack_trace)

The test description was:
  native consultation camera microphone deny retry allow
════════════════════════════════════════════════════════════════════════════════════════════════════
00:07 +0 -1: native consultation camera microphone deny retry allow [E]
  Test failed. See exception logs above.
  The test description was: native consultation camera microphone deny retry allow
  
00:07 +0 -1: (tearDownAll)
00:07 +0 -1: Some tests failed.

Failing tests:
  /Users/lute/project/momcozy-lab/app/integration_test/consultation_native_device_test.dart: native consultation camera microphone deny retry allow
