00:00 +0: loading /Users/lute/project/momcozy-lab/app/integration_test/media_viewer_pdf_test.dart
Running Gradle task 'assembleLocalDebug'...                     
WARNING: Your Android app project: app located at: /Users/lute/project/momcozy-lab/app/android/app/build.gradle.kts
applies the Kotlin Gradle Plugin, which will cause build failures in future versions of Flutter. 
Please migrate your app to Built-in Kotlin using this guide: https://docs.flutter.dev/release/breaking-changes/migrate-to-built-in-kotlin/for-app-developers

WARNING: Your app uses the following plugins that apply Kotlin Gradle Plugin (KGP): firebase_core, flutter_timezone, flutter_webrtc, livekit_client
Future versions of Flutter will fail to build if your app uses plugins that apply KGP.

Please check the changelogs of these plugins and upgrade to a version that supports Built-in Kotlin.
If no such version exists, report the issue to the plugin. If necessary, here is a guide on filing 
an issue against a plugin: https://docs.flutter.dev/release/breaking-changes/migrate-to-built-in-kotlin/for-app-developers#report-incompatible-kotlin-gradle-plugin-usage-to-plugin-authors

If you are a plugin author, please migrate your plugin to Built-in Kotlin using this guide: https://docs.flutter.dev/release/breaking-changes/migrate-to-built-in-kotlin/for-plugin-authors
Running Gradle task 'assembleLocalDebug'...                        14.5s
✓ Built build/app/outputs/flutter-apk/app-local-debug.apk
Installing build/app/outputs/flutter-apk/app-local-debug.apk...        463ms
00:00 +0: renders and navigates a two-page authenticated PDF
⚠️[37;41;1mDEBUG TIME WARNING: The app is bundling PDFium WASM module (about 4MB) as a part of the app.[0m
[91mFor production use (not for Web/Debug), you'd better remove the PDFium WASM module.[0m
[91mSee https://github.com/espresso3389/pdfrx/tree/master/packages/pdfrx#note-for-building-release-builds for more details.[0m

⚠️[37;41;1mDEBUG TIME WARNING: The app is bundling PDFium WASM module (about 4MB) as a part of the app.[0m
[91mFor production use (not for Web/Debug), you'd better remove the PDFium WASM module.[0m
[91mSee https://github.com/espresso3389/pdfrx/tree/master/packages/pdfrx#note-for-building-release-builds for more details.[0m

PdfDocument initial load: PdfDocumentRefKey(asset-pdf) (84 ms)
PdfViewer: Loaded page 2 of 2 in 2 ms
00:05 +1: (tearDownAll)
00:05 +1: All tests passed!
