00:00 +0: loading /Users/lute/project/momcozy-lab/app/integration_test/notification_native_permission_test.dart
Running Gradle task 'assembleLocalDebug'...                     
WARNING: Your Android app project: app located at: /Users/lute/project/momcozy-lab/app/android/app/build.gradle.kts
applies the Kotlin Gradle Plugin, which will cause build failures in future versions of Flutter. 
Please migrate your app to Built-in Kotlin using this guide: https://docs.flutter.dev/release/breaking-changes/migrate-to-built-in-kotlin/for-app-developers

WARNING: Your app uses the following plugins that apply Kotlin Gradle Plugin (KGP): firebase_core, flutter_timezone, flutter_webrtc, livekit_client
Future versions of Flutter will fail to build if your app uses plugins that apply KGP.

Please check the changelogs of these plugins and upgrade to a version that supports Built-in Kotlin.
If no such version exists, report the issue to the plugin. If necessary, here is a guide on filing 
an issue against a plugin: https://docs.flutter.dev/release/breaking-changes/migrate-to-built-in-kotlin/for-app-developers#report-incompatible-kotlin-gradle-plugin-usage-to-plugin-authors

If you are a plugin author, please migrate your plugin to Built-in Kotlin using this guide: https://docs.flutter.dev/release/breaking-changes/migrate-to-built-in-kotlin/for-plugin-authors
Running Gradle task 'assembleLocalDebug'...                        15.5s
✓ Built build/app/outputs/flutter-apk/app-local-debug.apk
Installing build/app/outputs/flutter-apk/app-local-debug.apk...        438ms
00:00 +0: native notification deny and system settings return
00:23 +0 -1: loading /Users/lute/project/momcozy-lab/app/integration_test/notification_native_permission_test.dart [E]
  Bad state: Cannot close sink while adding stream.
  package:stream_channel/src/guarantee_channel.dart 180:7      _GuaranteeSink.close
  package:flutter_tools/src/test/flutter_platform.dart 766:43  FlutterPlatform._startTest
  
One or more uncaught errors occurred shutting down:
  Bad state: Cannot add event while adding stream.
00:23 +0 -1: native notification deny and system settings return - did not complete [E]
00:23 +0 -1: (tearDownAll) - did not complete [E]
00:23 +0 -1: Some tests failed.

Failing tests:
  /Users/lute/project/momcozy-lab/app/integration_test/notification_native_permission_test.dart: (tearDownAll) (did not complete)
  /Users/lute/project/momcozy-lab/app/integration_test/notification_native_permission_test.dart: loading /Users/lute/project/momcozy-lab/app/integration_test/notification_native_permission_test.dart
  /Users/lute/project/momcozy-lab/app/integration_test/notification_native_permission_test.dart: native notification deny and system settings return (did not complete)
