Analyzing app...                                                
No issues found! (ran in 2.9s)

Unhandled exception:
SocketException: Connection attempt cancelled, host: www.google-analytics.com, port: 443
#0      _NativeSocket.startConnect (dart:io-patch/socket_patch.dart:817:35)
#1      _RawSocket.startConnect (dart:io-patch/socket_patch.dart:2281:26)
#2      RawSocket.startConnect (dart:io-patch/socket_patch.dart:41:23)
#3      RawSecureSocket.startConnect (dart:io/secure_socket.dart:334:22)
#4      SecureSocket.startConnect (dart:io/secure_socket.dart:85:28)
#5      _ConnectionTarget.connect (dart:_http/http_impl.dart:2692:26)
#6      _HttpClient._getConnection.connect (dart:_http/http_impl.dart:3197:12)
#7      _HttpClient._getConnection (dart:_http/http_impl.dart:3202:12)
#8      _HttpClient._openUrl (dart:_http/http_impl.dart:3021:12)
#9      _HttpClient.openUrl (dart:_http/http_impl.dart:2863:7)
#10     IOClient.send (package:http/src/io_client.dart:114:38)
#11     BaseClient._sendUnstreamed (package:http/src/base_client.dart:93:38)
#12     BaseClient.post (package:http/src/base_client.dart:32:7)
#13     GAClient.sendData (package:unified_analytics/src/ga_client.dart:65:28)
#14     AnalyticsImpl.send (package:unified_analytics/src/analytics.dart:629:38)
#15     _handleToolErrorImpl (package:flutter_tools/runner.dart:246:23)
#16     _handleToolError (package:flutter_tools/runner.dart:173:40)
#17     run.<anonymous closure>.<anonymous closure> (package:flutter_tools/runner.dart:139:15)
#18     _rootRunBinary (dart:async/zone_root.dart:70:47)
#19     _CustomZone.runBinary (dart:async/zone.dart:740:19)
#20     runZonedGuarded.<anonymous closure> (dart:async/zone_api.dart:134:22)
#21     _Zone._processUncaughtError (dart:async/zone.dart:482:14)
#22     _CustomZone.handleUncaughtError (dart:async/zone.dart:703:5)
#23     Future._propagateToListeners (dart:async/future_impl.dart:848:24)
#24     Future._completeErrorObject (dart:async/future_impl.dart:738:5)
#25     Future._asyncCompleteErrorObject.<anonymous closure> (dart:async/future_impl.dart:832:7)
#26     _rootRun (dart:async/zone_root.dart:35:13)
#27     _CustomZone.run (dart:async/zone.dart:726:19)
#28     _CustomZone.runGuarded (dart:async/zone.dart:625:7)
#29     _CustomZone.bindCallbackGuarded.<anonymous closure> (dart:async/zone.dart:666:23)
#30     _microtaskLoop (dart:async/schedule_microtask.dart:40:35)
#31     _startMicrotaskLoop (dart:async/schedule_microtask.dart:49:5)
#32     _runPendingImmediateCallback (dart:isolate-patch/isolate_patch.dart:127:13)
#33     _RawReceivePort._handleMessage (dart:isolate-patch/isolate_patch.dart:193:5)
