Resolving dependencies...
Downloading packages...
  archive 4.0.9 (4.2.0 available)
  clock 1.1.2 (1.1.3 available)
  code_assets 1.2.1 (2.0.0 available)
  cross_file 0.3.5+4 (0.3.5+5 available)
  dart_webrtc 1.8.1 (1.8.2 available)
  file_selector_android 0.5.2+8 (0.5.2+10 available)
  file_selector_ios 0.5.3+5 (0.5.3+6 available)
  file_selector_linux 0.9.4 (0.9.4+1 available)
  file_selector_macos 0.9.5 (0.9.5+1 available)
  file_selector_windows 0.9.3+5 (0.9.3+6 available)
  flutter_markdown_plus 1.0.11 (1.0.12 available)
  flutter_secure_storage 10.3.1 (11.1.0 available)
  flutter_secure_storage_darwin 0.3.2 (0.4.1 available)
  flutter_secure_storage_linux 3.0.1 (3.0.2 available)
  flutter_secure_storage_platform_interface 2.0.1 (2.1.0 available)
  flutter_webrtc 1.6.0 (1.6.2+hotfix.1 available)
  go_router 17.3.0 (18.0.1 available)
  hooks 2.0.2 (2.2.0 available)
  html 0.15.6 (0.15.7 available)
  image 4.9.1 (4.9.2 available)
  image_picker_android 0.8.13+19 (0.8.13+22 available)
  image_picker_ios 0.8.13+6 (0.8.13+7 available)
  intl 0.20.2 (0.20.3 available)
  jni 1.0.0 (1.0.3 available)
  jni_flutter 1.0.1 (1.0.3 available)
  logger 2.7.0 (2.8.0 available)
  matcher 0.12.19 (0.12.20 available)
  material_color_utilities 0.13.0 (0.13.1 available)
  meta 1.18.0 (1.19.0 available)
  mime 2.0.0 (2.1.0 available)
  objective_c 9.4.1 (9.6.0 available)
  package_config 2.2.0 (3.0.0 available)
  pdfium_dart 0.1.3 (0.3.0 available)
  pdfium_flutter 0.1.9 (0.3.0 available)
  pdfrx 2.2.24 (2.6.1 available)
  pdfrx_engine 0.3.9 (0.6.0 available)
  platform 3.1.6 (3.2.0 available)
  posix 6.5.0 (6.5.2 available)
  process 5.0.5 (5.0.6 available)
  pub_semver 2.2.0 (2.2.1 available)
  record_use 0.6.0 (1.1.1 available)
  share_plus 13.2.0 (13.3.0 available)
  share_plus_platform_interface 7.1.0 (7.2.0 available)
  stack_trace 1.12.1 (1.12.2 available)
  synchronized 3.4.1 (3.4.2 available)
  test_api 0.7.11 (0.7.14 available)
  url_launcher_android 6.3.32 (6.3.33 available)
  url_launcher_ios 6.4.1 (6.4.2 available)
  url_launcher_linux 3.2.2 (3.2.3 available)
  url_launcher_macos 3.2.5 (3.2.6 available)
  url_launcher_windows 3.1.5 (3.1.6 available)
  uuid 4.5.3 (4.6.0 available)
  vector_math 2.2.0 (2.4.2 available)
  video_player 2.11.1 (2.14.0 available)
  video_player_android 2.10.0 (2.12.2 available)
  video_player_avfoundation 2.10.0 (2.12.0 available)
  vm_service 15.2.0 (15.3.0 available)
  webdriver 3.1.0 (3.2.0 available)
  win32 6.3.0 (6.4.0 available)
  yaml 3.1.3 (3.1.4 available)
Got dependencies!
60 packages have newer versions incompatible with dependency constraints.
Try `flutter pub outdated` for more information.
00:00 +0: loading /Users/lute/project/momcozy-lab/app/test/modules/baby/baby_switcher_design_test.dart
00:00 +0: /Users/lute/project/momcozy-lab/app/test/modules/baby/baby_growth_empty_state_test.dart: (setUpAll)
00:00 +0: /Users/lute/project/momcozy-lab/app/test/modules/baby/baby_growth_empty_state_test.dart: missing birth growth profile at 320.0/1.0 is actionable without fabricated reference
00:00 +1: /Users/lute/project/momcozy-lab/app/test/modules/baby/baby_growth_empty_state_test.dart: missing birth growth profile at 320.0/1.0 is actionable without fabricated reference
00:00 +2: /Users/lute/project/momcozy-lab/app/test/modules/baby/baby_growth_empty_state_test.dart: missing birth growth profile at 320.0/1.0 is actionable without fabricated reference
00:00 +3: /Users/lute/project/momcozy-lab/app/test/modules/baby/baby_growth_empty_state_test.dart: missing birth growth profile at 320.0/1.0 is actionable without fabricated reference
00:00 +4: /Users/lute/project/momcozy-lab/app/test/modules/baby/baby_growth_empty_state_test.dart: missing birth growth profile at 320.0/1.0 is actionable without fabricated reference
00:00 +5: /Users/lute/project/momcozy-lab/app/test/modules/baby/baby_growth_empty_state_test.dart: missing birth growth profile at 320.0/1.0 is actionable without fabricated reference
00:00 +6: /Users/lute/project/momcozy-lab/app/test/modules/baby/baby_growth_empty_state_test.dart: missing birth growth profile at 320.0/1.0 is actionable without fabricated reference
00:00 +7: /Users/lute/project/momcozy-lab/app/test/modules/baby/baby_growth_empty_state_test.dart: missing birth growth profile at 320.0/1.0 is actionable without fabricated reference
00:00 +8: /Users/lute/project/momcozy-lab/app/test/modules/baby/baby_growth_empty_state_test.dart: missing birth growth profile at 320.0/1.0 is actionable without fabricated reference
00:00 +9: /Users/lute/project/momcozy-lab/app/test/modules/baby/baby_growth_empty_state_test.dart: missing birth growth profile at 320.0/1.0 is actionable without fabricated reference
00:00 +10: /Users/lute/project/momcozy-lab/app/test/modules/baby/baby_growth_empty_state_test.dart: missing birth growth profile at 320.0/1.0 is actionable without fabricated reference
00:00 +11: /Users/lute/project/momcozy-lab/app/test/modules/baby/baby_growth_empty_state_test.dart: missing birth growth profile at 320.0/1.0 is actionable without fabricated reference
00:00 +12: /Users/lute/project/momcozy-lab/app/test/modules/baby/baby_growth_empty_state_test.dart: missing birth growth profile at 320.0/1.0 is actionable without fabricated reference
00:00 +13: /Users/lute/project/momcozy-lab/app/test/modules/baby/baby_growth_empty_state_test.dart: missing birth growth profile at 320.0/1.0 is actionable without fabricated reference
00:00 +14: /Users/lute/project/momcozy-lab/app/test/modules/baby/baby_growth_empty_state_test.dart: missing birth growth profile at 320.0/1.0 is actionable without fabricated reference
00:00 +15: /Users/lute/project/momcozy-lab/app/test/modules/baby/baby_growth_empty_state_test.dart: missing birth growth profile at 320.0/1.0 is actionable without fabricated reference
00:00 +16: /Users/lute/project/momcozy-lab/app/test/modules/baby/baby_growth_empty_state_test.dart: missing birth growth profile at 320.0/1.0 is actionable without fabricated reference
00:00 +17: /Users/lute/project/momcozy-lab/app/test/modules/baby/baby_growth_empty_state_test.dart: missing birth growth profile at 320.0/1.0 is actionable without fabricated reference
00:00 +18: /Users/lute/project/momcozy-lab/app/test/modules/baby/baby_growth_empty_state_test.dart: missing birth growth profile at 320.0/1.0 is actionable without fabricated reference
00:01 +19: /Users/lute/project/momcozy-lab/app/test/modules/baby/baby_growth_empty_state_test.dart: missing birth growth profile at 320.0/1.0 is actionable without fabricated reference
00:01 +20: /Users/lute/project/momcozy-lab/app/test/modules/baby/baby_save_feedback_test.dart: feeding validation, save, uncertain undo and feedback at 320.0/1.0
00:01 +21: /Users/lute/project/momcozy-lab/app/test/modules/baby/baby_save_feedback_test.dart: feeding validation, save, uncertain undo and feedback at 320.0/1.0
00:01 +22: /Users/lute/project/momcozy-lab/app/test/modules/baby/baby_save_feedback_test.dart: feeding validation, save, uncertain undo and feedback at 320.0/1.0
00:01 +23: /Users/lute/project/momcozy-lab/app/test/modules/baby/baby_save_feedback_test.dart: feeding validation, save, uncertain undo and feedback at 320.0/1.0
00:01 +24: /Users/lute/project/momcozy-lab/app/test/modules/baby/baby_save_feedback_test.dart: feeding validation, save, uncertain undo and feedback at 320.0/1.0
00:01 +25: /Users/lute/project/momcozy-lab/app/test/modules/baby/baby_editor_states_test.dart: wet keeps its primary action visible at 320.0/1.0
00:01 +26: /Users/lute/project/momcozy-lab/app/test/modules/baby/baby_editor_states_test.dart: wet keeps its primary action visible at 320.0/1.0
00:01 +27: /Users/lute/project/momcozy-lab/app/test/modules/baby/baby_editor_states_test.dart: wet keeps its primary action visible at 320.0/1.0
00:01 +28: /Users/lute/project/momcozy-lab/app/test/modules/baby/baby_editor_states_test.dart: wet keeps its primary action visible at 320.0/1.0
00:01 +29: /Users/lute/project/momcozy-lab/app/test/modules/baby/baby_editor_states_test.dart: wet keeps its primary action visible at 320.0/1.0
00:01 +30: /Users/lute/project/momcozy-lab/app/test/modules/baby/baby_editor_states_test.dart: wet keeps its primary action visible at 320.0/1.0
00:01 +31: /Users/lute/project/momcozy-lab/app/test/modules/baby/baby_editor_states_test.dart: wet keeps its primary action visible at 320.0/1.0
00:01 +32: /Users/lute/project/momcozy-lab/app/test/modules/baby/baby_editor_states_test.dart: wet keeps its primary action visible at 320.0/1.0
00:01 +33: /Users/lute/project/momcozy-lab/app/test/modules/baby/baby_switcher_design_test.dart: switcher changes the selected baby and opens its profile at 320.0/2.0
00:01 +34: /Users/lute/project/momcozy-lab/app/test/modules/baby/baby_growth_empty_state_test.dart: missing both growth profile at 320.0/1.0 is actionable without fabricated reference
00:01 +35: /Users/lute/project/momcozy-lab/app/test/modules/baby/baby_save_feedback_test.dart: feeding validation, save, uncertain undo and feedback at 320.0/2.0
00:01 +36: /Users/lute/project/momcozy-lab/app/test/modules/baby/baby_save_feedback_test.dart: feeding validation, save, uncertain undo and feedback at 320.0/2.0
00:01 +37: /Users/lute/project/momcozy-lab/app/test/modules/baby/baby_save_feedback_test.dart: feeding validation, save, uncertain undo and feedback at 320.0/2.0
00:01 +38: /Users/lute/project/momcozy-lab/app/test/modules/baby/baby_save_feedback_test.dart: feeding validation, save, uncertain undo and feedback at 320.0/2.0
00:01 +39: /Users/lute/project/momcozy-lab/app/test/modules/baby/baby_switcher_design_test.dart: switcher changes the selected baby and opens its profile at 390.0/1.0
00:01 +40: /Users/lute/project/momcozy-lab/app/test/modules/baby/baby_switcher_design_test.dart: switcher changes the selected baby and opens its profile at 390.0/1.0
00:01 +41: /Users/lute/project/momcozy-lab/app/test/modules/baby/baby_switcher_design_test.dart: switcher changes the selected baby and opens its profile at 390.0/1.0
00:01 +42: /Users/lute/project/momcozy-lab/app/test/modules/baby/baby_editor_states_test.dart: sleep-start keeps its primary action visible at 320.0/1.0
00:01 +43: /Users/lute/project/momcozy-lab/app/test/modules/baby/baby_save_feedback_test.dart: feeding validation, save, uncertain undo and feedback at 390.0/1.0
00:01 +44: /Users/lute/project/momcozy-lab/app/test/modules/baby/baby_save_feedback_test.dart: feeding validation, save, uncertain undo and feedback at 390.0/1.0
00:01 +45: /Users/lute/project/momcozy-lab/app/test/modules/baby/baby_save_feedback_test.dart: feeding validation, save, uncertain undo and feedback at 390.0/1.0
00:01 +46: /Users/lute/project/momcozy-lab/app/test/modules/baby/baby_save_feedback_test.dart: feeding validation, save, uncertain undo and feedback at 390.0/1.0
00:01 +47: /Users/lute/project/momcozy-lab/app/test/modules/baby/baby_save_feedback_test.dart: feeding validation, save, uncertain undo and feedback at 390.0/1.0
00:01 +48: /Users/lute/project/momcozy-lab/app/test/modules/baby/baby_save_feedback_test.dart: feeding validation, save, uncertain undo and feedback at 390.0/1.0
00:01 +49: /Users/lute/project/momcozy-lab/app/test/modules/baby/baby_save_feedback_test.dart: feeding validation, save, uncertain undo and feedback at 390.0/1.0
00:01 +50: /Users/lute/project/momcozy-lab/app/test/modules/baby/baby_save_feedback_test.dart: feeding validation, save, uncertain undo and feedback at 390.0/1.0
00:02 +51: /Users/lute/project/momcozy-lab/app/test/modules/baby/baby_save_feedback_test.dart: feeding validation, save, uncertain undo and feedback at 390.0/1.0
00:02 +52: /Users/lute/project/momcozy-lab/app/test/modules/baby/baby_save_feedback_test.dart: feeding validation, save, uncertain undo and feedback at 390.0/1.0
00:02 +53: /Users/lute/project/momcozy-lab/app/test/modules/baby/baby_save_feedback_test.dart: feeding validation, save, uncertain undo and feedback at 390.0/1.0
00:02 +54: /Users/lute/project/momcozy-lab/app/test/modules/baby/baby_growth_empty_state_test.dart: missing both growth profile at 320.0/2.0 is actionable without fabricated reference
00:02 +55: /Users/lute/project/momcozy-lab/app/test/modules/baby/baby_growth_empty_state_test.dart: missing both growth profile at 320.0/2.0 is actionable without fabricated reference
00:02 +56: /Users/lute/project/momcozy-lab/app/test/modules/baby/baby_switcher_design_test.dart: switcher changes the selected baby and opens its profile at 430.0/1.0
00:02 +57: /Users/lute/project/momcozy-lab/app/test/modules/baby/baby_switcher_design_test.dart: switcher changes the selected baby and opens its profile at 430.0/1.0
00:02 +58: /Users/lute/project/momcozy-lab/app/test/modules/baby/baby_profile_editor_test.dart: profile dialog scrolls and saves at 320.0 / 1.0 / long=false
00:02 +59: /Users/lute/project/momcozy-lab/app/test/modules/baby/baby_profile_editor_test.dart: profile dialog scrolls and saves at 320.0 / 1.0 / long=false
00:02 +60: /Users/lute/project/momcozy-lab/app/test/modules/baby/baby_profile_editor_test.dart: profile dialog scrolls and saves at 320.0 / 1.0 / long=false
00:02 +61: /Users/lute/project/momcozy-lab/app/test/modules/baby/baby_profile_editor_test.dart: profile dialog scrolls and saves at 320.0 / 1.0 / long=false
00:02 +62: /Users/lute/project/momcozy-lab/app/test/modules/baby/baby_profile_editor_test.dart: profile dialog scrolls and saves at 320.0 / 1.0 / long=false
00:02 +63: /Users/lute/project/momcozy-lab/app/test/modules/baby/baby_profile_editor_test.dart: profile dialog scrolls and saves at 320.0 / 1.0 / long=false
00:02 +64: /Users/lute/project/momcozy-lab/app/test/modules/baby/baby_profile_editor_test.dart: profile dialog scrolls and saves at 320.0 / 1.0 / long=false
00:02 +65: /Users/lute/project/momcozy-lab/app/test/modules/baby/baby_profile_editor_test.dart: profile dialog scrolls and saves at 320.0 / 1.0 / long=false
00:02 +66: /Users/lute/project/momcozy-lab/app/test/modules/baby/baby_profile_editor_test.dart: profile dialog scrolls and saves at 320.0 / 1.0 / long=false
00:02 +67: /Users/lute/project/momcozy-lab/app/test/modules/baby/baby_profile_editor_test.dart: profile dialog scrolls and saves at 320.0 / 1.0 / long=false
00:02 +68: /Users/lute/project/momcozy-lab/app/test/modules/baby/baby_profile_editor_test.dart: profile dialog scrolls and saves at 320.0 / 1.0 / long=false
00:02 +69: /Users/lute/project/momcozy-lab/app/test/modules/baby/baby_profile_editor_test.dart: profile dialog scrolls and saves at 320.0 / 1.0 / long=false
00:02 +70: /Users/lute/project/momcozy-lab/app/test/modules/baby/baby_profile_editor_test.dart: profile dialog scrolls and saves at 320.0 / 1.0 / long=false
00:02 +71: /Users/lute/project/momcozy-lab/app/test/modules/baby/baby_profile_editor_test.dart: profile dialog scrolls and saves at 320.0 / 1.0 / long=false
00:02 +72: /Users/lute/project/momcozy-lab/app/test/modules/baby/baby_profile_editor_test.dart: profile dialog scrolls and saves at 320.0 / 1.0 / long=false
00:02 +73: /Users/lute/project/momcozy-lab/app/test/modules/baby/baby_profile_editor_test.dart: profile dialog scrolls and saves at 320.0 / 1.0 / long=false
00:02 +74: /Users/lute/project/momcozy-lab/app/test/modules/baby/baby_profile_editor_test.dart: profile dialog scrolls and saves at 320.0 / 1.0 / long=false
00:02 +75: /Users/lute/project/momcozy-lab/app/test/modules/baby/baby_profile_editor_test.dart: profile dialog scrolls and saves at 320.0 / 1.0 / long=false
00:02 +76: /Users/lute/project/momcozy-lab/app/test/modules/profile/privacy_test.dart: privacy scopes, revoke confirmation and notifications 320.0/1.0
00:02 +77: /Users/lute/project/momcozy-lab/app/test/modules/profile/privacy_test.dart: privacy scopes, revoke confirmation and notifications 320.0/1.0
00:02 +78: /Users/lute/project/momcozy-lab/app/test/modules/profile/privacy_test.dart: privacy scopes, revoke confirmation and notifications 320.0/1.0
00:02 +79: /Users/lute/project/momcozy-lab/app/test/modules/baby/baby_save_feedback_test.dart: feeding validation, save, uncertain undo and feedback at 430.0/2.0
00:02 +80: /Users/lute/project/momcozy-lab/app/test/modules/baby/baby_save_feedback_test.dart: feeding validation, save, uncertain undo and feedback at 430.0/2.0
00:02 +81: /Users/lute/project/momcozy-lab/app/test/modules/baby/baby_save_feedback_test.dart: feeding validation, save, uncertain undo and feedback at 430.0/2.0
00:02 +82: /Users/lute/project/momcozy-lab/app/test/modules/baby/baby_profile_editor_test.dart: profile dialog scrolls and saves at 320.0 / 1.0 / long=true
00:02 +83: /Users/lute/project/momcozy-lab/app/test/modules/baby/baby_growth_empty_state_test.dart: missing birth growth profile at 390.0/2.0 is actionable without fabricated reference
00:02 +84: /Users/lute/project/momcozy-lab/app/test/modules/baby/baby_growth_empty_state_test.dart: missing birth growth profile at 390.0/2.0 is actionable without fabricated reference
00:02 +85: /Users/lute/project/momcozy-lab/app/test/modules/profile/privacy_test.dart: privacy scopes, revoke confirmation and notifications 320.0/2.0
00:02 +86: /Users/lute/project/momcozy-lab/app/test/modules/profile/privacy_test.dart: privacy scopes, revoke confirmation and notifications 320.0/2.0
00:03 +87: /Users/lute/project/momcozy-lab/app/test/modules/profile/privacy_test.dart: privacy scopes, revoke confirmation and notifications 320.0/2.0
00:03 +88: /Users/lute/project/momcozy-lab/app/test/modules/profile/privacy_test.dart: privacy scopes, revoke confirmation and notifications 320.0/2.0
00:03 +89: /Users/lute/project/momcozy-lab/app/test/modules/profile/privacy_test.dart: privacy scopes, revoke confirmation and notifications 320.0/2.0
00:03 +90: /Users/lute/project/momcozy-lab/app/test/modules/profile/privacy_test.dart: privacy scopes, revoke confirmation and notifications 320.0/2.0
00:03 +91: /Users/lute/project/momcozy-lab/app/test/modules/profile/privacy_test.dart: privacy scopes, revoke confirmation and notifications 320.0/2.0
00:03 +92: /Users/lute/project/momcozy-lab/app/test/modules/baby/baby_growth_empty_state_test.dart: missing sex growth profile at 390.0/2.0 is actionable without fabricated reference
00:03 +93: /Users/lute/project/momcozy-lab/app/test/modules/baby/baby_profile_editor_test.dart: profile dialog scrolls and saves at 320.0 / 2.0 / long=true
00:03 +94: /Users/lute/project/momcozy-lab/app/test/modules/baby/baby_profile_editor_test.dart: profile dialog scrolls and saves at 320.0 / 2.0 / long=true
00:03 +95: /Users/lute/project/momcozy-lab/app/test/modules/baby/baby_editor_states_test.dart: sleep-active keeps its primary action visible at 390.0/2.0
00:03 +96: /Users/lute/project/momcozy-lab/app/test/modules/profile/privacy_test.dart: privacy scopes, revoke confirmation and notifications 390.0/1.0
00:03 +97: /Users/lute/project/momcozy-lab/app/test/modules/profile/privacy_test.dart: privacy scopes, revoke confirmation and notifications 390.0/1.0
00:03 +98: /Users/lute/project/momcozy-lab/app/test/modules/profile/privacy_test.dart: privacy scopes, revoke confirmation and notifications 390.0/1.0
00:03 +99: /Users/lute/project/momcozy-lab/app/test/modules/profile/privacy_test.dart: privacy scopes, revoke confirmation and notifications 390.0/1.0
00:03 +100: /Users/lute/project/momcozy-lab/app/test/modules/profile/privacy_test.dart: privacy scopes, revoke confirmation and notifications 390.0/1.0
00:03 +101: /Users/lute/project/momcozy-lab/app/test/modules/baby/baby_pages_test.dart: feeding editor remains usable at 430.0 / 1.0
00:03 +102: /Users/lute/project/momcozy-lab/app/test/modules/baby/baby_growth_empty_state_test.dart: missing birth growth profile at 430.0/1.0 is actionable without fabricated reference
00:03 +103: /Users/lute/project/momcozy-lab/app/test/modules/baby/baby_growth_empty_state_test.dart: missing birth growth profile at 430.0/1.0 is actionable without fabricated reference
00:03 +104: /Users/lute/project/momcozy-lab/app/test/modules/baby/baby_growth_empty_state_test.dart: missing birth growth profile at 430.0/1.0 is actionable without fabricated reference
00:03 +105: /Users/lute/project/momcozy-lab/app/test/modules/baby/baby_growth_empty_state_test.dart: missing birth growth profile at 430.0/1.0 is actionable without fabricated reference
00:03 +106: /Users/lute/project/momcozy-lab/app/test/modules/baby/baby_growth_empty_state_test.dart: missing birth growth profile at 430.0/1.0 is actionable without fabricated reference
00:03 +107: /Users/lute/project/momcozy-lab/app/test/modules/profile/privacy_test.dart: privacy scopes, revoke confirmation and notifications 390.0/2.0
00:03 +108: /Users/lute/project/momcozy-lab/app/test/modules/profile/privacy_test.dart: privacy scopes, revoke confirmation and notifications 390.0/2.0
00:03 +109: /Users/lute/project/momcozy-lab/app/test/modules/profile/privacy_test.dart: privacy scopes, revoke confirmation and notifications 390.0/2.0
00:03 +110: /Users/lute/project/momcozy-lab/app/test/modules/profile/privacy_test.dart: privacy scopes, revoke confirmation and notifications 390.0/2.0
00:03 +111: /Users/lute/project/momcozy-lab/app/test/modules/baby/baby_editor_states_test.dart: sleep-active keeps its primary action visible at 430.0/1.0
00:03 +112: /Users/lute/project/momcozy-lab/app/test/modules/baby/baby_growth_empty_state_test.dart: missing sex growth profile at 430.0/1.0 is actionable without fabricated reference
00:03 +113: /Users/lute/project/momcozy-lab/app/test/modules/baby/baby_growth_empty_state_test.dart: missing sex growth profile at 430.0/1.0 is actionable without fabricated reference
00:03 +114: /Users/lute/project/momcozy-lab/app/test/modules/baby/baby_pages_test.dart: diaper editor remains usable at 430.0 / 1.0
00:03 +115: /Users/lute/project/momcozy-lab/app/test/modules/baby/baby_pages_test.dart: diaper editor remains usable at 430.0 / 1.0
00:03 +116: /Users/lute/project/momcozy-lab/app/test/modules/profile/privacy_test.dart: privacy scopes, revoke confirmation and notifications 430.0/1.0
00:03 +117: /Users/lute/project/momcozy-lab/app/test/modules/profile/privacy_test.dart: privacy scopes, revoke confirmation and notifications 430.0/1.0
00:03 +118: /Users/lute/project/momcozy-lab/app/test/modules/profile/privacy_test.dart: privacy scopes, revoke confirmation and notifications 430.0/1.0
00:03 +119: /Users/lute/project/momcozy-lab/app/test/modules/profile/privacy_test.dart: privacy scopes, revoke confirmation and notifications 430.0/1.0
00:03 +120: /Users/lute/project/momcozy-lab/app/test/modules/profile/privacy_test.dart: privacy scopes, revoke confirmation and notifications 430.0/1.0
00:03 +121: /Users/lute/project/momcozy-lab/app/test/modules/profile/privacy_test.dart: privacy scopes, revoke confirmation and notifications 430.0/1.0
00:03 +122: /Users/lute/project/momcozy-lab/app/test/modules/baby/baby_growth_empty_state_test.dart: missing both growth profile at 430.0/1.0 is actionable without fabricated reference
00:03 +123: /Users/lute/project/momcozy-lab/app/test/modules/baby/baby_pages_test.dart: growth editor remains usable at 430.0 / 1.0
00:03 +124: /Users/lute/project/momcozy-lab/app/test/modules/baby/baby_editor_states_test.dart: sleep-active keeps its primary action visible at 430.0/2.0
00:03 +125: /Users/lute/project/momcozy-lab/app/test/modules/baby/baby_profile_editor_test.dart: profile dialog scrolls and saves at 430.0 / 2.0 / long=false
00:03 +126: /Users/lute/project/momcozy-lab/app/test/modules/baby/baby_profile_editor_test.dart: profile dialog scrolls and saves at 430.0 / 2.0 / long=false
00:03 +127: /Users/lute/project/momcozy-lab/app/test/modules/profile/privacy_test.dart: privacy scopes, revoke confirmation and notifications 430.0/2.0
00:03 +128: /Users/lute/project/momcozy-lab/app/test/modules/profile/privacy_test.dart: privacy scopes, revoke confirmation and notifications 430.0/2.0
00:03 +129: /Users/lute/project/momcozy-lab/app/test/modules/profile/privacy_test.dart: privacy scopes, revoke confirmation and notifications 430.0/2.0
00:03 +130: /Users/lute/project/momcozy-lab/app/test/modules/profile/privacy_test.dart: privacy scopes, revoke confirmation and notifications 430.0/2.0
00:03 +131: /Users/lute/project/momcozy-lab/app/test/modules/profile/privacy_test.dart: privacy scopes, revoke confirmation and notifications 430.0/2.0
00:04 +132: /Users/lute/project/momcozy-lab/app/test/modules/baby/baby_editor_states_test.dart: collapsed notes preserve the draft and uncertain save retries once
00:04 +133: /Users/lute/project/momcozy-lab/app/test/modules/baby/baby_growth_empty_state_test.dart: missing sex growth profile at 430.0/2.0 is actionable without fabricated reference
00:04 +134: /Users/lute/project/momcozy-lab/app/test/modules/baby/baby_pages_test.dart: history edits and restores the same baby record at 320.0 / 1.0
00:04 +135: /Users/lute/project/momcozy-lab/app/test/modules/baby/baby_pages_test.dart: history edits and restores the same baby record at 320.0 / 1.0
00:04 +136: /Users/lute/project/momcozy-lab/app/test/modules/baby/baby_pages_test.dart: history edits and restores the same baby record at 320.0 / 1.0
00:04 +137: /Users/lute/project/momcozy-lab/app/test/modules/profile/privacy_test.dart: discarding a service switch keeps displayed and saved scope aligned
00:04 +138: /Users/lute/project/momcozy-lab/app/test/modules/baby/baby_pages_test.dart: history edits and restores the same baby record at 320.0 / 2.0
00:04 +139: /Users/lute/project/momcozy-lab/app/test/modules/baby/baby_pages_test.dart: history edits and restores the same baby record at 320.0 / 2.0
00:04 +140: /Users/lute/project/momcozy-lab/app/test/modules/profile/privacy_test.dart: pending save locks edits and read retry can resolve uncertain result
00:04 +141: /Users/lute/project/momcozy-lab/app/test/modules/baby/baby_pages_test.dart: history edits and restores the same baby record at 390.0 / 1.0
00:04 +142: /Users/lute/project/momcozy-lab/app/test/modules/baby/baby_pages_test.dart: history edits and restores the same baby record at 390.0 / 2.0
00:04 +143: /Users/lute/project/momcozy-lab/app/test/modules/baby/baby_pages_test.dart: history edits and restores the same baby record at 430.0 / 1.0
00:04 +144: /Users/lute/project/momcozy-lab/app/test/modules/baby/baby_pages_test.dart: history edits and restores the same baby record at 430.0 / 2.0
00:05 +145: /Users/lute/project/momcozy-lab/app/test/modules/services/appointment_detail_test.dart: short screen and safe areas keep cancellation actions reachable
00:05 +146: /Users/lute/project/momcozy-lab/app/test/modules/services/appointment_detail_test.dart: short screen and safe areas keep cancellation actions reachable
00:05 +147: /Users/lute/project/momcozy-lab/app/test/modules/services/appointment_detail_test.dart: short screen and safe areas keep cancellation actions reachable
00:05 +148: /Users/lute/project/momcozy-lab/app/test/modules/services/appointment_detail_test.dart: short screen and safe areas keep cancellation actions reachable
00:05 +149: /Users/lute/project/momcozy-lab/app/test/modules/services/appointment_detail_test.dart: short screen and safe areas keep cancellation actions reachable
00:05 +150: /Users/lute/project/momcozy-lab/app/test/modules/services/appointment_detail_test.dart: short screen and safe areas keep cancellation actions reachable
00:05 +151: /Users/lute/project/momcozy-lab/app/test/modules/services/appointment_detail_test.dart: short screen and safe areas keep cancellation actions reachable
00:05 +152: /Users/lute/project/momcozy-lab/app/test/app/more_design_test.dart: More navigation and privacy at 320.0 / 1.0
00:05 +153: /Users/lute/project/momcozy-lab/app/test/app/more_design_test.dart: More navigation and privacy at 320.0 / 1.0
00:05 +154: /Users/lute/project/momcozy-lab/app/test/modules/services/service_purchase_test.dart: purchase states and booking result at 320.0 / 1.0
00:06 +155: /Users/lute/project/momcozy-lab/app/test/modules/services/service_purchase_test.dart: purchase states and booking result at 320.0 / 1.0
00:06 +156: /Users/lute/project/momcozy-lab/app/test/modules/services/service_purchase_test.dart: purchase states and booking result at 320.0 / 1.0
00:06 +157: /Users/lute/project/momcozy-lab/app/test/modules/services/service_purchase_test.dart: purchase states and booking result at 320.0 / 1.0
00:06 +158: /Users/lute/project/momcozy-lab/app/test/modules/services/service_purchase_test.dart: purchase states and booking result at 320.0 / 1.0
00:06 +159: /Users/lute/project/momcozy-lab/app/test/modules/services/service_purchase_test.dart: purchase states and booking result at 320.0 / 1.0
00:06 +160: /Users/lute/project/momcozy-lab/app/test/modules/services/service_purchase_test.dart: purchase states and booking result at 320.0 / 1.0
00:06 +161: /Users/lute/project/momcozy-lab/app/test/modules/services/service_purchase_test.dart: purchase states and booking result at 320.0 / 1.0
00:06 +162: /Users/lute/project/momcozy-lab/app/test/modules/services/service_purchase_test.dart: purchase states and booking result at 320.0 / 1.0
00:06 +163: /Users/lute/project/momcozy-lab/app/test/modules/services/service_purchase_test.dart: purchase states and booking result at 320.0 / 1.0
00:06 +164: /Users/lute/project/momcozy-lab/app/test/modules/services/intake_test.dart: intake design disclosures consent and save at 320.0 / 1.0
00:06 +165: /Users/lute/project/momcozy-lab/app/test/modules/services/intake_test.dart: intake design disclosures consent and save at 320.0 / 1.0
00:06 +166: /Users/lute/project/momcozy-lab/app/test/modules/services/intake_test.dart: intake design disclosures consent and save at 320.0 / 1.0
00:06 +167: /Users/lute/project/momcozy-lab/app/test/modules/services/intake_test.dart: intake design disclosures consent and save at 320.0 / 1.0
00:06 +168: /Users/lute/project/momcozy-lab/app/test/modules/services/intake_test.dart: intake design disclosures consent and save at 320.0 / 1.0
00:06 +169: /Users/lute/project/momcozy-lab/app/test/modules/services/intake_test.dart: intake design disclosures consent and save at 320.0 / 1.0
00:06 +170: /Users/lute/project/momcozy-lab/app/test/modules/services/intake_test.dart: intake design disclosures consent and save at 320.0 / 1.0
00:06 +171: /Users/lute/project/momcozy-lab/app/test/modules/services/intake_test.dart: intake design disclosures consent and save at 320.0 / 1.0
00:06 +172: /Users/lute/project/momcozy-lab/app/test/modules/services/booking_test.dart: booking precheck and held dialog flow at 320.0 / 1.0
00:06 +173: /Users/lute/project/momcozy-lab/app/test/modules/services/booking_test.dart: booking precheck and held dialog flow at 320.0 / 1.0
00:06 +174: /Users/lute/project/momcozy-lab/app/test/modules/services/booking_test.dart: booking precheck and held dialog flow at 320.0 / 1.0
00:06 +175: /Users/lute/project/momcozy-lab/app/test/modules/services/booking_test.dart: booking precheck and held dialog flow at 320.0 / 1.0
00:06 +176: /Users/lute/project/momcozy-lab/app/test/modules/services/booking_test.dart: booking precheck and held dialog flow at 320.0 / 1.0
00:06 +177: /Users/lute/project/momcozy-lab/app/test/modules/services/booking_test.dart: booking precheck and held dialog flow at 320.0 / 1.0
00:06 +178: /Users/lute/project/momcozy-lab/app/test/modules/services/booking_test.dart: booking precheck and held dialog flow at 320.0 / 1.0
00:06 +179: /Users/lute/project/momcozy-lab/app/test/modules/services/booking_test.dart: booking precheck and held dialog flow at 320.0 / 1.0
00:06 +180: /Users/lute/project/momcozy-lab/app/test/modules/services/booking_test.dart: booking precheck and held dialog flow at 320.0 / 1.0
00:06 +181: /Users/lute/project/momcozy-lab/app/test/modules/services/intake_test.dart: intake design disclosures consent and save at 320.0 / 2.0
00:07 +182: /Users/lute/project/momcozy-lab/app/test/modules/services/intake_test.dart: intake design disclosures consent and save at 320.0 / 2.0
00:07 +183: /Users/lute/project/momcozy-lab/app/test/modules/services/intake_test.dart: intake design disclosures consent and save at 320.0 / 2.0
00:07 +184: /Users/lute/project/momcozy-lab/app/test/modules/services/intake_test.dart: intake design disclosures consent and save at 320.0 / 2.0
00:07 +185: /Users/lute/project/momcozy-lab/app/test/modules/services/intake_test.dart: intake design disclosures consent and save at 320.0 / 2.0
00:07 +186: /Users/lute/project/momcozy-lab/app/test/modules/services/intake_test.dart: intake design disclosures consent and save at 320.0 / 2.0
00:07 +187: /Users/lute/project/momcozy-lab/app/test/modules/services/intake_test.dart: intake design disclosures consent and save at 320.0 / 2.0
00:07 +188: /Users/lute/project/momcozy-lab/app/test/modules/services/intake_test.dart: intake design disclosures consent and save at 320.0 / 2.0
00:07 +189: /Users/lute/project/momcozy-lab/app/test/modules/services/intake_test.dart: intake design disclosures consent and save at 320.0 / 2.0
00:07 +190: /Users/lute/project/momcozy-lab/app/test/modules/services/intake_test.dart: intake design disclosures consent and save at 320.0 / 2.0
00:07 +191: /Users/lute/project/momcozy-lab/app/test/modules/services/intake_test.dart: intake design disclosures consent and save at 320.0 / 2.0
00:07 +192: /Users/lute/project/momcozy-lab/app/test/modules/services/intake_test.dart: intake design disclosures consent and save at 320.0 / 2.0
00:07 +193: /Users/lute/project/momcozy-lab/app/test/modules/services/intake_test.dart: intake design disclosures consent and save at 320.0 / 2.0
00:07 +194: /Users/lute/project/momcozy-lab/app/test/modules/services/intake_test.dart: intake design disclosures consent and save at 320.0 / 2.0
00:07 +195: /Users/lute/project/momcozy-lab/app/test/modules/services/booking_test.dart: booking precheck and held dialog flow at 320.0 / 2.0
00:07 +196: /Users/lute/project/momcozy-lab/app/test/modules/services/booking_test.dart: booking precheck and held dialog flow at 320.0 / 2.0
00:07 +197: /Users/lute/project/momcozy-lab/app/test/modules/services/booking_test.dart: booking precheck and held dialog flow at 320.0 / 2.0
00:07 +198: /Users/lute/project/momcozy-lab/app/test/modules/services/service_purchase_test.dart: purchase states and booking result at 390.0 / 2.0
00:07 +199: /Users/lute/project/momcozy-lab/app/test/modules/services/service_purchase_test.dart: purchase states and booking result at 390.0 / 2.0
00:07 +200: /Users/lute/project/momcozy-lab/app/test/modules/services/service_renew_test.dart: renew selection opens existing eligibility flow 320.0/1.0
00:07 +201: /Users/lute/project/momcozy-lab/app/test/modules/services/service_renew_test.dart: renew selection opens existing eligibility flow 320.0/1.0
00:07 +202: /Users/lute/project/momcozy-lab/app/test/modules/services/service_renew_test.dart: renew selection opens existing eligibility flow 320.0/1.0
00:07 +203: /Users/lute/project/momcozy-lab/app/test/modules/services/service_renew_test.dart: renew selection opens existing eligibility flow 320.0/1.0
00:07 +204: /Users/lute/project/momcozy-lab/app/test/modules/services/service_renew_test.dart: renew selection opens existing eligibility flow 320.0/1.0
00:07 +205: /Users/lute/project/momcozy-lab/app/test/modules/services/service_renew_test.dart: renew selection opens existing eligibility flow 320.0/1.0
00:07 +206: /Users/lute/project/momcozy-lab/app/test/modules/services/service_renew_test.dart: renew selection opens existing eligibility flow 320.0/1.0
00:07 +207: /Users/lute/project/momcozy-lab/app/test/modules/services/service_renew_test.dart: renew selection opens existing eligibility flow 320.0/1.0
00:07 +208: /Users/lute/project/momcozy-lab/app/test/modules/services/service_renew_test.dart: renew selection opens existing eligibility flow 320.0/1.0
00:07 +209: /Users/lute/project/momcozy-lab/app/test/modules/services/service_renew_test.dart: renew selection opens existing eligibility flow 320.0/1.0
00:08 +210: /Users/lute/project/momcozy-lab/app/test/modules/services/service_renew_test.dart: renew selection opens existing eligibility flow 320.0/1.0
00:08 +211: /Users/lute/project/momcozy-lab/app/test/modules/services/service_renew_test.dart: renew selection opens existing eligibility flow 320.0/1.0
00:08 +212: /Users/lute/project/momcozy-lab/app/test/modules/services/consultation_summary_test.dart: summary content task and destinations 320.0 / 1.0
00:08 +213: /Users/lute/project/momcozy-lab/app/test/modules/services/consultation_summary_test.dart: summary content task and destinations 320.0 / 1.0
00:08 +214: /Users/lute/project/momcozy-lab/app/test/modules/services/consultation_summary_test.dart: summary content task and destinations 320.0 / 1.0
00:08 +215: /Users/lute/project/momcozy-lab/app/test/modules/services/consultation_summary_test.dart: summary content task and destinations 320.0 / 1.0
00:08 +216: /Users/lute/project/momcozy-lab/app/test/modules/services/consultation_summary_test.dart: summary content task and destinations 320.0 / 1.0
00:08 +217: /Users/lute/project/momcozy-lab/app/test/modules/services/consultation_summary_test.dart: summary content task and destinations 320.0 / 1.0
00:08 +218: /Users/lute/project/momcozy-lab/app/test/modules/services/consultation_summary_test.dart: summary content task and destinations 320.0 / 1.0
00:08 +219: /Users/lute/project/momcozy-lab/app/test/modules/services/consultation_summary_test.dart: summary content task and destinations 320.0 / 1.0
00:08 +220: /Users/lute/project/momcozy-lab/app/test/modules/services/consultation_summary_test.dart: summary content task and destinations 320.0 / 1.0
00:08 +221: /Users/lute/project/momcozy-lab/app/test/modules/services/consultation_summary_test.dart: summary content task and destinations 320.0 / 1.0
00:08 +222: /Users/lute/project/momcozy-lab/app/test/modules/services/consultation_summary_test.dart: summary content task and destinations 320.0 / 1.0
00:08 +223: /Users/lute/project/momcozy-lab/app/test/modules/services/consultation_summary_test.dart: summary content task and destinations 320.0 / 1.0
00:08 +224: /Users/lute/project/momcozy-lab/app/test/modules/services/consultation_summary_test.dart: summary content task and destinations 320.0 / 1.0
00:08 +225: /Users/lute/project/momcozy-lab/app/test/modules/services/consultation_summary_test.dart: summary content task and destinations 320.0 / 1.0
00:08 +226: /Users/lute/project/momcozy-lab/app/test/modules/services/consultation_summary_test.dart: summary content task and destinations 320.0 / 1.0
00:08 +227: /Users/lute/project/momcozy-lab/app/test/modules/services/consultation_summary_test.dart: summary content task and destinations 320.0 / 1.0
00:08 +228: /Users/lute/project/momcozy-lab/app/test/modules/services/consultation_summary_test.dart: summary content task and destinations 320.0 / 1.0
00:08 +229: /Users/lute/project/momcozy-lab/app/test/modules/services/consultation_summary_test.dart: summary content task and destinations 320.0 / 1.0
00:08 +230: /Users/lute/project/momcozy-lab/app/test/modules/services/consultation_summary_test.dart: summary content task and destinations 320.0 / 1.0
00:08 +231: /Users/lute/project/momcozy-lab/app/test/modules/services/consultation_summary_test.dart: summary content task and destinations 320.0 / 1.0
00:08 +232: /Users/lute/project/momcozy-lab/app/test/modules/services/consultation_summary_test.dart: summary content task and destinations 320.0 / 1.0
00:08 +233: /Users/lute/project/momcozy-lab/app/test/modules/services/consultation_summary_test.dart: summary content task and destinations 320.0 / 1.0
00:08 +234: /Users/lute/project/momcozy-lab/app/test/modules/services/consultation_summary_test.dart: summary content task and destinations 320.0 / 1.0
00:08 +235: /Users/lute/project/momcozy-lab/app/test/modules/services/consultation_summary_test.dart: summary content task and destinations 320.0 / 1.0
00:08 +236: /Users/lute/project/momcozy-lab/app/test/modules/services/consultation_summary_test.dart: summary content task and destinations 320.0 / 1.0
00:08 +237: /Users/lute/project/momcozy-lab/app/test/modules/services/consultation_summary_test.dart: summary content task and destinations 320.0 / 1.0
00:08 +238: /Users/lute/project/momcozy-lab/app/test/modules/services/consultation_summary_test.dart: summary content task and destinations 320.0 / 1.0
00:08 +239: /Users/lute/project/momcozy-lab/app/test/modules/services/consultation_summary_test.dart: summary content task and destinations 320.0 / 1.0
00:08 +240: /Users/lute/project/momcozy-lab/app/test/modules/services/consultation_summary_test.dart: summary content task and destinations 320.0 / 1.0
00:09 +241: /Users/lute/project/momcozy-lab/app/test/modules/services/intake_test.dart: intake design disclosures consent and save at 430.0 / 1.0
00:09 +242: /Users/lute/project/momcozy-lab/app/test/modules/services/intake_test.dart: intake design disclosures consent and save at 430.0 / 1.0
00:09 +243: /Users/lute/project/momcozy-lab/app/test/modules/services/intake_test.dart: intake design disclosures consent and save at 430.0 / 1.0
00:09 +244: /Users/lute/project/momcozy-lab/app/test/modules/services/intake_test.dart: intake design disclosures consent and save at 430.0 / 1.0
00:09 +245: /Users/lute/project/momcozy-lab/app/test/modules/services/booking_test.dart: booking precheck and held dialog flow at 430.0 / 1.0
00:09 +246: /Users/lute/project/momcozy-lab/app/test/modules/services/consultation_summary_test.dart: summary content task and destinations 320.0 / 2.0
00:09 +247: /Users/lute/project/momcozy-lab/app/test/modules/services/consultation_summary_test.dart: summary content task and destinations 320.0 / 2.0
00:09 +248: /Users/lute/project/momcozy-lab/app/test/modules/services/consultation_summary_test.dart: summary content task and destinations 320.0 / 2.0
00:09 +249: /Users/lute/project/momcozy-lab/app/test/modules/services/consultation_summary_test.dart: summary content task and destinations 320.0 / 2.0
00:09 +250: /Users/lute/project/momcozy-lab/app/test/modules/services/consultation_summary_test.dart: summary content task and destinations 320.0 / 2.0
00:09 +251: /Users/lute/project/momcozy-lab/app/test/modules/services/consultation_summary_test.dart: summary content task and destinations 320.0 / 2.0
00:09 +252: /Users/lute/project/momcozy-lab/app/test/modules/services/consultation_summary_test.dart: summary content task and destinations 320.0 / 2.0
00:09 +253: /Users/lute/project/momcozy-lab/app/test/modules/services/consultation_summary_test.dart: summary content task and destinations 320.0 / 2.0
00:09 +254: /Users/lute/project/momcozy-lab/app/test/modules/services/consultation_summary_test.dart: summary content task and destinations 320.0 / 2.0
00:09 +255: /Users/lute/project/momcozy-lab/app/test/modules/services/consultation_summary_test.dart: summary content task and destinations 320.0 / 2.0
00:09 +256: /Users/lute/project/momcozy-lab/app/test/modules/services/consultation_summary_test.dart: summary content task and destinations 320.0 / 2.0
00:09 +257: /Users/lute/project/momcozy-lab/app/test/modules/services/consultation_summary_test.dart: summary content task and destinations 320.0 / 2.0
00:09 +258: /Users/lute/project/momcozy-lab/app/test/modules/services/consultation_summary_test.dart: summary content task and destinations 320.0 / 2.0
00:09 +259: /Users/lute/project/momcozy-lab/app/test/modules/services/booking_test.dart: booking precheck and held dialog flow at 430.0 / 2.0
00:09 +260: /Users/lute/project/momcozy-lab/app/test/modules/consultation/user_video_test.dart: user waiting media controls and leave 320.0 / 1.0
00:09 +261: /Users/lute/project/momcozy-lab/app/test/modules/consultation/user_video_test.dart: user waiting media controls and leave 320.0 / 1.0
00:09 +262: /Users/lute/project/momcozy-lab/app/test/modules/consultation/user_video_test.dart: user waiting media controls and leave 320.0 / 1.0
00:09 +263: /Users/lute/project/momcozy-lab/app/test/modules/consultation/user_video_test.dart: user waiting media controls and leave 320.0 / 1.0
00:09 +264: /Users/lute/project/momcozy-lab/app/test/modules/consultation/user_video_test.dart: user waiting media controls and leave 320.0 / 1.0
00:09 +265: /Users/lute/project/momcozy-lab/app/test/modules/consultation/user_video_test.dart: user waiting media controls and leave 320.0 / 1.0
00:09 +266: /Users/lute/project/momcozy-lab/app/test/modules/consultation/user_video_test.dart: user waiting media controls and leave 320.0 / 1.0
00:09 +267: /Users/lute/project/momcozy-lab/app/test/modules/consultation/user_video_test.dart: user waiting media controls and leave 320.0 / 1.0
00:09 +268: /Users/lute/project/momcozy-lab/app/test/modules/consultation/user_video_test.dart: user waiting media controls and leave 320.0 / 1.0
00:09 +269: /Users/lute/project/momcozy-lab/app/test/modules/consultation/user_video_test.dart: user waiting media controls and leave 320.0 / 1.0
00:09 +270: /Users/lute/project/momcozy-lab/app/test/modules/consultation/user_video_test.dart: user waiting media controls and leave 320.0 / 1.0
00:09 +271: /Users/lute/project/momcozy-lab/app/test/modules/consultation/user_video_test.dart: user waiting media controls and leave 320.0 / 1.0
00:09 +272: /Users/lute/project/momcozy-lab/app/test/modules/consultation/user_video_test.dart: user waiting media controls and leave 320.0 / 1.0
00:09 +273: /Users/lute/project/momcozy-lab/app/test/modules/consultation/user_video_test.dart: user waiting media controls and leave 320.0 / 1.0
00:09 +274: /Users/lute/project/momcozy-lab/app/test/modules/consultation/user_video_test.dart: user waiting media controls and leave 320.0 / 1.0
00:09 +275: /Users/lute/project/momcozy-lab/app/test/modules/consultation/user_video_test.dart: user waiting media controls and leave 320.0 / 1.0
00:09 +276: /Users/lute/project/momcozy-lab/app/test/modules/consultation/user_video_test.dart: user waiting media controls and leave 320.0 / 1.0
00:10 +277: /Users/lute/project/momcozy-lab/app/test/modules/consultation/user_video_test.dart: user waiting media controls and leave 320.0 / 1.0
00:10 +278: /Users/lute/project/momcozy-lab/app/test/modules/consultation/user_video_test.dart: user waiting media controls and leave 320.0 / 1.0
00:10 +279: /Users/lute/project/momcozy-lab/app/test/modules/consultation/user_video_test.dart: user waiting media controls and leave 320.0 / 1.0
00:10 +280: /Users/lute/project/momcozy-lab/app/test/modules/consultation/user_video_test.dart: user waiting media controls and leave 320.0 / 1.0
00:10 +281: /Users/lute/project/momcozy-lab/app/test/modules/consultation/user_video_test.dart: user waiting media controls and leave 320.0 / 1.0
00:10 +282: /Users/lute/project/momcozy-lab/app/test/modules/consultation/user_video_test.dart: user waiting media controls and leave 320.0 / 1.0
00:10 +283: /Users/lute/project/momcozy-lab/app/test/modules/consultation/user_video_test.dart: user waiting media controls and leave 320.0 / 1.0
00:10 +284: /Users/lute/project/momcozy-lab/app/test/modules/consultation/user_video_test.dart: user waiting media controls and leave 320.0 / 1.0
00:10 +285: /Users/lute/project/momcozy-lab/app/test/modules/consultation/user_video_test.dart: user waiting media controls and leave 320.0 / 1.0
00:10 +286: /Users/lute/project/momcozy-lab/app/test/modules/consultation/user_video_test.dart: user waiting media controls and leave 320.0 / 1.0
00:10 +287: /Users/lute/project/momcozy-lab/app/test/modules/consultation/user_video_test.dart: user waiting media controls and leave 320.0 / 1.0
00:10 +288: /Users/lute/project/momcozy-lab/app/test/modules/consultation/user_video_test.dart: user waiting media controls and leave 320.0 / 1.0
00:10 +289: /Users/lute/project/momcozy-lab/app/test/modules/consultation/user_video_test.dart: user waiting media controls and leave 320.0 / 1.0
00:10 +290: /Users/lute/project/momcozy-lab/app/test/modules/consultation/user_video_test.dart: user waiting media controls and leave 320.0 / 1.0
00:10 +291: /Users/lute/project/momcozy-lab/app/test/modules/consultation/user_video_test.dart: user waiting media controls and leave 320.0 / 1.0
00:10 +292: /Users/lute/project/momcozy-lab/app/test/modules/services/consultation_summary_test.dart: summary content task and destinations 390.0 / 2.0
00:10 +293: /Users/lute/project/momcozy-lab/app/test/modules/services/consultation_summary_test.dart: summary content task and destinations 390.0 / 2.0
00:10 +294: /Users/lute/project/momcozy-lab/app/test/modules/services/consultation_summary_test.dart: summary content task and destinations 390.0 / 2.0
00:10 +295: /Users/lute/project/momcozy-lab/app/test/modules/services/booking_test.dart: booking date and expert selection at 320.0 / 2.0
00:10 +296: /Users/lute/project/momcozy-lab/app/test/modules/services/intake_test.dart: intake form with missing feeding mode at 390.0 / 1.0
00:10 +297: /Users/lute/project/momcozy-lab/app/test/modules/consultation/user_video_test.dart: user waiting media controls and leave 320.0 / 2.0
00:10 +298: /Users/lute/project/momcozy-lab/app/test/modules/consultation/user_video_test.dart: user waiting media controls and leave 320.0 / 2.0
00:10 +299: /Users/lute/project/momcozy-lab/app/test/modules/consultation/user_video_test.dart: user waiting media controls and leave 320.0 / 2.0
00:10 +300: /Users/lute/project/momcozy-lab/app/test/modules/consultation/user_video_test.dart: user waiting media controls and leave 320.0 / 2.0
00:10 +301: /Users/lute/project/momcozy-lab/app/test/modules/consultation/user_video_test.dart: user waiting media controls and leave 320.0 / 2.0
00:10 +302: /Users/lute/project/momcozy-lab/app/test/modules/consultation/user_video_test.dart: user waiting media controls and leave 320.0 / 2.0
00:10 +303: /Users/lute/project/momcozy-lab/app/test/modules/consultation/user_video_test.dart: user waiting media controls and leave 320.0 / 2.0
00:10 +304: /Users/lute/project/momcozy-lab/app/test/modules/consultation/user_video_test.dart: user waiting media controls and leave 320.0 / 2.0
00:10 +305: /Users/lute/project/momcozy-lab/app/test/modules/consultation/user_video_test.dart: user waiting media controls and leave 320.0 / 2.0
00:10 +306: /Users/lute/project/momcozy-lab/app/test/modules/consultation/user_video_test.dart: user waiting media controls and leave 320.0 / 2.0
00:10 +307: /Users/lute/project/momcozy-lab/app/test/modules/consultation/user_video_test.dart: user waiting media controls and leave 320.0 / 2.0
00:10 +308: /Users/lute/project/momcozy-lab/app/test/modules/consultation/user_video_test.dart: user waiting media controls and leave 320.0 / 2.0
00:10 +309: /Users/lute/project/momcozy-lab/app/test/modules/consultation/room_page_test.dart: consultation preparation at 320.0 / 1.0
00:10 +310: /Users/lute/project/momcozy-lab/app/test/modules/consultation/room_page_test.dart: consultation preparation at 320.0 / 1.0
00:10 +311: /Users/lute/project/momcozy-lab/app/test/modules/consultation/room_page_test.dart: consultation preparation at 320.0 / 1.0
00:10 +312: /Users/lute/project/momcozy-lab/app/test/modules/consultation/room_page_test.dart: consultation preparation at 320.0 / 1.0
00:10 +313: /Users/lute/project/momcozy-lab/app/test/modules/consultation/device_check_design_test.dart: preflight continues only after readiness and an explicit tap
00:10 +314: /Users/lute/project/momcozy-lab/app/test/modules/consultation/device_check_design_test.dart: preflight continues only after readiness and an explicit tap
00:11 +315: /Users/lute/project/momcozy-lab/app/test/modules/consultation/device_check_design_test.dart: preflight continues only after readiness and an explicit tap
00:11 +316: /Users/lute/project/momcozy-lab/app/test/modules/consultation/device_check_design_test.dart: preflight continues only after readiness and an explicit tap
00:11 +317: /Users/lute/project/momcozy-lab/app/test/modules/consultation/device_check_design_test.dart: preflight continues only after readiness and an explicit tap
00:11 +318: /Users/lute/project/momcozy-lab/app/test/modules/services/consultation_summary_test.dart: task uncertainty retries original version and locks competing updates
00:11 +319: /Users/lute/project/momcozy-lab/app/test/modules/services/consultation_summary_test.dart: task uncertainty retries original version and locks competing updates
00:11 +320: /Users/lute/project/momcozy-lab/app/test/modules/services/consultation_summary_test.dart: task uncertainty retries original version and locks competing updates
00:11 +321: /Users/lute/project/momcozy-lab/app/test/modules/consultation/user_video_test.dart: user waiting media controls and leave 390.0 / 2.0
00:11 +322: /Users/lute/project/momcozy-lab/app/test/modules/consultation/user_video_test.dart: user waiting media controls and leave 390.0 / 2.0
00:11 +323: /Users/lute/project/momcozy-lab/app/test/modules/consultation/user_video_test.dart: user waiting media controls and leave 390.0 / 2.0
00:11 +324: /Users/lute/project/momcozy-lab/app/test/modules/consultation/user_video_test.dart: user waiting media controls and leave 390.0 / 2.0
00:11 +325: /Users/lute/project/momcozy-lab/app/test/modules/consultation/device_check_design_test.dart: device check pending partial failure retry ready 320.0 / 1.0
00:11 +326: /Users/lute/project/momcozy-lab/app/test/modules/consultation/device_check_design_test.dart: device check pending partial failure retry ready 320.0 / 1.0
00:11 +327: /Users/lute/project/momcozy-lab/app/test/modules/services/consultation_summary_test.dart: superseded plan reloads before accepting another task update
00:11 +328: /Users/lute/project/momcozy-lab/app/test/modules/consultation/user_video_test.dart: user waiting media controls and leave 430.0 / 1.0
00:11 +329: /Users/lute/project/momcozy-lab/app/test/modules/consultation/user_video_test.dart: user waiting media controls and leave 430.0 / 1.0
00:11 +330: /Users/lute/project/momcozy-lab/app/test/modules/consultation/user_video_test.dart: user waiting media controls and leave 430.0 / 1.0
00:11 +331: /Users/lute/project/momcozy-lab/app/test/modules/consultation/user_video_test.dart: user waiting media controls and leave 430.0 / 1.0
00:11 +332: /Users/lute/project/momcozy-lab/app/test/modules/consultation/user_video_test.dart: user waiting media controls and leave 430.0 / 1.0
00:11 +333: /Users/lute/project/momcozy-lab/app/test/modules/consultation/user_video_test.dart: user waiting media controls and leave 430.0 / 1.0
00:11 +334: /Users/lute/project/momcozy-lab/app/test/modules/consultation/consultation_preparation_test.dart: countdown opens entry at the authoritative window without entering automatically
00:11 +335: /Users/lute/project/momcozy-lab/app/test/modules/consultation/consultation_preparation_test.dart: countdown opens entry at the authoritative window without entering automatically
00:11 +336: /Users/lute/project/momcozy-lab/app/test/modules/consultation/consultation_preparation_test.dart: countdown opens entry at the authoritative window without entering automatically
00:11 +337: /Users/lute/project/momcozy-lab/app/test/modules/consultation/consultation_preparation_test.dart: countdown opens entry at the authoritative window without entering automatically
00:11 +338: /Users/lute/project/momcozy-lab/app/test/modules/consultation/consultation_preparation_test.dart: countdown opens entry at the authoritative window without entering automatically
00:11 +339: /Users/lute/project/momcozy-lab/app/test/modules/consultation/device_check_test.dart: opening the device dialog requests once and releases tracks after the check
00:11 +340: /Users/lute/project/momcozy-lab/app/test/modules/consultation/device_check_test.dart: opening the device dialog requests once and releases tracks after the check
00:11 +341: /Users/lute/project/momcozy-lab/app/test/modules/consultation/device_check_test.dart: opening the device dialog requests once and releases tracks after the check
00:11 +342: /Users/lute/project/momcozy-lab/app/test/modules/consultation/device_check_test.dart: opening the device dialog requests once and releases tracks after the check
00:11 +343: /Users/lute/project/momcozy-lab/app/test/modules/consultation/device_check_test.dart: opening the device dialog requests once and releases tracks after the check
00:11 +344: /Users/lute/project/momcozy-lab/app/test/modules/consultation/device_check_test.dart: opening the device dialog requests once and releases tracks after the check
00:11 +345: /Users/lute/project/momcozy-lab/app/test/modules/consultation/consultation_preparation_test.dart: preparation time and requirements 320.0 / 1.0
00:12 +346: /Users/lute/project/momcozy-lab/app/test/modules/consultation/consultation_preparation_test.dart: preparation time and requirements 320.0 / 1.0
00:12 +347: /Users/lute/project/momcozy-lab/app/test/modules/consultation/consultation_preparation_test.dart: preparation time and requirements 320.0 / 1.0
00:12 +348: /Users/lute/project/momcozy-lab/app/test/modules/consultation/consultation_preparation_test.dart: preparation time and requirements 320.0 / 1.0
00:12 +349: /Users/lute/project/momcozy-lab/app/test/modules/consultation/consultation_start_test.dart: device consent region and enter 320.0 / 1.0
00:12 +350: /Users/lute/project/momcozy-lab/app/test/modules/consultation/consultation_start_test.dart: device consent region and enter 320.0 / 1.0
00:12 +351: /Users/lute/project/momcozy-lab/app/test/modules/consultation/consultation_start_test.dart: device consent region and enter 320.0 / 1.0
00:12 +352: /Users/lute/project/momcozy-lab/app/test/modules/consultation/consultation_start_test.dart: device consent region and enter 320.0 / 1.0
00:12 +353: /Users/lute/project/momcozy-lab/app/test/modules/consultation/consultation_start_test.dart: device consent region and enter 320.0 / 1.0
00:12 +354: /Users/lute/project/momcozy-lab/app/test/modules/consultation/consultation_start_test.dart: device consent region and enter 320.0 / 1.0
00:12 +355: /Users/lute/project/momcozy-lab/app/test/modules/consultation/consultation_start_test.dart: device consent region and enter 320.0 / 1.0
00:12 +356: /Users/lute/project/momcozy-lab/app/test/modules/consultation/consultation_start_test.dart: device consent region and enter 320.0 / 1.0
00:12 +357: /Users/lute/project/momcozy-lab/app/test/modules/consultation/consultation_start_test.dart: device consent region and enter 320.0 / 1.0
00:12 +358: /Users/lute/project/momcozy-lab/app/test/modules/consultation/consultation_start_test.dart: device consent region and enter 320.0 / 1.0
00:12 +359: /Users/lute/project/momcozy-lab/app/test/modules/consultation/consultation_start_test.dart: device consent region and enter 320.0 / 1.0
00:12 +360: /Users/lute/project/momcozy-lab/app/test/modules/consultation/consultation_start_test.dart: device consent region and enter 320.0 / 1.0
00:12 +361: /Users/lute/project/momcozy-lab/app/test/modules/consultation/consultation_start_test.dart: device consent region and enter 320.0 / 1.0
00:12 +362: /Users/lute/project/momcozy-lab/app/test/modules/consultation/consultation_start_test.dart: device consent region and enter 320.0 / 1.0
00:12 +363: /Users/lute/project/momcozy-lab/app/test/modules/consultation/consultation_start_test.dart: device consent region and enter 320.0 / 1.0
00:12 +364: /Users/lute/project/momcozy-lab/app/test/modules/consultation/consultation_start_test.dart: device consent region and enter 320.0 / 1.0
00:12 +365: /Users/lute/project/momcozy-lab/app/test/modules/consultation/consultation_start_test.dart: device consent region and enter 320.0 / 1.0
00:12 +366: /Users/lute/project/momcozy-lab/app/test/modules/consultation/consultation_start_test.dart: device consent region and enter 320.0 / 1.0
00:12 +367: /Users/lute/project/momcozy-lab/app/test/modules/consultation/consultation_start_test.dart: device consent region and enter 320.0 / 1.0
00:12 +368: /Users/lute/project/momcozy-lab/app/test/modules/consultation/consultation_start_test.dart: device consent region and enter 320.0 / 1.0
00:12 +369: /Users/lute/project/momcozy-lab/app/test/modules/consultation/consultation_start_test.dart: device consent region and enter 320.0 / 1.0
00:12 +370: /Users/lute/project/momcozy-lab/app/test/modules/consultation/consultation_start_test.dart: device consent region and enter 320.0 / 1.0
00:12 +371: /Users/lute/project/momcozy-lab/app/test/modules/consultation/consultation_start_test.dart: device consent region and enter 320.0 / 1.0
00:12 +372: /Users/lute/project/momcozy-lab/app/test/modules/consultation/consultation_start_test.dart: device consent region and enter 320.0 / 1.0
00:12 +373: /Users/lute/project/momcozy-lab/app/test/modules/consultation/consultation_start_test.dart: device consent region and enter 320.0 / 1.0
00:12 +374: /Users/lute/project/momcozy-lab/app/test/modules/consultation/consultation_start_test.dart: device consent region and enter 320.0 / 1.0
00:12 +375: /Users/lute/project/momcozy-lab/app/test/features/notifications/notifications_page_test.dart: shows the real inbox and supports read and archive actions
00:13 +376: /Users/lute/project/momcozy-lab/app/test/features/notifications/notifications_page_test.dart: shows the real inbox and supports read and archive actions
00:13 +377: /Users/lute/project/momcozy-lab/app/test/features/notifications/notifications_page_test.dart: shows the real inbox and supports read and archive actions
00:13 +378: /Users/lute/project/momcozy-lab/app/test/modules/consultation/consultation_preparation_test.dart: preparation time and requirements 390.0 / 1.0
00:13 +379: /Users/lute/project/momcozy-lab/app/test/modules/consultation/consultation_preparation_test.dart: preparation time and requirements 390.0 / 1.0
00:13 +380: /Users/lute/project/momcozy-lab/app/test/modules/consultation/consultation_preparation_test.dart: preparation time and requirements 390.0 / 1.0
00:13 +381: /Users/lute/project/momcozy-lab/app/test/modules/consultation/consultation_preparation_test.dart: preparation time and requirements 390.0 / 1.0
00:13 +382: /Users/lute/project/momcozy-lab/app/test/modules/consultation/consultation_preparation_test.dart: preparation time and requirements 390.0 / 1.0
00:13 +383: /Users/lute/project/momcozy-lab/app/test/modules/consultation/consultation_preparation_test.dart: preparation time and requirements 390.0 / 1.0
00:13 +384: /Users/lute/project/momcozy-lab/app/test/modules/consultation/consultation_preparation_test.dart: preparation time and requirements 390.0 / 1.0
00:13 +385: /Users/lute/project/momcozy-lab/app/test/modules/consultation/consultation_preparation_test.dart: preparation time and requirements 390.0 / 1.0
00:13 +386: /Users/lute/project/momcozy-lab/app/test/modules/consultation/consultation_start_test.dart: device consent region and enter 320.0 / 2.0
00:13 +387: /Users/lute/project/momcozy-lab/app/test/modules/consultation/room_design_test.dart: room location and consent 320.0 / 2.0
00:13 +388: /Users/lute/project/momcozy-lab/app/test/features/notifications/notification_widgets_test.dart: first reminder uses education and denial leaves it off
00:13 +389: /Users/lute/project/momcozy-lab/app/test/features/notifications/notification_widgets_test.dart: first reminder uses education and denial leaves it off
00:13 +390: /Users/lute/project/momcozy-lab/app/test/features/notifications/notification_widgets_test.dart: first reminder uses education and denial leaves it off
00:13 +391: /Users/lute/project/momcozy-lab/app/test/features/notifications/notification_widgets_test.dart: first reminder uses education and denial leaves it off
00:13 +392: /Users/lute/project/momcozy-lab/app/test/features/notifications/notification_widgets_test.dart: first reminder uses education and denial leaves it off
00:13 +393: /Users/lute/project/momcozy-lab/app/test/features/notifications/notification_widgets_test.dart: first reminder uses education and denial leaves it off
00:13 +394: /Users/lute/project/momcozy-lab/app/test/features/notifications/notification_widgets_test.dart: first reminder uses education and denial leaves it off
00:13 +395: /Users/lute/project/momcozy-lab/app/test/features/notifications/notification_widgets_test.dart: first reminder uses education and denial leaves it off
00:13 +396: /Users/lute/project/momcozy-lab/app/test/modules/consultation/consultation_preparation_test.dart: preparation time and requirements 430.0 / 1.0
00:13 +397: /Users/lute/project/momcozy-lab/app/test/modules/consultation/consultation_preparation_test.dart: preparation time and requirements 430.0 / 1.0
00:13 +398: /Users/lute/project/momcozy-lab/app/test/modules/consultation/consultation_preparation_test.dart: preparation time and requirements 430.0 / 1.0
00:14 +399: /Users/lute/project/momcozy-lab/app/test/modules/consultation/consultation_preparation_test.dart: preparation time and requirements 430.0 / 1.0
00:14 +400: /Users/lute/project/momcozy-lab/app/test/modules/consultation/consultation_preparation_test.dart: preparation time and requirements 430.0 / 1.0
00:14 +401: /Users/lute/project/momcozy-lab/app/test/modules/consultation/consultation_preparation_test.dart: preparation time and requirements 430.0 / 1.0
00:14 +402: /Users/lute/project/momcozy-lab/app/test/features/notifications/notification_design_test.dart: inbox and retained-content error at 320.0 / 1.0
00:14 +403: /Users/lute/project/momcozy-lab/app/test/features/notifications/notification_design_test.dart: inbox and retained-content error at 320.0 / 1.0
00:14 +404: /Users/lute/project/momcozy-lab/app/test/features/notifications/notification_design_test.dart: inbox and retained-content error at 320.0 / 1.0
00:14 +405: /Users/lute/project/momcozy-lab/app/test/features/notifications/notification_design_test.dart: inbox and retained-content error at 320.0 / 1.0
00:14 +406: /Users/lute/project/momcozy-lab/app/test/features/notifications/notification_design_test.dart: inbox and retained-content error at 320.0 / 1.0
00:14 +407: /Users/lute/project/momcozy-lab/app/test/features/notifications/notification_design_test.dart: inbox and retained-content error at 320.0 / 1.0
00:14 +408: /Users/lute/project/momcozy-lab/app/test/features/notifications/notification_design_test.dart: inbox and retained-content error at 320.0 / 1.0
00:14 +409: /Users/lute/project/momcozy-lab/app/test/features/notifications/notification_design_test.dart: inbox and retained-content error at 320.0 / 1.0
00:14 +410: /Users/lute/project/momcozy-lab/app/test/features/notifications/notification_design_test.dart: inbox and retained-content error at 320.0 / 1.0
00:14 +411: /Users/lute/project/momcozy-lab/app/test/modules/consultation/consultation_start_test.dart: device consent region and enter 430.0 / 1.0
00:14 +412: /Users/lute/project/momcozy-lab/app/test/features/notifications/firebase_push_messaging_test.dart: missing APNs stays pending and a later retry can acquire the token
00:14 +413: /Users/lute/project/momcozy-lab/app/test/features/notifications/firebase_push_messaging_test.dart: missing APNs stays pending and a later retry can acquire the token
00:14 +414: /Users/lute/project/momcozy-lab/app/test/features/notifications/firebase_push_messaging_test.dart: missing APNs stays pending and a later retry can acquire the token
00:14 +415: /Users/lute/project/momcozy-lab/app/test/features/notifications/firebase_push_messaging_test.dart: missing APNs stays pending and a later retry can acquire the token
00:14 +416: /Users/lute/project/momcozy-lab/app/test/features/notifications/firebase_push_messaging_test.dart: missing APNs stays pending and a later retry can acquire the token
00:14 +417: /Users/lute/project/momcozy-lab/app/test/features/notifications/firebase_push_messaging_test.dart: missing APNs stays pending and a later retry can acquire the token
00:14 +418: /Users/lute/project/momcozy-lab/app/test/features/notifications/firebase_push_messaging_test.dart: missing APNs stays pending and a later retry can acquire the token
00:14 +419: /Users/lute/project/momcozy-lab/app/test/features/notifications/firebase_push_messaging_test.dart: missing APNs stays pending and a later retry can acquire the token
00:14 +420: /Users/lute/project/momcozy-lab/app/test/features/notifications/firebase_push_messaging_test.dart: missing APNs stays pending and a later retry can acquire the token
00:14 +421: /Users/lute/project/momcozy-lab/app/test/features/notifications/firebase_push_messaging_test.dart: missing APNs stays pending and a later retry can acquire the token
00:14 +422: /Users/lute/project/momcozy-lab/app/test/features/notifications/firebase_push_messaging_test.dart: missing APNs stays pending and a later retry can acquire the token
00:14 +423: /Users/lute/project/momcozy-lab/app/test/features/notifications/firebase_push_messaging_test.dart: missing APNs stays pending and a later retry can acquire the token
00:14 +424: /Users/lute/project/momcozy-lab/app/test/features/notifications/firebase_push_messaging_test.dart: missing APNs stays pending and a later retry can acquire the token
00:14 +425: /Users/lute/project/momcozy-lab/app/test/features/notifications/firebase_push_messaging_test.dart: missing APNs stays pending and a later retry can acquire the token
00:15 +426: /Users/lute/project/momcozy-lab/app/test/features/notifications/firebase_push_messaging_test.dart: missing APNs stays pending and a later retry can acquire the token
00:15 +427: /Users/lute/project/momcozy-lab/app/test/features/notifications/firebase_push_messaging_test.dart: missing APNs stays pending and a later retry can acquire the token
00:15 +428: /Users/lute/project/momcozy-lab/app/test/features/notifications/firebase_push_messaging_test.dart: missing APNs stays pending and a later retry can acquire the token
00:15 +429: /Users/lute/project/momcozy-lab/app/test/features/notifications/firebase_push_messaging_test.dart: missing APNs stays pending and a later retry can acquire the token
00:15 +430: /Users/lute/project/momcozy-lab/app/test/features/notifications/firebase_push_messaging_test.dart: missing APNs stays pending and a later retry can acquire the token
00:15 +431: /Users/lute/project/momcozy-lab/app/test/features/notifications/firebase_push_messaging_test.dart: missing APNs stays pending and a later retry can acquire the token
00:15 +432: /Users/lute/project/momcozy-lab/app/test/features/notifications/firebase_push_messaging_test.dart: missing APNs stays pending and a later retry can acquire the token
00:15 +433: /Users/lute/project/momcozy-lab/app/test/features/notifications/firebase_push_messaging_test.dart: missing APNs stays pending and a later retry can acquire the token
00:15 +434: /Users/lute/project/momcozy-lab/app/test/features/notifications/firebase_push_messaging_test.dart: missing APNs stays pending and a later retry can acquire the token
00:15 +435: /Users/lute/project/momcozy-lab/app/test/features/notifications/firebase_push_messaging_test.dart: missing APNs stays pending and a later retry can acquire the token
00:15 +436: /Users/lute/project/momcozy-lab/app/test/features/notifications/firebase_push_messaging_test.dart: missing APNs stays pending and a later retry can acquire the token
00:15 +437: /Users/lute/project/momcozy-lab/app/test/features/notifications/firebase_push_messaging_test.dart: missing APNs stays pending and a later retry can acquire the token
00:15 +438: /Users/lute/project/momcozy-lab/app/test/features/notifications/firebase_push_messaging_test.dart: missing APNs stays pending and a later retry can acquire the token
00:15 +439: /Users/lute/project/momcozy-lab/app/test/features/notifications/firebase_push_messaging_test.dart: missing APNs stays pending and a later retry can acquire the token
00:16 +440: /Users/lute/project/momcozy-lab/app/test/features/notifications/firebase_push_messaging_test.dart: missing APNs stays pending and a later retry can acquire the token
00:16 +441: /Users/lute/project/momcozy-lab/app/test/features/notifications/firebase_push_messaging_test.dart: missing APNs stays pending and a later retry can acquire the token
00:16 +442: /Users/lute/project/momcozy-lab/app/test/features/notifications/firebase_push_messaging_test.dart: missing APNs stays pending and a later retry can acquire the token
00:16 +443: /Users/lute/project/momcozy-lab/app/test/features/notifications/firebase_push_messaging_test.dart: missing APNs stays pending and a later retry can acquire the token
00:16 +444: /Users/lute/project/momcozy-lab/app/test/features/notifications/firebase_push_messaging_test.dart: Android does not wait for APNs and logout pauses auto-init
00:16 +445: All tests passed!
