00:00 +0: loading /Users/lute/project/momcozy-lab/app/test/modules/services/service_catalog_states_test.dart
00:00 +0: (setUpAll)
00:00 +0: catalog refresh failures remain visible and can recover without losing packages
══╡ EXCEPTION CAUGHT BY FLUTTER TEST FRAMEWORK ╞════════════════════════════════════════════════════
The following TestFailure was thrown running a test:
Expected: exactly one matching candidate
  Actual: _TextWidgetFinder:<Found 0 widgets with text "网络未连接，请连接后重试": []>
   Which: means none were found but one was expected

When the exception was thrown, this was the stack:
#4      main.<anonymous closure> (file:///Users/lute/project/momcozy-lab/app/test/modules/services/service_catalog_states_test.dart:209:7)
<asynchronous suspension>
#5      testWidgets.<anonymous closure>.<anonymous closure> (package:flutter_test/src/widget_tester.dart:192:15)
<asynchronous suspension>
#6      TestWidgetsFlutterBinding._runTestBody (package:flutter_test/src/binding.dart:1952:5)
<asynchronous suspension>
<asynchronous suspension>
(elided one frame from package:stack_trace)

This was caught by the test expectation on the following line:
  file:///Users/lute/project/momcozy-lab/app/test/modules/services/service_catalog_states_test.dart line 209
The test description was:
  catalog refresh failures remain visible and can recover without losing packages
════════════════════════════════════════════════════════════════════════════════════════════════════
00:00 +0 -1: catalog refresh failures remain visible and can recover without losing packages [E]
  Test failed. See exception logs above.
  The test description was: catalog refresh failures remain visible and can recover without losing packages
  
00:00 +0 -1: (tearDownAll)
00:00 +0 -1: Some tests failed.

Failing tests:
  /Users/lute/project/momcozy-lab/app/test/modules/services/service_catalog_states_test.dart: catalog refresh failures remain visible and can recover without losing packages
