00:00 +0: loading /Users/lute/project/momcozy-lab/app/test/modules/mom/mother_diary_test.dart
00:00 +0: /Users/lute/project/momcozy-lab/app/test/modules/mom/mother_diary_test.dart: app router opens the selected diary section with the current API
00:00 +1: /Users/lute/project/momcozy-lab/app/test/modules/mom/mother_diary_test.dart: repository writes canonical grouped fields, version and no owner override
00:00 +2: /Users/lute/project/momcozy-lab/app/test/modules/mom/mother_diary_test.dart: failure preserves draft and retry is versioned; duplicate taps save once
00:00 +3: /Users/lute/project/momcozy-lab/app/test/modules/mom/mother_diary_test.dart: late async completion cannot notify a disposed editor
00:00 +4: /Users/lute/project/momcozy-lab/app/test/modules/mom/mother_diary_test.dart: three tabs preserve choices and saving shows a durable result
00:00 +5: /Users/lute/project/momcozy-lab/app/test/modules/mom/mother_diary_test.dart: failed loading has retry and does not look like a blank diary
00:00 +6: /Users/lute/project/momcozy-lab/app/test/modules/mom/mother_diary_test.dart: diary renders at 320px
00:00 +7: /Users/lute/project/momcozy-lab/app/test/modules/mom/mother_diary_test.dart: diary renders at 390px
00:00 +8: /Users/lute/project/momcozy-lab/app/test/modules/mom/mother_diary_test.dart: diary renders at 430px
00:00 +9: loading /Users/lute/project/momcozy-lab/app/test/modules/mom/mother_forms_design_test.dart
00:01 +9: /Users/lute/project/momcozy-lab/app/test/modules/mom/mother_forms_design_test.dart: (setUpAll)
00:01 +9: /Users/lute/project/momcozy-lab/app/test/modules/mom/mother_forms_design_test.dart: diary rest dialog at 320.0 / 1.0
00:02 +10: /Users/lute/project/momcozy-lab/app/test/modules/mom/mother_forms_design_test.dart: diary body dialog at 320.0 / 1.0
00:02 +11: /Users/lute/project/momcozy-lab/app/test/modules/mom/mother_forms_design_test.dart: diary mood dialog at 320.0 / 1.0
00:02 +12: /Users/lute/project/momcozy-lab/app/test/modules/mom/mother_forms_design_test.dart: diary rest dialog at 320.0 / 2.0
00:02 +13: /Users/lute/project/momcozy-lab/app/test/modules/mom/mother_forms_design_test.dart: diary body dialog at 320.0 / 2.0
00:03 +14: /Users/lute/project/momcozy-lab/app/test/modules/mom/mother_forms_design_test.dart: diary mood dialog at 320.0 / 2.0
00:03 +15: /Users/lute/project/momcozy-lab/app/test/modules/mom/mother_forms_design_test.dart: diary rest dialog at 390.0 / 1.0
00:03 +16: /Users/lute/project/momcozy-lab/app/test/modules/mom/mother_forms_design_test.dart: diary body dialog at 390.0 / 1.0
00:03 +17: /Users/lute/project/momcozy-lab/app/test/modules/mom/mother_forms_design_test.dart: diary mood dialog at 390.0 / 1.0
00:03 +18: /Users/lute/project/momcozy-lab/app/test/modules/mom/mother_forms_design_test.dart: diary rest dialog at 390.0 / 2.0
00:03 +19: /Users/lute/project/momcozy-lab/app/test/modules/mom/mother_forms_design_test.dart: diary body dialog at 390.0 / 2.0
00:03 +20: /Users/lute/project/momcozy-lab/app/test/modules/mom/mother_forms_design_test.dart: diary mood dialog at 390.0 / 2.0
00:03 +21: /Users/lute/project/momcozy-lab/app/test/modules/mom/mother_forms_design_test.dart: diary rest dialog at 430.0 / 1.0
00:03 +22: /Users/lute/project/momcozy-lab/app/test/modules/mom/mother_forms_design_test.dart: diary body dialog at 430.0 / 1.0
00:04 +23: /Users/lute/project/momcozy-lab/app/test/modules/mom/mother_forms_design_test.dart: diary mood dialog at 430.0 / 1.0
00:04 +24: /Users/lute/project/momcozy-lab/app/test/modules/mom/mother_forms_design_test.dart: diary rest dialog at 430.0 / 2.0
00:04 +25: /Users/lute/project/momcozy-lab/app/test/modules/mom/mother_forms_design_test.dart: diary body dialog at 430.0 / 2.0
00:04 +26: /Users/lute/project/momcozy-lab/app/test/modules/mom/mother_forms_design_test.dart: diary mood dialog at 430.0 / 2.0
00:04 +27: /Users/lute/project/momcozy-lab/app/test/modules/mom/mother_forms_design_test.dart: (tearDownAll)
00:04 +27: loading /Users/lute/project/momcozy-lab/app/test/modules/mom/mother_diary_states_test.dart
00:04 +27: /Users/lute/project/momcozy-lab/app/test/modules/mom/mother_diary_states_test.dart: (setUpAll)
00:05 +27: /Users/lute/project/momcozy-lab/app/test/modules/mom/mother_diary_states_test.dart: diary optional and conditional fields save without stale values 320.0/1.0
00:06 +28: /Users/lute/project/momcozy-lab/app/test/modules/mom/mother_diary_states_test.dart: diary optional and conditional fields save without stale values 320.0/2.0
00:06 +29: /Users/lute/project/momcozy-lab/app/test/modules/mom/mother_diary_states_test.dart: diary optional and conditional fields save without stale values 390.0/1.0
00:07 +30: /Users/lute/project/momcozy-lab/app/test/modules/mom/mother_diary_states_test.dart: diary optional and conditional fields save without stale values 390.0/2.0
00:07 +31: /Users/lute/project/momcozy-lab/app/test/modules/mom/mother_diary_states_test.dart: diary optional and conditional fields save without stale values 430.0/1.0
00:08 +32: /Users/lute/project/momcozy-lab/app/test/modules/mom/mother_diary_states_test.dart: diary optional and conditional fields save without stale values 430.0/2.0
00:08 +33: /Users/lute/project/momcozy-lab/app/test/modules/mom/mother_diary_states_test.dart: (tearDownAll)
00:08 +33: loading /Users/lute/project/momcozy-lab/app/test/modules/mom/mother_diary_page_test.dart
00:09 +33: /Users/lute/project/momcozy-lab/app/test/modules/mom/mother_diary_page_test.dart: independent diary uses shared sections, preserves draft and saves 320.0/1.0
00:09 +34: /Users/lute/project/momcozy-lab/app/test/modules/mom/mother_diary_page_test.dart: independent diary uses shared sections, preserves draft and saves 320.0/2.0
00:10 +35: /Users/lute/project/momcozy-lab/app/test/modules/mom/mother_diary_page_test.dart: independent diary uses shared sections, preserves draft and saves 390.0/1.0
00:10 +36: /Users/lute/project/momcozy-lab/app/test/modules/mom/mother_diary_page_test.dart: independent diary uses shared sections, preserves draft and saves 390.0/2.0
00:10 +37: /Users/lute/project/momcozy-lab/app/test/modules/mom/mother_diary_page_test.dart: independent diary uses shared sections, preserves draft and saves 430.0/1.0
00:11 +38: /Users/lute/project/momcozy-lab/app/test/modules/mom/mother_diary_page_test.dart: independent diary uses shared sections, preserves draft and saves 430.0/2.0
00:11 +39: /Users/lute/project/momcozy-lab/app/test/modules/mom/mother_diary_page_test.dart: short diary keeps note and save reachable with keyboard and large text
00:11 +40: loading /Users/lute/project/momcozy-lab/app/test/modules/mom/mother_diary_redesign_test.dart
00:12 +40: /Users/lute/project/momcozy-lab/app/test/modules/mom/mother_diary_redesign_test.dart: (setUpAll)
00:12 +40: /Users/lute/project/momcozy-lab/app/test/modules/mom/mother_diary_redesign_test.dart: diary loading, conflict, draft boundary and versioned reload 320.0/1.0
00:13 +41: /Users/lute/project/momcozy-lab/app/test/modules/mom/mother_diary_redesign_test.dart: diary quick mood, exclusive pressure and clearing saved record 320.0/1.0
00:13 +42: /Users/lute/project/momcozy-lab/app/test/modules/mom/mother_diary_redesign_test.dart: diary loading, conflict, draft boundary and versioned reload 320.0/2.0
00:13 +43: /Users/lute/project/momcozy-lab/app/test/modules/mom/mother_diary_redesign_test.dart: diary quick mood, exclusive pressure and clearing saved record 320.0/2.0
00:14 +44: /Users/lute/project/momcozy-lab/app/test/modules/mom/mother_diary_redesign_test.dart: diary loading, conflict, draft boundary and versioned reload 390.0/1.0
00:14 +45: /Users/lute/project/momcozy-lab/app/test/modules/mom/mother_diary_redesign_test.dart: diary quick mood, exclusive pressure and clearing saved record 390.0/1.0
00:14 +46: /Users/lute/project/momcozy-lab/app/test/modules/mom/mother_diary_redesign_test.dart: diary loading, conflict, draft boundary and versioned reload 390.0/2.0
00:14 +47: /Users/lute/project/momcozy-lab/app/test/modules/mom/mother_diary_redesign_test.dart: diary quick mood, exclusive pressure and clearing saved record 390.0/2.0
00:15 +48: /Users/lute/project/momcozy-lab/app/test/modules/mom/mother_diary_redesign_test.dart: diary loading, conflict, draft boundary and versioned reload 430.0/1.0
00:15 +49: /Users/lute/project/momcozy-lab/app/test/modules/mom/mother_diary_redesign_test.dart: diary quick mood, exclusive pressure and clearing saved record 430.0/1.0
00:15 +50: /Users/lute/project/momcozy-lab/app/test/modules/mom/mother_diary_redesign_test.dart: diary loading, conflict, draft boundary and versioned reload 430.0/2.0
00:15 +51: /Users/lute/project/momcozy-lab/app/test/modules/mom/mother_diary_redesign_test.dart: diary quick mood, exclusive pressure and clearing saved record 430.0/2.0
00:15 +52: /Users/lute/project/momcozy-lab/app/test/modules/mom/mother_diary_redesign_test.dart: (tearDownAll)
00:15 +52: All tests passed!
