Resolving dependencies...
Downloading packages...
  archive 4.0.9 (4.3.0 available)
  clock 1.1.2 (1.1.3 available)
  code_assets 1.2.1 (2.0.0 available)
  cross_file 0.3.5+4 (0.3.5+5 available)
  dart_webrtc 1.8.1 (1.8.2 available)
  file_selector_android 0.5.2+8 (0.5.2+11 available)
  file_selector_ios 0.5.3+5 (0.5.3+6 available)
  file_selector_linux 0.9.4 (0.9.4+1 available)
  file_selector_macos 0.9.5 (0.9.5+1 available)
  file_selector_windows 0.9.3+5 (0.9.3+6 available)
  flutter_markdown_plus 1.0.11 (1.0.12 available)
  flutter_secure_storage 10.3.1 (11.1.1 available)
  flutter_secure_storage_darwin 0.3.2 (0.4.2 available)
  flutter_secure_storage_linux 3.0.1 (3.0.3 available)
  flutter_secure_storage_platform_interface 2.0.1 (2.1.0 available)
  flutter_webrtc 1.6.0 (1.6.2+hotfix.1 available)
  go_router 17.3.0 (18.0.1 available)
  hooks 2.0.2 (2.2.0 available)
  html 0.15.6 (0.15.7 available)
  image 4.9.1 (4.10.1 available)
  image_picker_android 0.8.13+19 (0.8.13+23 available)
  image_picker_ios 0.8.13+6 (0.8.13+7 available)
  intl 0.20.2 (0.20.3 available)
  jni 1.0.0 (1.0.3 available)
  jni_flutter 1.0.1 (1.0.3 available)
  logger 2.7.0 (2.8.0 available)
  matcher 0.12.19 (0.12.20 available)
  material_color_utilities 0.13.0 (0.13.1 available)
  meta 1.18.0 (1.19.0 available)
  mime 2.0.0 (2.1.0 available)
  objective_c 9.4.1 (9.6.0 available)
  package_config 2.2.0 (3.0.0 available)
  pdfium_dart 0.1.3 (0.3.0 available)
  pdfium_flutter 0.1.9 (0.3.0 available)
  pdfrx 2.2.24 (2.6.1 available)
  pdfrx_engine 0.3.9 (0.6.0 available)
  platform 3.1.6 (3.2.0 available)
  posix 6.5.0 (6.5.2 available)
  process 5.0.5 (5.0.6 available)
  protobuf 6.0.0 (6.1.0 available)
  pub_semver 2.2.0 (2.2.1 available)
  record_use 0.6.0 (1.1.1 available)
  share_plus 13.2.0 (13.3.0 available)
  share_plus_platform_interface 7.1.0 (7.2.0 available)
  stack_trace 1.12.1 (1.12.2 available)
  synchronized 3.4.1 (3.4.2 available)
  test_api 0.7.11 (0.7.14 available)
  url_launcher_android 6.3.32 (6.3.33 available)
  url_launcher_ios 6.4.1 (6.4.2 available)
  url_launcher_linux 3.2.2 (3.2.3 available)
  url_launcher_macos 3.2.5 (3.2.6 available)
  url_launcher_windows 3.1.5 (3.1.6 available)
  uuid 4.5.3 (4.6.0 available)
  vector_math 2.2.0 (2.4.2 available)
  video_player 2.11.1 (2.14.0 available)
  video_player_android 2.10.0 (2.12.2 available)
  video_player_avfoundation 2.10.0 (2.12.0 available)
  vm_service 15.2.0 (15.3.0 available)
  webdriver 3.1.0 (3.2.0 available)
  win32 6.3.0 (6.4.0 available)
  yaml 3.1.3 (3.1.4 available)
Got dependencies!
61 packages have newer versions incompatible with dependency constraints.
Try `flutter pub outdated` for more information.
00:00 +0: loading /Users/lute/project/momcozy-lab/app/test/app/more_review_capture_tmp_test.dart
00:00 +0: /Users/lute/project/momcozy-lab/app/test/modules/profile/more_review_runtime_tmp_test.dart: (setUpAll)
00:00 +0: /Users/lute/project/momcozy-lab/app/test/app/more_review_capture_tmp_test.dart: (setUpAll)
00:00 +0: /Users/lute/project/momcozy-lab/app/test/modules/profile/more_review_runtime_tmp_test.dart: inventory current More routes 393/1x
00:00 +1: /Users/lute/project/momcozy-lab/app/test/modules/profile/more_review_runtime_tmp_test.dart: inventory current More routes 393/1x
00:00 +2: /Users/lute/project/momcozy-lab/app/test/modules/profile/more_review_runtime_tmp_test.dart: inventory current More routes 393/1x
00:00 +3: /Users/lute/project/momcozy-lab/app/test/modules/profile/more_review_runtime_tmp_test.dart: inventory current More routes 393/1x
00:00 +4: /Users/lute/project/momcozy-lab/app/test/modules/profile/more_review_runtime_tmp_test.dart: inventory current More routes 393/1x
00:00 +5: /Users/lute/project/momcozy-lab/app/test/modules/profile/more_review_runtime_tmp_test.dart: inventory current More routes 393/1x
00:00 +6: /Users/lute/project/momcozy-lab/app/test/modules/profile/more_review_runtime_tmp_test.dart: inventory current More routes 393/1x
00:00 +7: /Users/lute/project/momcozy-lab/app/test/modules/profile/more_review_runtime_tmp_test.dart: inventory current More routes 393/1x
00:00 +8: /Users/lute/project/momcozy-lab/app/test/modules/profile/more_review_runtime_tmp_test.dart: inventory current More routes 393/1x
══╡ EXCEPTION CAUGHT BY FLUTTER TEST FRAMEWORK ╞════════════════════════════════════════════════════
The following StateError was thrown running a test:
Bad state: No element

When the exception was thrown, this was the stack:
#0      Iterable.single (dart:core/iterable.dart:694:25)
#1      WidgetController.element (package:flutter_test/src/controller.dart:888:30)
#2      WidgetController.dragUntilVisible.<anonymous closure> (package:flutter_test/src/controller.dart:2482:38)
<asynchronous suspension>
#3      TestAsyncUtils.guard.<anonymous closure> (package:flutter_test/src/test_async_utils.dart:130:27)
<asynchronous suspension>
#4      WidgetController.scrollUntilVisible.<anonymous closure> (package:flutter_test/src/controller.dart:2439:7)
<asynchronous suspension>
#5      TestAsyncUtils.guard.<anonymous closure> (package:flutter_test/src/test_async_utils.dart:130:27)
<asynchronous suspension>
#6      main.tap (file:///Users/lute/project/momcozy-lab/app/test/modules/profile/more_review_runtime_tmp_test.dart:139:7)
<asynchronous suspension>
#7      main.<anonymous closure> (file:///Users/lute/project/momcozy-lab/app/test/modules/profile/more_review_runtime_tmp_test.dart:274:7)
<asynchronous suspension>
#8      testWidgets.<anonymous closure>.<anonymous closure> (package:flutter_test/src/widget_tester.dart:192:15)
<asynchronous suspension>
#9      TestWidgetsFlutterBinding._runTestBody (package:flutter_test/src/binding.dart:1952:5)
<asynchronous suspension>
<asynchronous suspension>
(elided one frame from package:stack_trace)

The test description was:
  inventory current More routes 393/1x
════════════════════════════════════════════════════════════════════════════════════════════════════
00:01 +8 -1: /Users/lute/project/momcozy-lab/app/test/modules/profile/more_review_runtime_tmp_test.dart: inventory current More routes 393/1x [E]
  Test failed. See exception logs above.
  The test description was: inventory current More routes 393/1x
  
00:01 +8 -1: /Users/lute/project/momcozy-lab/app/test/modules/profile/more_review_runtime_tmp_test.dart: inventory current More pending 393/1x
00:01 +9 -1: /Users/lute/project/momcozy-lab/app/test/modules/profile/more_review_runtime_tmp_test.dart: inventory current More name-unavailable 393/1x
00:01 +10 -1: /Users/lute/project/momcozy-lab/app/test/modules/profile/more_review_runtime_tmp_test.dart: inventory current More email-unavailable 393/1x
00:01 +11 -1: /Users/lute/project/momcozy-lab/app/test/modules/profile/more_review_runtime_tmp_test.dart: inventory current More both-unavailable 393/1x
00:01 +12 -1: /Users/lute/project/momcozy-lab/app/test/modules/profile/more_review_runtime_tmp_test.dart: inventory current More long 393/1x
00:02 +13 -1: /Users/lute/project/momcozy-lab/app/test/modules/profile/more_review_runtime_tmp_test.dart: inventory current More remote signout error 393/1x
00:02 +14 -1: /Users/lute/project/momcozy-lab/app/test/modules/profile/more_review_runtime_tmp_test.dart: (tearDownAll)
00:02 +14 -1: Some tests failed.

Failing tests:
  /Users/lute/project/momcozy-lab/app/test/modules/profile/more_review_runtime_tmp_test.dart: inventory current More routes 393/1x
