Resolving dependencies...
Downloading packages...
+ async 2.13.1
+ boolean_selector 2.1.2
+ characters 1.4.1
+ clock 1.1.2 (1.1.3 available)
+ collection 1.19.1
+ fake_async 1.3.3
+ flutter 0.0.0 from sdk flutter
+ flutter_lints 6.0.0
+ flutter_test 0.0.0 from sdk flutter
+ leak_tracker 11.0.2
+ leak_tracker_flutter_testing 3.0.10
+ leak_tracker_testing 3.0.2
+ lints 6.1.0
+ matcher 0.12.19 (0.12.20 available)
+ material_color_utilities 0.13.0 (0.13.1 available)
+ meta 1.18.0 (1.19.0 available)
+ path 1.9.1
+ sky_engine 0.0.0 from sdk flutter
+ source_span 1.10.2
+ stack_trace 1.12.1 (1.12.2 available)
+ stream_channel 2.1.4
+ string_scanner 1.4.1
+ term_glyph 1.2.2
+ test_api 0.7.11 (0.7.14 available)
+ vector_math 2.2.0 (2.4.2 available)
+ vm_service 15.3.0
Changed 26 dependencies!
7 packages have newer versions incompatible with dependency constraints.
Try `flutter pub outdated` for more information.
