Analyzing app...                                                

  error • Target of URI doesn't exist: '../../../domain/care/appointment.dart'. Try creating the file referenced by the URI, or try using a URI for a file that does exist • docs/ui-refactor/20260914-consultation-live-room/before/room_page.dart:4:8 • uri_does_not_exist
  error • Target of URI doesn't exist: '../../../domain/care/consultation_room.dart'. Try creating the file referenced by the URI, or try using a URI for a file that does exist • docs/ui-refactor/20260914-consultation-live-room/before/room_page.dart:5:8 • uri_does_not_exist
  error • Target of URI doesn't exist: '../../../services/consultations/consultation_media.dart'. Try creating the file referenced by the URI, or try using a URI for a file that does exist • docs/ui-refactor/20260914-consultation-live-room/before/room_page.dart:6:8 • uri_does_not_exist
  error • Target of URI doesn't exist: '../../../shared/design_system/momcozy_design_system.dart'. Try creating the file referenced by the URI, or try using a URI for a file that does exist • docs/ui-refactor/20260914-consultation-live-room/before/room_page.dart:7:8 • uri_does_not_exist
  error • Target of URI doesn't exist: '../../../shared/design_system/momcozy_text_roles.dart'. Try creating the file referenced by the URI, or try using a URI for a file that does exist • docs/ui-refactor/20260914-consultation-live-room/before/room_page.dart:8:8 • uri_does_not_exist
  error • Target of URI doesn't exist: '../../../shared/widgets/product_feedback.dart'. Try creating the file referenced by the URI, or try using a URI for a file that does exist • docs/ui-refactor/20260914-consultation-live-room/before/room_page.dart:9:8 • uri_does_not_exist
  error • Target of URI doesn't exist: '../../../shared/widgets/momcozy_components.dart'. Try creating the file referenced by the URI, or try using a URI for a file that does exist • docs/ui-refactor/20260914-consultation-live-room/before/room_page.dart:10:8 • uri_does_not_exist
  error • Target of URI doesn't exist: '../../../shared/zoned_time.dart'. Try creating the file referenced by the URI, or try using a URI for a file that does exist • docs/ui-refactor/20260914-consultation-live-room/before/room_page.dart:11:8 • uri_does_not_exist
  error • Target of URI doesn't exist: '../../services/presentation/appointment_summary.dart'. Try creating the file referenced by the URI, or try using a URI for a file that does exist • docs/ui-refactor/20260914-consultation-live-room/before/room_page.dart:12:8 • uri_does_not_exist
  error • Target of URI doesn't exist: '../application/room_controller.dart'. Try creating the file referenced by the URI, or try using a URI for a file that does exist • docs/ui-refactor/20260914-consultation-live-room/before/room_page.dart:13:8 • uri_does_not_exist
  error • Target of URI doesn't exist: 'device_check_dialog.dart'. Try creating the file referenced by the URI, or try using a URI for a file that does exist • docs/ui-refactor/20260914-consultation-live-room/before/room_page.dart:15:8 • uri_does_not_exist
  error • Target of URI doesn't exist: 'device_preview_dialog.dart'. Try creating the file referenced by the URI, or try using a URI for a file that does exist • docs/ui-refactor/20260914-consultation-live-room/before/room_page.dart:16:8 • uri_does_not_exist
  error • Target of URI doesn't exist: 'consultation_start_dialog.dart'. Try creating the file referenced by the URI, or try using a URI for a file that does exist • docs/ui-refactor/20260914-consultation-live-room/before/room_page.dart:17:8 • uri_does_not_exist
  error • Target of URI doesn't exist: 'consultation_preparation.dart'. Try creating the file referenced by the URI, or try using a URI for a file that does exist • docs/ui-refactor/20260914-consultation-live-room/before/room_page.dart:18:8 • uri_does_not_exist
  error • Target of URI doesn't exist: '../../services/presentation/service_flow_theme.dart'. Try creating the file referenced by the URI, or try using a URI for a file that does exist • docs/ui-refactor/20260914-consultation-live-room/before/room_page.dart:19:8 • uri_does_not_exist
  error • Target of URI doesn't exist: '../../../shared/widgets/product_flow_dialog.dart'. Try creating the file referenced by the URI, or try using a URI for a file that does exist • docs/ui-refactor/20260914-consultation-live-room/before/room_page.dart:20:8 • uri_does_not_exist
  error • Target of URI doesn't exist: '../../../shared/widgets/mom_settings_widgets.dart'. Try creating the file referenced by the URI, or try using a URI for a file that does exist • docs/ui-refactor/20260914-consultation-live-room/before/room_page.dart:21:8 • uri_does_not_exist
  error • Target of URI doesn't exist: '../../../shared/design_system/mom_settings_theme.dart'. Try creating the file referenced by the URI, or try using a URI for a file that does exist • docs/ui-refactor/20260914-consultation-live-room/before/room_page.dart:22:8 • uri_does_not_exist
  error • Target of URI doesn't exist: '../../../shared/design_system/mom_home_tokens.dart'. Try creating the file referenced by the URI, or try using a URI for a file that does exist • docs/ui-refactor/20260914-consultation-live-room/before/room_page.dart:23:8 • uri_does_not_exist
  error • Target of URI doesn't exist: '../../../services/consultations/device_check.dart'. Try creating the file referenced by the URI, or try using a URI for a file that does exist • docs/ui-refactor/20260914-consultation-live-room/before/room_page.dart:24:8 • uri_does_not_exist
  error • Undefined class 'ConsultationRoomController'. Try changing the name to the name of an existing class, or creating a class with the name 'ConsultationRoomController' • docs/ui-refactor/20260914-consultation-live-room/before/room_page.dart:40:9 • undefined_class
  error • Undefined class 'ConsultationDeviceCheck'. Try changing the name to the name of an existing class, or creating a class with the name 'ConsultationDeviceCheck' • docs/ui-refactor/20260914-consultation-live-room/before/room_page.dart:41:9 • undefined_class
  error • Undefined class 'CareAppointment'. Try changing the name to the name of an existing class, or creating a class with the name 'CareAppointment' • docs/ui-refactor/20260914-consultation-live-room/before/room_page.dart:42:31 • undefined_class
  error • Undefined class 'CareAppointment'. Try changing the name to the name of an existing class, or creating a class with the name 'CareAppointment' • docs/ui-refactor/20260914-consultation-live-room/before/room_page.dart:46:23 • undefined_class
  error • Undefined class 'ConsultationRoomController'. Try changing the name to the name of an existing class, or creating a class with the name 'ConsultationRoomController' • docs/ui-refactor/20260914-consultation-live-room/before/room_page.dart:53:14 • undefined_class
  error • The method 'ServiceFlowTheme' isn't defined for the type '_ConsultationRoomPageState'. Try correcting the name to the name of an existing method, or defining a method named 'ServiceFlowTheme' • docs/ui-refactor/20260914-consultation-live-room/before/room_page.dart:140:54 • undefined_method
  error • The method 'ProductFlowDialog' isn't defined for the type '_ConsultationRoomPageState'. Try correcting the name to the name of an existing method, or defining a method named 'ProductFlowDialog' • docs/ui-refactor/20260914-consultation-live-room/before/room_page.dart:141:12 • undefined_method
  error • Invalid constant value • docs/ui-refactor/20260914-consultation-live-room/before/room_page.dart:157:22 • invalid_constant
  error • Undefined name 'MomCozyColors'. Try correcting the name to one that is defined, or defining the name • docs/ui-refactor/20260914-consultation-live-room/before/room_page.dart:157:22 • undefined_identifier
  error • Undefined name 'ServiceFlowTheme'. Try correcting the name to one that is defined, or defining the name • docs/ui-refactor/20260914-consultation-live-room/before/room_page.dart:169:24 • undefined_identifier
  error • The method 'MomSettingsCard' isn't defined for the type '_ConsultationRoomPageState'. Try correcting the name to the name of an existing method, or defining a method named 'MomSettingsCard' • docs/ui-refactor/20260914-consultation-live-room/before/room_page.dart:221:31 • undefined_method
  error • Undefined name 'MomHomeTokens'. Try correcting the name to one that is defined, or defining the name • docs/ui-refactor/20260914-consultation-live-room/before/room_page.dart:225:44 • undefined_identifier
  error • The method 'ProductErrorView' isn't defined for the type '_ConsultationRoomPageState'. Try correcting the name to the name of an existing method, or defining a method named 'ProductErrorView' • docs/ui-refactor/20260914-consultation-live-room/before/room_page.dart:233:31 • undefined_method
  error • Undefined name 'MomCozyColors'. Try correcting the name to one that is defined, or defining the name • docs/ui-refactor/20260914-consultation-live-room/before/room_page.dart:260:50 • undefined_identifier
  error • The method 'MomCozyPageBody' isn't defined for the type '_ConsultationRoomPageState'. Try correcting the name to the name of an existing method, or defining a method named 'MomCozyPageBody' • docs/ui-refactor/20260914-consultation-live-room/before/room_page.dart:298:21 • undefined_method
  error • Undefined name 'MomCozyLayout'. Try correcting the name to one that is defined, or defining the name • docs/ui-refactor/20260914-consultation-live-room/before/room_page.dart:301:29 • undefined_identifier
  error • The method 'momSettingsTheme' isn't defined for the type '_ConsultationRoomPageState'. Try correcting the name to the name of an existing method, or defining a method named 'momSettingsTheme' • docs/ui-refactor/20260914-consultation-live-room/before/room_page.dart:311:11 • undefined_method
  error • The method 'MomSettingsFlowDialog' isn't defined for the type '_ConsultationRoomPageState'. Try correcting the name to the name of an existing method, or defining a method named 'MomSettingsFlowDialog' • docs/ui-refactor/20260914-consultation-live-room/before/room_page.dart:312:12 • undefined_method
  error • Undefined class 'ConsultationRoomContext'. Try changing the name to the name of an existing class, or creating a class with the name 'ConsultationRoomContext' • docs/ui-refactor/20260914-consultation-live-room/before/room_page.dart:320:27 • undefined_class
  error • The method 'ConsultationPreparation' isn't defined for the type '_ConsultationRoomPageState'. Try correcting the name to the name of an existing method, or defining a method named 'ConsultationPreparation' • docs/ui-refactor/20260914-consultation-live-room/before/room_page.dart:336:9 • undefined_method
  error • Undefined name 'AppointmentStatus'. Try correcting the name to one that is defined, or defining the name • docs/ui-refactor/20260914-consultation-live-room/before/room_page.dart:349:46 • undefined_identifier
  error • Undefined class 'CareAppointment'. Try changing the name to the name of an existing class, or creating a class with the name 'CareAppointment' • docs/ui-refactor/20260914-consultation-live-room/before/room_page.dart:357:35 • undefined_class
  error • The name 'ProductLoadingView' isn't a class. Try correcting the name to match an existing class • docs/ui-refactor/20260914-consultation-live-room/before/room_page.dart:370:20 • creation_with_non_type
  error • Undefined name 'MomCozyInsets'. Try correcting the name to one that is defined, or defining the name • docs/ui-refactor/20260914-consultation-live-room/before/room_page.dart:377:24 • undefined_identifier
  error • The method 'ProductErrorView' isn't defined for the type '_ConsultationRoomPageState'. Try correcting the name to the name of an existing method, or defining a method named 'ProductErrorView' • docs/ui-refactor/20260914-consultation-live-room/before/room_page.dart:378:22 • undefined_method
  error • Undefined name 'MomCozyInsets'. Try correcting the name to one that is defined, or defining the name • docs/ui-refactor/20260914-consultation-live-room/before/room_page.dart:388:16 • undefined_identifier
  error • Invalid constant value • docs/ui-refactor/20260914-consultation-live-room/before/room_page.dart:403:34 • invalid_constant
  error • Undefined name 'MomCozySpacing'. Try correcting the name to one that is defined, or defining the name • docs/ui-refactor/20260914-consultation-live-room/before/room_page.dart:403:34 • undefined_identifier
  error • Invalid constant value • docs/ui-refactor/20260914-consultation-live-room/before/room_page.dart:412:34 • invalid_constant
  error • Undefined name 'MomCozySpacing'. Try correcting the name to one that is defined, or defining the name • docs/ui-refactor/20260914-consultation-live-room/before/room_page.dart:412:34 • undefined_identifier
  error • Undefined name 'ConsultationMediaState'. Try correcting the name to one that is defined, or defining the name • docs/ui-refactor/20260914-consultation-live-room/before/room_page.dart:415:15 • undefined_identifier
  error • Invalid constant value • docs/ui-refactor/20260914-consultation-live-room/before/room_page.dart:416:36 • invalid_constant
  error • Undefined name 'MomCozySpacing'. Try correcting the name to one that is defined, or defining the name • docs/ui-refactor/20260914-consultation-live-room/before/room_page.dart:416:36 • undefined_identifier
  error • Undefined class 'ConsultationRoomContext'. Try changing the name to the name of an existing class, or creating a class with the name 'ConsultationRoomContext' • docs/ui-refactor/20260914-consultation-live-room/before/room_page.dart:432:23 • undefined_class
  error • Undefined name 'ConsultationMediaState'. Try correcting the name to one that is defined, or defining the name • docs/ui-refactor/20260914-consultation-live-room/before/room_page.dart:434:41 • undefined_identifier
  error • The method 'MomCozyBadge' isn't defined for the type '_ConsultationRoomPageState'. Try correcting the name to the name of an existing method, or defining a method named 'MomCozyBadge' • docs/ui-refactor/20260914-consultation-live-room/before/room_page.dart:444:19 • undefined_method
  error • Undefined name 'MomCozyColors'. Try correcting the name to one that is defined, or defining the name • docs/ui-refactor/20260914-consultation-live-room/before/room_page.dart:450:28 • undefined_identifier
  error • Undefined name 'MomCozyColors'. Try correcting the name to one that is defined, or defining the name • docs/ui-refactor/20260914-consultation-live-room/before/room_page.dart:450:49 • undefined_identifier
  error • Undefined name 'MomCozyColors'. Try correcting the name to one that is defined, or defining the name • docs/ui-refactor/20260914-consultation-live-room/before/room_page.dart:451:33 • undefined_identifier
  error • Undefined name 'MomCozyColors'. Try correcting the name to one that is defined, or defining the name • docs/ui-refactor/20260914-consultation-live-room/before/room_page.dart:451:58 • undefined_identifier
  error • The method 'ServiceFlowTheme' isn't defined for the type '_ConsultationRoomPageState'. Try correcting the name to the name of an existing method, or defining a method named 'ServiceFlowTheme' • docs/ui-refactor/20260914-consultation-live-room/before/room_page.dart:453:12 • undefined_method
  error • Undefined name 'MomCozyColors'. Try correcting the name to one that is defined, or defining the name • docs/ui-refactor/20260914-consultation-live-room/before/room_page.dart:465:24 • undefined_identifier
  error • Undefined name 'MomCozyColors'. Try correcting the name to one that is defined, or defining the name • docs/ui-refactor/20260914-consultation-live-room/before/room_page.dart:467:43 • undefined_identifier
  error • Undefined name 'MomCozyColors'. Try correcting the name to one that is defined, or defining the name • docs/ui-refactor/20260914-consultation-live-room/before/room_page.dart:470:28 • undefined_identifier
  error • Undefined name 'MomCozyColors'. Try correcting the name to one that is defined, or defining the name • docs/ui-refactor/20260914-consultation-live-room/before/room_page.dart:490:46 • undefined_identifier
  error • Invalid constant value • docs/ui-refactor/20260914-consultation-live-room/before/room_page.dart:495:40 • invalid_constant
  error • Undefined name 'MomCozyColors'. Try correcting the name to one that is defined, or defining the name • docs/ui-refactor/20260914-consultation-live-room/before/room_page.dart:495:40 • undefined_identifier
  error • Invalid constant value • docs/ui-refactor/20260914-consultation-live-room/before/room_page.dart:509:42 • invalid_constant
  error • Undefined name 'MomCozyColors'. Try correcting the name to one that is defined, or defining the name • docs/ui-refactor/20260914-consultation-live-room/before/room_page.dart:509:42 • undefined_identifier
  error • The method 'appointmentDay' isn't defined for the type '_ConsultationRoomPageState'. Try correcting the name to the name of an existing method, or defining a method named 'appointmentDay' • docs/ui-refactor/20260914-consultation-live-room/before/room_page.dart:514:36 • undefined_method
  error • The method 'zonedRange' isn't defined for the type '_ConsultationRoomPageState'. Try correcting the name to the name of an existing method, or defining a method named 'zonedRange' • docs/ui-refactor/20260914-consultation-live-room/before/room_page.dart:514:110 • undefined_method
  error • Undefined name 'ConsultationMediaState'. Try correcting the name to one that is defined, or defining the name • docs/ui-refactor/20260914-consultation-live-room/before/room_page.dart:551:38 • undefined_identifier
  error • Undefined name 'MomCozyColors'. Try correcting the name to one that is defined, or defining the name • docs/ui-refactor/20260914-consultation-live-room/before/room_page.dart:585:14 • undefined_identifier
  error • Invalid constant value • docs/ui-refactor/20260914-consultation-live-room/before/room_page.dart:592:20 • invalid_constant
  error • Undefined name 'MomCozyColors'. Try correcting the name to one that is defined, or defining the name • docs/ui-refactor/20260914-consultation-live-room/before/room_page.dart:592:20 • undefined_identifier
  error • Invalid constant value • docs/ui-refactor/20260914-consultation-live-room/before/room_page.dart:614:46 • invalid_constant
  error • Undefined name 'MomCozySpacing'. Try correcting the name to one that is defined, or defining the name • docs/ui-refactor/20260914-consultation-live-room/before/room_page.dart:614:46 • undefined_identifier
  error • The method 'MomCozySurface' isn't defined for the type '_ConsultationRoomPageState'. Try correcting the name to the name of an existing method, or defining a method named 'MomCozySurface' • docs/ui-refactor/20260914-consultation-live-room/before/room_page.dart:615:14 • undefined_method
  error • Undefined name 'MomCozyColors'. Try correcting the name to one that is defined, or defining the name • docs/ui-refactor/20260914-consultation-live-room/before/room_page.dart:616:16 • undefined_identifier
  error • Undefined name 'MomCozyInsets'. Try correcting the name to one that is defined, or defining the name • docs/ui-refactor/20260914-consultation-live-room/before/room_page.dart:617:18 • undefined_identifier
  error • Invalid constant value • docs/ui-refactor/20260914-consultation-live-room/before/room_page.dart:620:44 • invalid_constant
  error • Undefined name 'MomCozyTypography'. Try correcting the name to one that is defined, or defining the name • docs/ui-refactor/20260914-consultation-live-room/before/room_page.dart:620:44 • undefined_identifier
  error • Undefined class 'ConsultationRoomContext'. Try changing the name to the name of an existing class, or creating a class with the name 'ConsultationRoomContext' • docs/ui-refactor/20260914-consultation-live-room/before/room_page.dart:625:29 • undefined_class
  error • The method 'AppointmentSummary' isn't defined for the type '_ConsultationRoomPageState'. Try correcting the name to the name of an existing method, or defining a method named 'AppointmentSummary' • docs/ui-refactor/20260914-consultation-live-room/before/room_page.dart:630:9 • undefined_method
  error • Invalid constant value • docs/ui-refactor/20260914-consultation-live-room/before/room_page.dart:631:32 • invalid_constant
  error • Undefined name 'MomCozySpacing'. Try correcting the name to one that is defined, or defining the name • docs/ui-refactor/20260914-consultation-live-room/before/room_page.dart:631:32 • undefined_identifier
  error • Invalid constant value • docs/ui-refactor/20260914-consultation-live-room/before/room_page.dart:635:23 • invalid_constant
  error • Undefined name 'MomCozyTypography'. Try correcting the name to one that is defined, or defining the name • docs/ui-refactor/20260914-consultation-live-room/before/room_page.dart:635:23 • undefined_identifier
  error • Invalid constant value • docs/ui-refactor/20260914-consultation-live-room/before/room_page.dart:639:32 • invalid_constant
  error • Undefined name 'MomCozySpacing'. Try correcting the name to one that is defined, or defining the name • docs/ui-refactor/20260914-consultation-live-room/before/room_page.dart:639:32 • undefined_identifier
  error • Invalid constant value • docs/ui-refactor/20260914-consultation-live-room/before/room_page.dart:643:20 • invalid_constant
  error • Undefined name 'MomCozyColors'. Try correcting the name to one that is defined, or defining the name • docs/ui-refactor/20260914-consultation-live-room/before/room_page.dart:643:20 • undefined_identifier
  error • Invalid constant value • docs/ui-refactor/20260914-consultation-live-room/before/room_page.dart:644:21 • invalid_constant
  error • Undefined name 'MomCozyTypography'. Try correcting the name to one that is defined, or defining the name • docs/ui-refactor/20260914-consultation-live-room/before/room_page.dart:644:21 • undefined_identifier
  error • Invalid constant value • docs/ui-refactor/20260914-consultation-live-room/before/room_page.dart:647:32 • invalid_constant
  error • Undefined name 'MomCozySpacing'. Try correcting the name to one that is defined, or defining the name • docs/ui-refactor/20260914-consultation-live-room/before/room_page.dart:647:32 • undefined_identifier
  error • The name 'ConsultationDevicePreviewDialog' isn't a class. Try correcting the name to match an existing class • docs/ui-refactor/20260914-consultation-live-room/before/room_page.dart:654:47 • creation_with_non_type
  error • Invalid constant value • docs/ui-refactor/20260914-consultation-live-room/before/room_page.dart:659:32 • invalid_constant
  error • Undefined name 'MomCozySpacing'. Try correcting the name to one that is defined, or defining the name • docs/ui-refactor/20260914-consultation-live-room/before/room_page.dart:659:32 • undefined_identifier
  error • Undefined name 'VideoProvider'. Try correcting the name to one that is defined, or defining the name • docs/ui-refactor/20260914-consultation-live-room/before/room_page.dart:660:35 • undefined_identifier
  error • Undefined name 'VideoProvider'. Try correcting the name to one that is defined, or defining the name • docs/ui-refactor/20260914-consultation-live-room/before/room_page.dart:662:35 • undefined_identifier
  error • The method 'appointmentDay' isn't defined for the type '_ConsultationRoomPageState'. Try correcting the name to the name of an existing method, or defining a method named 'appointmentDay' • docs/ui-refactor/20260914-consultation-live-room/before/room_page.dart:667:28 • undefined_method
  error • The method 'zonedClock' isn't defined for the type '_ConsultationRoomPageState'. Try correcting the name to the name of an existing method, or defining a method named 'zonedClock' • docs/ui-refactor/20260914-consultation-live-room/before/room_page.dart:667:87 • undefined_method
  error • Invalid constant value • docs/ui-refactor/20260914-consultation-live-room/before/room_page.dart:672:34 • invalid_constant
  error • Undefined name 'MomCozySpacing'. Try correcting the name to one that is defined, or defining the name • docs/ui-refactor/20260914-consultation-live-room/before/room_page.dart:672:34 • undefined_identifier
  error • Invalid constant value • docs/ui-refactor/20260914-consultation-live-room/before/room_page.dart:674:32 • invalid_constant
  error • Undefined name 'MomCozySpacing'. Try correcting the name to one that is defined, or defining the name • docs/ui-refactor/20260914-consultation-live-room/before/room_page.dart:674:32 • undefined_identifier
  error • Undefined name 'VideoRoomStatus'. Try correcting the name to one that is defined, or defining the name • docs/ui-refactor/20260914-consultation-live-room/before/room_page.dart:676:46 • undefined_identifier
  error • Invalid constant value • docs/ui-refactor/20260914-consultation-live-room/before/room_page.dart:678:34 • invalid_constant
  error • Undefined name 'MomCozySpacing'. Try correcting the name to one that is defined, or defining the name • docs/ui-refactor/20260914-consultation-live-room/before/room_page.dart:678:34 • undefined_identifier
  error • Invalid constant value • docs/ui-refactor/20260914-consultation-live-room/before/room_page.dart:680:34 • invalid_constant
  error • Undefined name 'MomCozySpacing'. Try correcting the name to one that is defined, or defining the name • docs/ui-refactor/20260914-consultation-live-room/before/room_page.dart:680:34 • undefined_identifier
  error • Undefined name 'ConsultationEndReason'. Try correcting the name to one that is defined, or defining the name • docs/ui-refactor/20260914-consultation-live-room/before/room_page.dart:694:35 • undefined_identifier
  error • Undefined name 'VideoProvider'. Try correcting the name to one that is defined, or defining the name • docs/ui-refactor/20260914-consultation-live-room/before/room_page.dart:711:31 • undefined_identifier
  error • The method 'ConsultationDeviceCheckDialog' isn't defined for the type '_ConsultationRoomPageState'. Try correcting the name to the name of an existing method, or defining a method named 'ConsultationDeviceCheckDialog' • docs/ui-refactor/20260914-consultation-live-room/before/room_page.dart:719:37 • undefined_method
  error • The method 'ConsultationStartDialog' isn't defined for the type '_ConsultationRoomPageState'. Try correcting the name to the name of an existing method, or defining a method named 'ConsultationStartDialog' • docs/ui-refactor/20260914-consultation-live-room/before/room_page.dart:729:25 • undefined_method
  error • Undefined class 'ConsultationRoomContext'. Try changing the name to the name of an existing class, or creating a class with the name 'ConsultationRoomContext' • docs/ui-refactor/20260914-consultation-live-room/before/room_page.dart:744:25 • undefined_class
  error • Invalid constant value • docs/ui-refactor/20260914-consultation-live-room/before/room_page.dart:749:26 • invalid_constant
  error • Undefined name 'MomCozyColors'. Try correcting the name to one that is defined, or defining the name • docs/ui-refactor/20260914-consultation-live-room/before/room_page.dart:749:26 • undefined_identifier
  error • Invalid constant value • docs/ui-refactor/20260914-consultation-live-room/before/room_page.dart:750:26 • invalid_constant
  error • Undefined name 'MomCozyColors'. Try correcting the name to one that is defined, or defining the name • docs/ui-refactor/20260914-consultation-live-room/before/room_page.dart:750:26 • undefined_identifier
  error • Invalid constant value • docs/ui-refactor/20260914-consultation-live-room/before/room_page.dart:751:49 • invalid_constant
  error • Undefined name 'MomCozyIconSizes'. Try correcting the name to one that is defined, or defining the name • docs/ui-refactor/20260914-consultation-live-room/before/room_page.dart:751:49 • undefined_identifier
  error • Invalid constant value • docs/ui-refactor/20260914-consultation-live-room/before/room_page.dart:753:29 • invalid_constant
  error • Undefined name 'MomCozySpacing'. Try correcting the name to one that is defined, or defining the name • docs/ui-refactor/20260914-consultation-live-room/before/room_page.dart:753:29 • undefined_identifier
  error • Invalid constant value • docs/ui-refactor/20260914-consultation-live-room/before/room_page.dart:761:27 • invalid_constant
  error • Undefined name 'MomCozyTypography'. Try correcting the name to one that is defined, or defining the name • docs/ui-refactor/20260914-consultation-live-room/before/room_page.dart:761:27 • undefined_identifier
  error • Invalid constant value • docs/ui-refactor/20260914-consultation-live-room/before/room_page.dart:762:24 • invalid_constant
  error • Undefined name 'MomCozyColors'. Try correcting the name to one that is defined, or defining the name • docs/ui-refactor/20260914-consultation-live-room/before/room_page.dart:762:24 • undefined_identifier
  error • Invalid constant value • docs/ui-refactor/20260914-consultation-live-room/before/room_page.dart:765:36 • invalid_constant
  error • Undefined name 'MomCozySpacing'. Try correcting the name to one that is defined, or defining the name • docs/ui-refactor/20260914-consultation-live-room/before/room_page.dart:765:36 • undefined_identifier
  error • The method 'appointmentDay' isn't defined for the type '_ConsultationRoomPageState'. Try correcting the name to the name of an existing method, or defining a method named 'appointmentDay' • docs/ui-refactor/20260914-consultation-live-room/before/room_page.dart:767:18 • undefined_method
  error • The method 'zonedRange' isn't defined for the type '_ConsultationRoomPageState'. Try correcting the name to the name of an existing method, or defining a method named 'zonedRange' • docs/ui-refactor/20260914-consultation-live-room/before/room_page.dart:767:92 • undefined_method
  error • Invalid constant value • docs/ui-refactor/20260914-consultation-live-room/before/room_page.dart:769:27 • invalid_constant
  error • Undefined name 'MomCozyTypography'. Try correcting the name to one that is defined, or defining the name • docs/ui-refactor/20260914-consultation-live-room/before/room_page.dart:769:27 • undefined_identifier
  error • Invalid constant value • docs/ui-refactor/20260914-consultation-live-room/before/room_page.dart:776:29 • invalid_constant
  error • Undefined name 'MomCozySpacing'. Try correcting the name to one that is defined, or defining the name • docs/ui-refactor/20260914-consultation-live-room/before/room_page.dart:776:29 • undefined_identifier
  error • The method 'MomCozyBadge' isn't defined for the type '_ConsultationRoomPageState'. Try correcting the name to the name of an existing method, or defining a method named 'MomCozyBadge' • docs/ui-refactor/20260914-consultation-live-room/before/room_page.dart:777:7 • undefined_method
  error • Undefined name 'MomCozyColors'. Try correcting the name to one that is defined, or defining the name • docs/ui-refactor/20260914-consultation-live-room/before/room_page.dart:779:16 • undefined_identifier
  error • Undefined name 'MomCozyColors'. Try correcting the name to one that is defined, or defining the name • docs/ui-refactor/20260914-consultation-live-room/before/room_page.dart:780:21 • undefined_identifier
  error • Undefined class 'ConsultationRoomContext'. Try changing the name to the name of an existing class, or creating a class with the name 'ConsultationRoomContext' • docs/ui-refactor/20260914-consultation-live-room/before/room_page.dart:784:25 • undefined_class
  error • Invalid constant value • docs/ui-refactor/20260914-consultation-live-room/before/room_page.dart:785:41 • invalid_constant
  error • Undefined name 'MomCozySpacing'. Try correcting the name to one that is defined, or defining the name • docs/ui-refactor/20260914-consultation-live-room/before/room_page.dart:785:41 • undefined_identifier
  error • Undefined name 'ConsultationEndReason'. Try correcting the name to one that is defined, or defining the name • docs/ui-refactor/20260914-consultation-live-room/before/room_page.dart:798:30 • undefined_identifier
  error • Undefined name 'ConsultationEndReason'. Try correcting the name to one that is defined, or defining the name • docs/ui-refactor/20260914-consultation-live-room/before/room_page.dart:807:35 • undefined_identifier
  error • The name 'ConsultationEndReason' isn't a type, so it can't be used as a type argument. Try correcting the name to an existing type, or defining a type named 'ConsultationEndReason' • docs/ui-refactor/20260914-consultation-live-room/before/room_page.dart:814:47 • non_type_as_type_argument
  error • Invalid constant value • docs/ui-refactor/20260914-consultation-live-room/before/room_page.dart:824:26 • invalid_constant
  error • Undefined name 'MomCozyInsets'. Try correcting the name to one that is defined, or defining the name • docs/ui-refactor/20260914-consultation-live-room/before/room_page.dart:824:26 • undefined_identifier
  error • Invalid constant value • docs/ui-refactor/20260914-consultation-live-room/before/room_page.dart:828:31 • invalid_constant
  error • Undefined name 'MomCozyTypography'. Try correcting the name to one that is defined, or defining the name • docs/ui-refactor/20260914-consultation-live-room/before/room_page.dart:828:31 • undefined_identifier
  error • Undefined name 'ConsultationEndReason'. Try correcting the name to one that is defined, or defining the name • docs/ui-refactor/20260914-consultation-live-room/before/room_page.dart:838:19 • undefined_identifier
  error • Undefined name 'ConsultationEndReason'. Try correcting the name to one that is defined, or defining the name • docs/ui-refactor/20260914-consultation-live-room/before/room_page.dart:846:19 • undefined_identifier
  error • Undefined class 'ConsultationEndReason'. Try changing the name to the name of an existing class, or creating a class with the name 'ConsultationEndReason' • docs/ui-refactor/20260914-consultation-live-room/before/room_page.dart:857:21 • undefined_class
  error • Undefined name 'ConsultationEndReason'. Try correcting the name to one that is defined, or defining the name • docs/ui-refactor/20260914-consultation-live-room/before/room_page.dart:865:21 • undefined_identifier
  error • Undefined class 'ConsultationRoomContext'. Try changing the name to the name of an existing class, or creating a class with the name 'ConsultationRoomContext' • docs/ui-refactor/20260914-consultation-live-room/before/room_page.dart:884:19 • undefined_class
  error • Undefined name 'ConsultationEndReason'. Try correcting the name to one that is defined, or defining the name • docs/ui-refactor/20260914-consultation-live-room/before/room_page.dart:887:20 • undefined_identifier
  error • Undefined name 'ConsultationEndReason'. Try correcting the name to one that is defined, or defining the name • docs/ui-refactor/20260914-consultation-live-room/before/room_page.dart:888:23 • undefined_identifier
  error • Undefined name 'ConsultationEndReason'. Try correcting the name to one that is defined, or defining the name • docs/ui-refactor/20260914-consultation-live-room/before/room_page.dart:892:7 • undefined_identifier
  error • Undefined name 'ConsultationEndReason'. Try correcting the name to one that is defined, or defining the name • docs/ui-refactor/20260914-consultation-live-room/before/room_page.dart:896:7 • undefined_identifier
  error • Undefined name 'ConsultationEndReason'. Try correcting the name to one that is defined, or defining the name • docs/ui-refactor/20260914-consultation-live-room/before/room_page.dart:900:7 • undefined_identifier
  error • Undefined name 'AppointmentStatus'. Try correcting the name to one that is defined, or defining the name • docs/ui-refactor/20260914-consultation-live-room/before/room_page.dart:905:36 • undefined_identifier
  error • The method 'MomCozySurface' isn't defined for the type '_ConsultationRoomPageState'. Try correcting the name to the name of an existing method, or defining a method named 'MomCozySurface' • docs/ui-refactor/20260914-consultation-live-room/before/room_page.dart:914:12 • undefined_method
  error • The method 'ProductEmptyView' isn't defined for the type '_ConsultationRoomPageState'. Try correcting the name to the name of an existing method, or defining a method named 'ProductEmptyView' • docs/ui-refactor/20260914-consultation-live-room/before/room_page.dart:916:14 • undefined_method
  error • Undefined name 'ConsultationEndReason'. Try correcting the name to one that is defined, or defining the name • docs/ui-refactor/20260914-consultation-live-room/before/room_page.dart:926:49 • undefined_identifier
  error • Undefined class 'ConsultationRoomContext'. Try changing the name to the name of an existing class, or creating a class with the name 'ConsultationRoomContext' • docs/ui-refactor/20260914-consultation-live-room/before/room_page.dart:937:31 • undefined_class
  error • Undefined name 'ConsultationEndReason'. Try correcting the name to one that is defined, or defining the name • docs/ui-refactor/20260914-consultation-live-room/before/room_page.dart:939:41 • undefined_identifier
  error • The method 'ServiceFlowTheme' isn't defined for the type '_ConsultationRoomPageState'. Try correcting the name to the name of an existing method, or defining a method named 'ServiceFlowTheme' • docs/ui-refactor/20260914-consultation-live-room/before/room_page.dart:940:12 • undefined_method
  error • The method 'MomCozySurface' isn't defined for the type '_ConsultationRoomPageState'. Try correcting the name to the name of an existing method, or defining a method named 'MomCozySurface' • docs/ui-refactor/20260914-consultation-live-room/before/room_page.dart:941:14 • undefined_method
  error • Undefined name 'MomCozyColors'. Try correcting the name to one that is defined, or defining the name • docs/ui-refactor/20260914-consultation-live-room/before/room_page.dart:951:26 • undefined_identifier
  error • Undefined name 'MomCozyColors'. Try correcting the name to one that is defined, or defining the name • docs/ui-refactor/20260914-consultation-live-room/before/room_page.dart:957:26 • undefined_identifier
  error • Invalid constant value • docs/ui-refactor/20260914-consultation-live-room/before/room_page.dart:960:38 • invalid_constant
  error • Undefined name 'MomCozySpacing'. Try correcting the name to one that is defined, or defining the name • docs/ui-refactor/20260914-consultation-live-room/before/room_page.dart:960:38 • undefined_identifier
  error • Invalid constant value • docs/ui-refactor/20260914-consultation-live-room/before/room_page.dart:966:38 • invalid_constant
  error • Undefined name 'MomCozySpacing'. Try correcting the name to one that is defined, or defining the name • docs/ui-refactor/20260914-consultation-live-room/before/room_page.dart:966:38 • undefined_identifier
  error • Undefined name 'MomCozyTextRoles'. Try correcting the name to one that is defined, or defining the name • docs/ui-refactor/20260914-consultation-live-room/before/room_page.dart:972:24 • undefined_identifier
  error • Undefined name 'MomCozyColors'. Try correcting the name to one that is defined, or defining the name • docs/ui-refactor/20260914-consultation-live-room/before/room_page.dart:974:49 • undefined_identifier
  error • Invalid constant value • docs/ui-refactor/20260914-consultation-live-room/before/room_page.dart:976:38 • invalid_constant
  error • Undefined name 'MomCozySpacing'. Try correcting the name to one that is defined, or defining the name • docs/ui-refactor/20260914-consultation-live-room/before/room_page.dart:976:38 • undefined_identifier
  error • Invalid constant value • docs/ui-refactor/20260914-consultation-live-room/before/room_page.dart:989:38 • invalid_constant
  error • Undefined name 'MomCozySpacing'. Try correcting the name to one that is defined, or defining the name • docs/ui-refactor/20260914-consultation-live-room/before/room_page.dart:989:38 • undefined_identifier
  error • Undefined name 'MomCozyColors'. Try correcting the name to one that is defined, or defining the name • docs/ui-refactor/20260914-consultation-live-room/before/room_page.dart:993:36 • undefined_identifier
  error • Target of URI doesn't exist: '../../../domain/care/consultation_room.dart'. Try creating the file referenced by the URI, or try using a URI for a file that does exist • docs/ui-refactor/20260914-consultation-live-room/before/user_video_stage.dart:3:8 • uri_does_not_exist
  error • Target of URI doesn't exist: '../../../services/consultations/consultation_media.dart'. Try creating the file referenced by the URI, or try using a URI for a file that does exist • docs/ui-refactor/20260914-consultation-live-room/before/user_video_stage.dart:4:8 • uri_does_not_exist
  error • Target of URI doesn't exist: '../../../shared/design_system/momcozy_design_system.dart'. Try creating the file referenced by the URI, or try using a URI for a file that does exist • docs/ui-refactor/20260914-consultation-live-room/before/user_video_stage.dart:5:8 • uri_does_not_exist
  error • Undefined class 'ConsultationRoomContext'. Try changing the name to the name of an existing class, or creating a class with the name 'ConsultationRoomContext' • docs/ui-refactor/20260914-consultation-live-room/before/user_video_stage.dart:17:9 • undefined_class
  error • Undefined class 'ConsultationMedia'. Try changing the name to the name of an existing class, or creating a class with the name 'ConsultationMedia' • docs/ui-refactor/20260914-consultation-live-room/before/user_video_stage.dart:18:9 • undefined_class
  error • Undefined name 'ConsultationMediaState'. Try correcting the name to one that is defined, or defining the name • docs/ui-refactor/20260914-consultation-live-room/before/user_video_stage.dart:25:38 • undefined_identifier
  error • Undefined name 'ConsultationRole'. Try correcting the name to one that is defined, or defining the name • docs/ui-refactor/20260914-consultation-live-room/before/user_video_stage.dart:29:26 • undefined_identifier
  error • Undefined name 'ParticipantPresence'. Try correcting the name to one that is defined, or defining the name • docs/ui-refactor/20260914-consultation-live-room/before/user_video_stage.dart:30:13 • undefined_identifier
  error • Undefined name 'ConsultationMediaState'. Try correcting the name to one that is defined, or defining the name • docs/ui-refactor/20260914-consultation-live-room/before/user_video_stage.dart:42:13 • undefined_identifier
  error • Undefined name 'ConsultationMediaState'. Try correcting the name to one that is defined, or defining the name • docs/ui-refactor/20260914-consultation-live-room/before/user_video_stage.dart:43:13 • undefined_identifier
  error • Undefined name 'ConsultationMediaState'. Try correcting the name to one that is defined, or defining the name • docs/ui-refactor/20260914-consultation-live-room/before/user_video_stage.dart:44:13 • undefined_identifier
  error • Undefined name 'ConsultationMediaState'. Try correcting the name to one that is defined, or defining the name • docs/ui-refactor/20260914-consultation-live-room/before/user_video_stage.dart:45:13 • undefined_identifier
  error • Undefined name 'MomCozyColors'. Try correcting the name to one that is defined, or defining the name • docs/ui-refactor/20260914-consultation-live-room/before/user_video_stage.dart:51:16 • undefined_identifier
  error • Undefined name 'MomCozyColors'. Try correcting the name to one that is defined, or defining the name • docs/ui-refactor/20260914-consultation-live-room/before/user_video_stage.dart:73:34 • undefined_identifier
  error • Undefined name 'MomCozyColors'. Try correcting the name to one that is defined, or defining the name • docs/ui-refactor/20260914-consultation-live-room/before/user_video_stage.dart:75:36 • undefined_identifier
  error • Undefined name 'MomCozyColors'. Try correcting the name to one that is defined, or defining the name • docs/ui-refactor/20260914-consultation-live-room/before/user_video_stage.dart:80:38 • undefined_identifier
  error • Invalid constant value • docs/ui-refactor/20260914-consultation-live-room/before/user_video_stage.dart:92:44 • invalid_constant
  error • Undefined name 'MomCozyColors'. Try correcting the name to one that is defined, or defining the name • docs/ui-refactor/20260914-consultation-live-room/before/user_video_stage.dart:92:44 • undefined_identifier
  error • Invalid constant value • docs/ui-refactor/20260914-consultation-live-room/before/user_video_stage.dart:98:42 • invalid_constant
  error • Undefined name 'MomCozyColors'. Try correcting the name to one that is defined, or defining the name • docs/ui-refactor/20260914-consultation-live-room/before/user_video_stage.dart:98:42 • undefined_identifier
  error • Invalid constant value • docs/ui-refactor/20260914-consultation-live-room/before/user_video_stage.dart:110:34 • invalid_constant
  error • Undefined name 'MomCozyColors'. Try correcting the name to one that is defined, or defining the name • docs/ui-refactor/20260914-consultation-live-room/before/user_video_stage.dart:110:34 • undefined_identifier
  error • Invalid constant value • docs/ui-refactor/20260914-consultation-live-room/before/user_video_stage.dart:120:34 • invalid_constant
  error • Undefined name 'MomCozyColors'. Try correcting the name to one that is defined, or defining the name • docs/ui-refactor/20260914-consultation-live-room/before/user_video_stage.dart:120:34 • undefined_identifier
  error • Undefined name 'MomCozyColors'. Try correcting the name to one that is defined, or defining the name • docs/ui-refactor/20260914-consultation-live-room/before/user_video_stage.dart:141:28 • undefined_identifier
  error • Undefined name 'MomCozyColors'. Try correcting the name to one that is defined, or defining the name • docs/ui-refactor/20260914-consultation-live-room/before/user_video_stage.dart:143:47 • undefined_identifier
  error • Invalid constant value • docs/ui-refactor/20260914-consultation-live-room/before/user_video_stage.dart:151:30 • invalid_constant
  error • Undefined name 'MomCozyColors'. Try correcting the name to one that is defined, or defining the name • docs/ui-refactor/20260914-consultation-live-room/before/user_video_stage.dart:151:30 • undefined_identifier
  error • Undefined name 'MomCozyColors'. Try correcting the name to one that is defined, or defining the name • docs/ui-refactor/20260914-consultation-live-room/before/user_video_stage.dart:165:28 • undefined_identifier
  error • Invalid constant value • docs/ui-refactor/20260914-consultation-live-room/before/user_video_stage.dart:173:30 • invalid_constant
  error • Undefined name 'MomCozyColors'. Try correcting the name to one that is defined, or defining the name • docs/ui-refactor/20260914-consultation-live-room/before/user_video_stage.dart:173:30 • undefined_identifier
  error • Undefined name 'MomCozyColors'. Try correcting the name to one that is defined, or defining the name • docs/ui-refactor/20260914-consultation-live-room/before/user_video_stage.dart:188:28 • undefined_identifier
  error • Undefined name 'MomCozyColors'. Try correcting the name to one that is defined, or defining the name • docs/ui-refactor/20260914-consultation-live-room/before/user_video_stage.dart:190:47 • undefined_identifier
  error • Undefined name 'MomCozyColors'. Try correcting the name to one that is defined, or defining the name • docs/ui-refactor/20260914-consultation-live-room/before/user_video_stage.dart:207:36 • undefined_identifier
  error • Undefined name 'MomCozyColors'. Try correcting the name to one that is defined, or defining the name • docs/ui-refactor/20260914-consultation-live-room/before/user_video_stage.dart:219:36 • undefined_identifier
  error • Undefined name 'MomCozyColors'. Try correcting the name to one that is defined, or defining the name • docs/ui-refactor/20260914-consultation-live-room/before/user_video_stage.dart:221:35 • undefined_identifier
  error • Target of URI doesn't exist: '../../../domain/care/consultation_room.dart'. Try creating the file referenced by the URI, or try using a URI for a file that does exist • docs/ui-refactor/20260914-consultation-live-room/before/video_stage.dart:3:8 • uri_does_not_exist
  error • Target of URI doesn't exist: '../../../services/consultations/consultation_media.dart'. Try creating the file referenced by the URI, or try using a URI for a file that does exist • docs/ui-refactor/20260914-consultation-live-room/before/video_stage.dart:4:8 • uri_does_not_exist
  error • Target of URI doesn't exist: '../../../services/consultations/livekit_consultation_media.dart'. Try creating the file referenced by the URI, or try using a URI for a file that does exist • docs/ui-refactor/20260914-consultation-live-room/before/video_stage.dart:5:8 • uri_does_not_exist
  error • Target of URI doesn't exist: '../../../shared/design_system/momcozy_design_system.dart'. Try creating the file referenced by the URI, or try using a URI for a file that does exist • docs/ui-refactor/20260914-consultation-live-room/before/video_stage.dart:6:8 • uri_does_not_exist
  error • Undefined class 'ConsultationRoomContext'. Try changing the name to the name of an existing class, or creating a class with the name 'ConsultationRoomContext' • docs/ui-refactor/20260914-consultation-live-room/before/video_stage.dart:15:9 • undefined_class
  error • Undefined class 'ConsultationMedia'. Try changing the name to the name of an existing class, or creating a class with the name 'ConsultationMedia' • docs/ui-refactor/20260914-consultation-live-room/before/video_stage.dart:16:9 • undefined_class
  error • The name 'LiveKitConsultationMedia' isn't defined, so it can't be used in an 'is' expression. Try changing the name to the name of an existing type, or creating a type with the name 'LiveKitConsultationMedia' • docs/ui-refactor/20260914-consultation-live-room/before/video_stage.dart:20:26 • type_test_with_undefined_name
  error • The name 'LiveKitConsultationMedia' isn't a type, so it can't be used in an 'as' expression. Try changing the name to the name of an existing type, or creating a type with the name 'LiveKitConsultationMedia' • docs/ui-refactor/20260914-consultation-live-room/before/video_stage.dart:21:21 • cast_to_non_type
warning • Dead code. Try removing the code, or fixing the code before it so that it can be reached • docs/ui-refactor/20260914-consultation-live-room/before/video_stage.dart:22:11 • dead_code
  error • Undefined name 'ConsultationRole'. Try correcting the name to one that is defined, or defining the name • docs/ui-refactor/20260914-consultation-live-room/before/video_stage.dart:23:42 • undefined_identifier
  error • Undefined name 'ConsultationRole'. Try correcting the name to one that is defined, or defining the name • docs/ui-refactor/20260914-consultation-live-room/before/video_stage.dart:24:11 • undefined_identifier
  error • Undefined name 'ConsultationRole'. Try correcting the name to one that is defined, or defining the name • docs/ui-refactor/20260914-consultation-live-room/before/video_stage.dart:25:11 • undefined_identifier
  error • Undefined name 'ConsultationRole'. Try correcting the name to one that is defined, or defining the name • docs/ui-refactor/20260914-consultation-live-room/before/video_stage.dart:27:42 • undefined_identifier
  error • Undefined name 'ConsultationMediaState'. Try correcting the name to one that is defined, or defining the name • docs/ui-refactor/20260914-consultation-live-room/before/video_stage.dart:40:7 • undefined_identifier
  error • Undefined name 'ConsultationMediaState'. Try correcting the name to one that is defined, or defining the name • docs/ui-refactor/20260914-consultation-live-room/before/video_stage.dart:41:7 • undefined_identifier
  error • Undefined name 'ConsultationMediaState'. Try correcting the name to one that is defined, or defining the name • docs/ui-refactor/20260914-consultation-live-room/before/video_stage.dart:42:7 • undefined_identifier
  error • Undefined name 'ConsultationMediaState'. Try correcting the name to one that is defined, or defining the name • docs/ui-refactor/20260914-consultation-live-room/before/video_stage.dart:43:7 • undefined_identifier
  error • Undefined name 'ParticipantPresence'. Try correcting the name to one that is defined, or defining the name • docs/ui-refactor/20260914-consultation-live-room/before/video_stage.dart:44:9 • undefined_identifier
  error • Undefined name 'ParticipantPresence'. Try correcting the name to one that is defined, or defining the name • docs/ui-refactor/20260914-consultation-live-room/before/video_stage.dart:48:9 • undefined_identifier
  error • Undefined name 'ParticipantPresence'. Try correcting the name to one that is defined, or defining the name • docs/ui-refactor/20260914-consultation-live-room/before/video_stage.dart:49:9 • undefined_identifier
  error • Undefined name 'ConsultationRole'. Try correcting the name to one that is defined, or defining the name • docs/ui-refactor/20260914-consultation-live-room/before/video_stage.dart:54:38 • undefined_identifier
  error • Undefined name 'ConsultationRole'. Try correcting the name to one that is defined, or defining the name • docs/ui-refactor/20260914-consultation-live-room/before/video_stage.dart:61:28 • undefined_identifier
  error • Undefined name 'MomCozyColors'. Try correcting the name to one that is defined, or defining the name • docs/ui-refactor/20260914-consultation-live-room/before/video_stage.dart:77:18 • undefined_identifier
  error • Undefined name 'MomCozyRadii'. Try correcting the name to one that is defined, or defining the name • docs/ui-refactor/20260914-consultation-live-room/before/video_stage.dart:78:47 • undefined_identifier
  error • Invalid constant value • docs/ui-refactor/20260914-consultation-live-room/before/video_stage.dart:98:42 • invalid_constant
  error • Undefined name 'MomCozyColors'. Try correcting the name to one that is defined, or defining the name • docs/ui-refactor/20260914-consultation-live-room/before/video_stage.dart:98:42 • undefined_identifier
  error • Invalid constant value • docs/ui-refactor/20260914-consultation-live-room/before/video_stage.dart:99:42 • invalid_constant
  error • Undefined name 'MomCozyColors'. Try correcting the name to one that is defined, or defining the name • docs/ui-refactor/20260914-consultation-live-room/before/video_stage.dart:99:42 • undefined_identifier
  error • Invalid constant value • docs/ui-refactor/20260914-consultation-live-room/before/video_stage.dart:102:33 • invalid_constant
  error • Undefined name 'MomCozyIconSizes'. Try correcting the name to one that is defined, or defining the name • docs/ui-refactor/20260914-consultation-live-room/before/video_stage.dart:102:33 • undefined_identifier
  error • Invalid constant value • docs/ui-refactor/20260914-consultation-live-room/before/video_stage.dart:105:46 • invalid_constant
  error • Undefined name 'MomCozySpacing'. Try correcting the name to one that is defined, or defining the name • docs/ui-refactor/20260914-consultation-live-room/before/video_stage.dart:105:46 • undefined_identifier
  error • Invalid constant value • docs/ui-refactor/20260914-consultation-live-room/before/video_stage.dart:110:34 • invalid_constant
  error • Undefined name 'MomCozyColors'. Try correcting the name to one that is defined, or defining the name • docs/ui-refactor/20260914-consultation-live-room/before/video_stage.dart:110:34 • undefined_identifier
  error • Invalid constant value • docs/ui-refactor/20260914-consultation-live-room/before/video_stage.dart:111:37 • invalid_constant
  error • Undefined name 'MomCozyTypography'. Try correcting the name to one that is defined, or defining the name • docs/ui-refactor/20260914-consultation-live-room/before/video_stage.dart:111:37 • undefined_identifier
  error • Invalid constant value • docs/ui-refactor/20260914-consultation-live-room/before/video_stage.dart:115:46 • invalid_constant
  error • Undefined name 'MomCozySpacing'. Try correcting the name to one that is defined, or defining the name • docs/ui-refactor/20260914-consultation-live-room/before/video_stage.dart:115:46 • undefined_identifier
  error • Invalid constant value • docs/ui-refactor/20260914-consultation-live-room/before/video_stage.dart:120:34 • invalid_constant
  error • Undefined name 'MomCozyColors'. Try correcting the name to one that is defined, or defining the name • docs/ui-refactor/20260914-consultation-live-room/before/video_stage.dart:120:34 • undefined_identifier
  error • Invalid constant value • docs/ui-refactor/20260914-consultation-live-room/before/video_stage.dart:121:37 • invalid_constant
  error • Undefined name 'MomCozyTypography'. Try correcting the name to one that is defined, or defining the name • docs/ui-refactor/20260914-consultation-live-room/before/video_stage.dart:121:37 • undefined_identifier
  error • Invalid constant value • docs/ui-refactor/20260914-consultation-live-room/before/video_stage.dart:122:35 • invalid_constant
  error • Undefined name 'MomCozyTypography'. Try correcting the name to one that is defined, or defining the name • docs/ui-refactor/20260914-consultation-live-room/before/video_stage.dart:122:35 • undefined_identifier
  error • Undefined name 'ConsultationMediaState'. Try correcting the name to one that is defined, or defining the name • docs/ui-refactor/20260914-consultation-live-room/before/video_stage.dart:138:39 • undefined_identifier
  error • Invalid constant value • docs/ui-refactor/20260914-consultation-live-room/before/video_stage.dart:142:26 • invalid_constant
  error • Undefined name 'MomCozyColors'. Try correcting the name to one that is defined, or defining the name • docs/ui-refactor/20260914-consultation-live-room/before/video_stage.dart:142:26 • undefined_identifier
  error • Invalid constant value • docs/ui-refactor/20260914-consultation-live-room/before/video_stage.dart:143:29 • invalid_constant
  error • Undefined name 'MomCozyTypography'. Try correcting the name to one that is defined, or defining the name • docs/ui-refactor/20260914-consultation-live-room/before/video_stage.dart:143:29 • undefined_identifier
  error • Undefined name 'MomCozyColors'. Try correcting the name to one that is defined, or defining the name • docs/ui-refactor/20260914-consultation-live-room/before/video_stage.dart:158:28 • undefined_identifier
  error • Undefined name 'MomCozyRadii'. Try correcting the name to one that is defined, or defining the name • docs/ui-refactor/20260914-consultation-live-room/before/video_stage.dart:159:57 • undefined_identifier
  error • Undefined name 'MomCozyColors'. Try correcting the name to one that is defined, or defining the name • docs/ui-refactor/20260914-consultation-live-room/before/video_stage.dart:160:47 • undefined_identifier
  error • Invalid constant value • docs/ui-refactor/20260914-consultation-live-room/before/video_stage.dart:175:36 • invalid_constant
  error • Undefined name 'MomCozyColors'. Try correcting the name to one that is defined, or defining the name • docs/ui-refactor/20260914-consultation-live-room/before/video_stage.dart:175:36 • undefined_identifier
  error • Invalid constant value • docs/ui-refactor/20260914-consultation-live-room/before/video_stage.dart:184:36 • invalid_constant
  error • Undefined name 'MomCozyColors'. Try correcting the name to one that is defined, or defining the name • docs/ui-refactor/20260914-consultation-live-room/before/video_stage.dart:184:36 • undefined_identifier
  error • Invalid constant value • docs/ui-refactor/20260914-consultation-live-room/before/video_stage.dart:185:39 • invalid_constant
  error • Undefined name 'MomCozyTypography'. Try correcting the name to one that is defined, or defining the name • docs/ui-refactor/20260914-consultation-live-room/before/video_stage.dart:185:39 • undefined_identifier
  error • Undefined class 'ConsultationMedia'. Try changing the name to the name of an existing class, or creating a class with the name 'ConsultationMedia' • docs/ui-refactor/20260914-consultation-live-room/before/video_stage.dart:208:9 • undefined_class
  error • Undefined name 'ConsultationMediaState'. Try correcting the name to one that is defined, or defining the name • docs/ui-refactor/20260914-consultation-live-room/before/video_stage.dart:214:24 • undefined_identifier
  error • Invalid constant value • docs/ui-refactor/20260914-consultation-live-room/before/video_stage.dart:229:31 • invalid_constant
  error • Undefined name 'MomCozySpacing'. Try correcting the name to one that is defined, or defining the name • docs/ui-refactor/20260914-consultation-live-room/before/video_stage.dart:229:31 • undefined_identifier
  error • Invalid constant value • docs/ui-refactor/20260914-consultation-live-room/before/video_stage.dart:242:31 • invalid_constant
  error • Undefined name 'MomCozySpacing'. Try correcting the name to one that is defined, or defining the name • docs/ui-refactor/20260914-consultation-live-room/before/video_stage.dart:242:31 • undefined_identifier
  error • Undefined name 'MomCozyColors'. Try correcting the name to one that is defined, or defining the name • docs/ui-refactor/20260914-consultation-live-room/before/video_stage.dart:279:13 • undefined_identifier
  error • Undefined name 'MomCozyColors'. Try correcting the name to one that is defined, or defining the name • docs/ui-refactor/20260914-consultation-live-room/before/video_stage.dart:281:13 • undefined_identifier
  error • Undefined name 'MomCozyColors'. Try correcting the name to one that is defined, or defining the name • docs/ui-refactor/20260914-consultation-live-room/before/video_stage.dart:282:13 • undefined_identifier
  error • Undefined name 'MomCozyRadii'. Try correcting the name to one that is defined, or defining the name • docs/ui-refactor/20260914-consultation-live-room/before/video_stage.dart:283:43 • undefined_identifier
  error • Undefined name 'MomCozyRadii'. Try correcting the name to one that is defined, or defining the name • docs/ui-refactor/20260914-consultation-live-room/before/video_stage.dart:286:45 • undefined_identifier
  error • Undefined name 'MomCozySpacing'. Try correcting the name to one that is defined, or defining the name • docs/ui-refactor/20260914-consultation-live-room/before/video_stage.dart:289:37 • undefined_identifier
  error • Undefined name 'MomCozySpacing'. Try correcting the name to one that is defined, or defining the name • docs/ui-refactor/20260914-consultation-live-room/before/video_stage.dart:290:25 • undefined_identifier
  error • Undefined name 'MomCozyColors'. Try correcting the name to one that is defined, or defining the name • docs/ui-refactor/20260914-consultation-live-room/before/video_stage.dart:301:27 • undefined_identifier
  error • Undefined name 'MomCozyColors'. Try correcting the name to one that is defined, or defining the name • docs/ui-refactor/20260914-consultation-live-room/before/video_stage.dart:302:27 • undefined_identifier
  error • Undefined name 'MomCozyColors'. Try correcting the name to one that is defined, or defining the name • docs/ui-refactor/20260914-consultation-live-room/before/video_stage.dart:308:27 • undefined_identifier
  error • Undefined name 'MomCozyColors'. Try correcting the name to one that is defined, or defining the name • docs/ui-refactor/20260914-consultation-live-room/before/video_stage.dart:310:27 • undefined_identifier
  error • Undefined name 'MomCozyColors'. Try correcting the name to one that is defined, or defining the name • docs/ui-refactor/20260914-consultation-live-room/before/video_stage.dart:311:27 • undefined_identifier
  error • Undefined name 'MomCozyIconSizes'. Try correcting the name to one that is defined, or defining the name • docs/ui-refactor/20260914-consultation-live-room/before/video_stage.dart:317:25 • undefined_identifier
  error • Undefined name 'MomCozyColors'. Try correcting the name to one that is defined, or defining the name • docs/ui-refactor/20260914-consultation-live-room/before/video_stage.dart:319:25 • undefined_identifier
  error • Undefined name 'MomCozyColors'. Try correcting the name to one that is defined, or defining the name • docs/ui-refactor/20260914-consultation-live-room/before/video_stage.dart:321:31 • undefined_identifier
  error • Undefined name 'MomCozyColors'. Try correcting the name to one that is defined, or defining the name • docs/ui-refactor/20260914-consultation-live-room/before/video_stage.dart:322:31 • undefined_identifier
  error • Undefined name 'MomCozySpacing'. Try correcting the name to one that is defined, or defining the name • docs/ui-refactor/20260914-consultation-live-room/before/video_stage.dart:324:46 • undefined_identifier
  error • Undefined name 'MomCozyTypography'. Try correcting the name to one that is defined, or defining the name • docs/ui-refactor/20260914-consultation-live-room/before/video_stage.dart:329:44 • undefined_identifier
  error • Undefined name 'MomCozyColors'. Try correcting the name to one that is defined, or defining the name • docs/ui-refactor/20260914-consultation-live-room/before/video_stage.dart:332:25 • undefined_identifier
  error • Undefined name 'MomCozyColors'. Try correcting the name to one that is defined, or defining the name • docs/ui-refactor/20260914-consultation-live-room/before/video_stage.dart:334:25 • undefined_identifier
  error • Undefined name 'MomCozyColors'. Try correcting the name to one that is defined, or defining the name • docs/ui-refactor/20260914-consultation-live-room/before/video_stage.dart:335:25 • undefined_identifier

302 issues found. (ran in 2.7s)
