Resolving dependencies...
Downloading packages...
  archive 4.0.9 (4.2.0 available)
  clock 1.1.2 (1.1.3 available)
  code_assets 1.2.1 (2.0.0 available)
  cross_file 0.3.5+4 (0.3.5+5 available)
  dart_webrtc 1.8.1 (1.8.2 available)
  file_selector_android 0.5.2+8 (0.5.2+10 available)
  file_selector_ios 0.5.3+5 (0.5.3+6 available)
  file_selector_linux 0.9.4 (0.9.4+1 available)
  file_selector_macos 0.9.5 (0.9.5+1 available)
  file_selector_windows 0.9.3+5 (0.9.3+6 available)
  flutter_markdown_plus 1.0.11 (1.0.12 available)
  flutter_secure_storage 10.3.1 (11.1.0 available)
  flutter_secure_storage_darwin 0.3.2 (0.4.1 available)
  flutter_secure_storage_linux 3.0.1 (3.0.2 available)
  flutter_secure_storage_platform_interface 2.0.1 (2.1.0 available)
  flutter_webrtc 1.6.0 (1.6.2+hotfix.1 available)
  go_router 17.3.0 (18.0.1 available)
  hooks 2.0.2 (2.2.0 available)
  html 0.15.6 (0.15.7 available)
  image 4.9.1 (4.9.2 available)
  image_picker_android 0.8.13+19 (0.8.13+22 available)
  image_picker_ios 0.8.13+6 (0.8.13+7 available)
  intl 0.20.2 (0.20.3 available)
  jni 1.0.0 (1.0.3 available)
  jni_flutter 1.0.1 (1.0.3 available)
  logger 2.7.0 (2.8.0 available)
  matcher 0.12.19 (0.12.20 available)
  material_color_utilities 0.13.0 (0.13.1 available)
  meta 1.18.0 (1.19.0 available)
  mime 2.0.0 (2.1.0 available)
  objective_c 9.4.1 (9.6.0 available)
  package_config 2.2.0 (3.0.0 available)
  pdfium_dart 0.1.3 (0.3.0 available)
  pdfium_flutter 0.1.9 (0.3.0 available)
  pdfrx 2.2.24 (2.6.1 available)
  pdfrx_engine 0.3.9 (0.6.0 available)
  platform 3.1.6 (3.2.0 available)
  posix 6.5.0 (6.5.2 available)
  process 5.0.5 (5.0.6 available)
  pub_semver 2.2.0 (2.2.1 available)
  record_use 0.6.0 (1.1.1 available)
  share_plus 13.2.0 (13.3.0 available)
  share_plus_platform_interface 7.1.0 (7.2.0 available)
  stack_trace 1.12.1 (1.12.2 available)
  synchronized 3.4.1 (3.4.2 available)
  test_api 0.7.11 (0.7.14 available)
  url_launcher_android 6.3.32 (6.3.33 available)
  url_launcher_ios 6.4.1 (6.4.2 available)
  url_launcher_linux 3.2.2 (3.2.3 available)
  url_launcher_macos 3.2.5 (3.2.6 available)
  url_launcher_windows 3.1.5 (3.1.6 available)
  uuid 4.5.3 (4.6.0 available)
  vector_math 2.2.0 (2.4.2 available)
  video_player 2.11.1 (2.14.0 available)
  video_player_android 2.10.0 (2.12.2 available)
  video_player_avfoundation 2.10.0 (2.12.0 available)
  vm_service 15.2.0 (15.3.0 available)
  webdriver 3.1.0 (3.2.0 available)
  win32 6.3.0 (6.4.0 available)
  yaml 3.1.3 (3.1.4 available)
Got dependencies!
60 packages have newer versions incompatible with dependency constraints.
Try `flutter pub outdated` for more information.
00:00 +0: loading /Users/lute/project/momcozy-lab/app/test/modules/consultation/room_leave_recovery_test.dart
00:00 +0: (setUpAll)
00:00 +0: disconnect failure preserves connection for retry and leave report
00:00 +0 -1: disconnect failure preserves connection for retry and leave report [E]
  Expected: true
    Actual: <false>
  
  package:matcher                                               expect
  package:flutter_test/src/widget_tester.dart 473:18            expect
  test/modules/consultation/room_leave_recovery_test.dart 16:5  main.<fn>
  
00:00 +0 -1: leave recovery 320.0 / 1.0
══╡ EXCEPTION CAUGHT BY FLUTTER TEST FRAMEWORK ╞════════════════════════════════════════════════════
The following StateError was thrown running a test:
Bad state: private-media-disconnect-error

When the exception was thrown, this was the stack:
#0      RetryDisconnectMedia.disconnect (file:///Users/lute/project/momcozy-lab/app/test/support/room_leave_recovery_scenarios.dart:15:26)
#1      ConsultationRoomController._disconnectAndReport (package:momcozy_flutter_app/modules/consultation/application/room_controller.dart:275:17)
#2      ConsultationRoomController.leave (package:momcozy_flutter_app/modules/consultation/application/room_controller.dart:264:13)
#3      _ConsultationRoomPageState._back (package:momcozy_flutter_app/modules/consultation/presentation/room_page.dart:111:22)
<asynchronous suspension>

The test description was:
  leave recovery 320.0 / 1.0
════════════════════════════════════════════════════════════════════════════════════════════════════
00:00 +0 -2: leave recovery 320.0 / 1.0 [E]
  Test failed. See exception logs above.
  The test description was: leave recovery 320.0 / 1.0
  
══╡ EXCEPTION CAUGHT BY FLUTTER TEST FRAMEWORK ╞════════════════════════════════════════════════════
The following TestFailure was thrown running a test (but after the test had completed):
Expected: true
  Actual: <false>

When the exception was thrown, this was the stack:
#0      fail (package:matcher/src/expect/expect.dart:187:31)
#1      _expect (package:matcher/src/expect/expect.dart:182:3)
#2      expect (package:matcher/src/expect/expect.dart:65:3)
#3      expect (package:flutter_test/src/widget_tester.dart:473:18)
#4      verifyRoomLeaveRecovery (file:///Users/lute/project/momcozy-lab/app/test/support/room_leave_recovery_scenarios.dart:58:3)
<asynchronous suspension>
#5      main.<anonymous closure> (file:///Users/lute/project/momcozy-lab/app/test/modules/consultation/room_leave_recovery_test.dart:29:9)
<asynchronous suspension>
#6      testWidgets.<anonymous closure>.<anonymous closure> (package:flutter_test/src/widget_tester.dart:192:15)
<asynchronous suspension>
#7      TestWidgetsFlutterBinding._runTestBody (package:flutter_test/src/binding.dart:1952:5)
<asynchronous suspension>
<asynchronous suspension>
(elided one frame from package:stack_trace)
════════════════════════════════════════════════════════════════════════════════════════════════════
  Test failed. See exception logs above.
  The test description was: leave recovery 320.0 / 1.0
  
00:00 +0 -2: leave recovery 320.0 / 2.0
══╡ EXCEPTION CAUGHT BY FLUTTER TEST FRAMEWORK ╞════════════════════════════════════════════════════
The following StateError was thrown running a test:
Bad state: private-media-disconnect-error

When the exception was thrown, this was the stack:
#0      RetryDisconnectMedia.disconnect (file:///Users/lute/project/momcozy-lab/app/test/support/room_leave_recovery_scenarios.dart:15:26)
#1      ConsultationRoomController._disconnectAndReport (package:momcozy_flutter_app/modules/consultation/application/room_controller.dart:275:17)
#2      ConsultationRoomController.leave (package:momcozy_flutter_app/modules/consultation/application/room_controller.dart:264:13)
#3      _ConsultationRoomPageState._back (package:momcozy_flutter_app/modules/consultation/presentation/room_page.dart:111:22)
<asynchronous suspension>

The test description was:
  leave recovery 320.0 / 2.0
════════════════════════════════════════════════════════════════════════════════════════════════════
00:00 +0 -3: leave recovery 320.0 / 2.0 [E]
  Test failed. See exception logs above.
  The test description was: leave recovery 320.0 / 2.0
  
══╡ EXCEPTION CAUGHT BY FLUTTER TEST FRAMEWORK ╞════════════════════════════════════════════════════
The following TestFailure was thrown running a test (but after the test had completed):
Expected: true
  Actual: <false>

When the exception was thrown, this was the stack:
#0      fail (package:matcher/src/expect/expect.dart:187:31)
#1      _expect (package:matcher/src/expect/expect.dart:182:3)
#2      expect (package:matcher/src/expect/expect.dart:65:3)
#3      expect (package:flutter_test/src/widget_tester.dart:473:18)
#4      verifyRoomLeaveRecovery (file:///Users/lute/project/momcozy-lab/app/test/support/room_leave_recovery_scenarios.dart:58:3)
<asynchronous suspension>
#5      main.<anonymous closure> (file:///Users/lute/project/momcozy-lab/app/test/modules/consultation/room_leave_recovery_test.dart:29:9)
<asynchronous suspension>
#6      testWidgets.<anonymous closure>.<anonymous closure> (package:flutter_test/src/widget_tester.dart:192:15)
<asynchronous suspension>
#7      TestWidgetsFlutterBinding._runTestBody (package:flutter_test/src/binding.dart:1952:5)
<asynchronous suspension>
<asynchronous suspension>
(elided one frame from package:stack_trace)
════════════════════════════════════════════════════════════════════════════════════════════════════
  Test failed. See exception logs above.
  The test description was: leave recovery 320.0 / 2.0
  
00:00 +0 -3: leave recovery 390.0 / 1.0
══╡ EXCEPTION CAUGHT BY FLUTTER TEST FRAMEWORK ╞════════════════════════════════════════════════════
The following StateError was thrown running a test:
Bad state: private-media-disconnect-error

When the exception was thrown, this was the stack:
#0      RetryDisconnectMedia.disconnect (file:///Users/lute/project/momcozy-lab/app/test/support/room_leave_recovery_scenarios.dart:15:26)
#1      ConsultationRoomController._disconnectAndReport (package:momcozy_flutter_app/modules/consultation/application/room_controller.dart:275:17)
#2      ConsultationRoomController.leave (package:momcozy_flutter_app/modules/consultation/application/room_controller.dart:264:13)
#3      _ConsultationRoomPageState._back (package:momcozy_flutter_app/modules/consultation/presentation/room_page.dart:111:22)
<asynchronous suspension>

The test description was:
  leave recovery 390.0 / 1.0
════════════════════════════════════════════════════════════════════════════════════════════════════
00:00 +0 -4: leave recovery 390.0 / 1.0 [E]
  Test failed. See exception logs above.
  The test description was: leave recovery 390.0 / 1.0
  
══╡ EXCEPTION CAUGHT BY FLUTTER TEST FRAMEWORK ╞════════════════════════════════════════════════════
The following TestFailure was thrown running a test (but after the test had completed):
Expected: true
  Actual: <false>

When the exception was thrown, this was the stack:
#0      fail (package:matcher/src/expect/expect.dart:187:31)
#1      _expect (package:matcher/src/expect/expect.dart:182:3)
#2      expect (package:matcher/src/expect/expect.dart:65:3)
#3      expect (package:flutter_test/src/widget_tester.dart:473:18)
#4      verifyRoomLeaveRecovery (file:///Users/lute/project/momcozy-lab/app/test/support/room_leave_recovery_scenarios.dart:58:3)
<asynchronous suspension>
#5      main.<anonymous closure> (file:///Users/lute/project/momcozy-lab/app/test/modules/consultation/room_leave_recovery_test.dart:29:9)
<asynchronous suspension>
#6      testWidgets.<anonymous closure>.<anonymous closure> (package:flutter_test/src/widget_tester.dart:192:15)
<asynchronous suspension>
#7      TestWidgetsFlutterBinding._runTestBody (package:flutter_test/src/binding.dart:1952:5)
<asynchronous suspension>
<asynchronous suspension>
(elided one frame from package:stack_trace)
════════════════════════════════════════════════════════════════════════════════════════════════════
  Test failed. See exception logs above.
  The test description was: leave recovery 390.0 / 1.0
  
00:00 +0 -4: leave recovery 390.0 / 2.0
══╡ EXCEPTION CAUGHT BY FLUTTER TEST FRAMEWORK ╞════════════════════════════════════════════════════
The following StateError was thrown running a test:
Bad state: private-media-disconnect-error

When the exception was thrown, this was the stack:
#0      RetryDisconnectMedia.disconnect (file:///Users/lute/project/momcozy-lab/app/test/support/room_leave_recovery_scenarios.dart:15:26)
#1      ConsultationRoomController._disconnectAndReport (package:momcozy_flutter_app/modules/consultation/application/room_controller.dart:275:17)
#2      ConsultationRoomController.leave (package:momcozy_flutter_app/modules/consultation/application/room_controller.dart:264:13)
#3      _ConsultationRoomPageState._back (package:momcozy_flutter_app/modules/consultation/presentation/room_page.dart:111:22)
<asynchronous suspension>

The test description was:
  leave recovery 390.0 / 2.0
════════════════════════════════════════════════════════════════════════════════════════════════════
00:00 +0 -5: leave recovery 390.0 / 2.0 [E]
  Test failed. See exception logs above.
  The test description was: leave recovery 390.0 / 2.0
  
══╡ EXCEPTION CAUGHT BY FLUTTER TEST FRAMEWORK ╞════════════════════════════════════════════════════
The following TestFailure was thrown running a test (but after the test had completed):
Expected: true
  Actual: <false>

When the exception was thrown, this was the stack:
#0      fail (package:matcher/src/expect/expect.dart:187:31)
#1      _expect (package:matcher/src/expect/expect.dart:182:3)
#2      expect (package:matcher/src/expect/expect.dart:65:3)
#3      expect (package:flutter_test/src/widget_tester.dart:473:18)
#4      verifyRoomLeaveRecovery (file:///Users/lute/project/momcozy-lab/app/test/support/room_leave_recovery_scenarios.dart:58:3)
<asynchronous suspension>
#5      main.<anonymous closure> (file:///Users/lute/project/momcozy-lab/app/test/modules/consultation/room_leave_recovery_test.dart:29:9)
<asynchronous suspension>
#6      testWidgets.<anonymous closure>.<anonymous closure> (package:flutter_test/src/widget_tester.dart:192:15)
<asynchronous suspension>
#7      TestWidgetsFlutterBinding._runTestBody (package:flutter_test/src/binding.dart:1952:5)
<asynchronous suspension>
<asynchronous suspension>
(elided one frame from package:stack_trace)
════════════════════════════════════════════════════════════════════════════════════════════════════
  Test failed. See exception logs above.
  The test description was: leave recovery 390.0 / 2.0
  
00:00 +0 -5: leave recovery 430.0 / 1.0
══╡ EXCEPTION CAUGHT BY FLUTTER TEST FRAMEWORK ╞════════════════════════════════════════════════════
The following StateError was thrown running a test:
Bad state: private-media-disconnect-error

When the exception was thrown, this was the stack:
#0      RetryDisconnectMedia.disconnect (file:///Users/lute/project/momcozy-lab/app/test/support/room_leave_recovery_scenarios.dart:15:26)
#1      ConsultationRoomController._disconnectAndReport (package:momcozy_flutter_app/modules/consultation/application/room_controller.dart:275:17)
#2      ConsultationRoomController.leave (package:momcozy_flutter_app/modules/consultation/application/room_controller.dart:264:13)
#3      _ConsultationRoomPageState._back (package:momcozy_flutter_app/modules/consultation/presentation/room_page.dart:111:22)
<asynchronous suspension>

The test description was:
  leave recovery 430.0 / 1.0
════════════════════════════════════════════════════════════════════════════════════════════════════
00:00 +0 -6: leave recovery 430.0 / 1.0 [E]
  Test failed. See exception logs above.
  The test description was: leave recovery 430.0 / 1.0
  
══╡ EXCEPTION CAUGHT BY FLUTTER TEST FRAMEWORK ╞════════════════════════════════════════════════════
The following TestFailure was thrown running a test (but after the test had completed):
Expected: true
  Actual: <false>

When the exception was thrown, this was the stack:
#0      fail (package:matcher/src/expect/expect.dart:187:31)
#1      _expect (package:matcher/src/expect/expect.dart:182:3)
#2      expect (package:matcher/src/expect/expect.dart:65:3)
#3      expect (package:flutter_test/src/widget_tester.dart:473:18)
#4      verifyRoomLeaveRecovery (file:///Users/lute/project/momcozy-lab/app/test/support/room_leave_recovery_scenarios.dart:58:3)
<asynchronous suspension>
#5      main.<anonymous closure> (file:///Users/lute/project/momcozy-lab/app/test/modules/consultation/room_leave_recovery_test.dart:29:9)
<asynchronous suspension>
#6      testWidgets.<anonymous closure>.<anonymous closure> (package:flutter_test/src/widget_tester.dart:192:15)
<asynchronous suspension>
#7      TestWidgetsFlutterBinding._runTestBody (package:flutter_test/src/binding.dart:1952:5)
<asynchronous suspension>
<asynchronous suspension>
(elided one frame from package:stack_trace)
════════════════════════════════════════════════════════════════════════════════════════════════════
  Test failed. See exception logs above.
  The test description was: leave recovery 430.0 / 1.0
  
00:00 +0 -6: leave recovery 430.0 / 2.0
══╡ EXCEPTION CAUGHT BY FLUTTER TEST FRAMEWORK ╞════════════════════════════════════════════════════
The following StateError was thrown running a test:
Bad state: private-media-disconnect-error

When the exception was thrown, this was the stack:
#0      RetryDisconnectMedia.disconnect (file:///Users/lute/project/momcozy-lab/app/test/support/room_leave_recovery_scenarios.dart:15:26)
#1      ConsultationRoomController._disconnectAndReport (package:momcozy_flutter_app/modules/consultation/application/room_controller.dart:275:17)
#2      ConsultationRoomController.leave (package:momcozy_flutter_app/modules/consultation/application/room_controller.dart:264:13)
#3      _ConsultationRoomPageState._back (package:momcozy_flutter_app/modules/consultation/presentation/room_page.dart:111:22)
<asynchronous suspension>

The test description was:
  leave recovery 430.0 / 2.0
════════════════════════════════════════════════════════════════════════════════════════════════════
00:00 +0 -7: leave recovery 430.0 / 2.0 [E]
  Test failed. See exception logs above.
  The test description was: leave recovery 430.0 / 2.0
  
══╡ EXCEPTION CAUGHT BY FLUTTER TEST FRAMEWORK ╞════════════════════════════════════════════════════
The following TestFailure was thrown running a test (but after the test had completed):
Expected: true
  Actual: <false>

When the exception was thrown, this was the stack:
#0      fail (package:matcher/src/expect/expect.dart:187:31)
#1      _expect (package:matcher/src/expect/expect.dart:182:3)
#2      expect (package:matcher/src/expect/expect.dart:65:3)
#3      expect (package:flutter_test/src/widget_tester.dart:473:18)
#4      verifyRoomLeaveRecovery (file:///Users/lute/project/momcozy-lab/app/test/support/room_leave_recovery_scenarios.dart:58:3)
<asynchronous suspension>
#5      main.<anonymous closure> (file:///Users/lute/project/momcozy-lab/app/test/modules/consultation/room_leave_recovery_test.dart:29:9)
<asynchronous suspension>
#6      testWidgets.<anonymous closure>.<anonymous closure> (package:flutter_test/src/widget_tester.dart:192:15)
<asynchronous suspension>
#7      TestWidgetsFlutterBinding._runTestBody (package:flutter_test/src/binding.dart:1952:5)
<asynchronous suspension>
<asynchronous suspension>
(elided one frame from package:stack_trace)
════════════════════════════════════════════════════════════════════════════════════════════════════
  Test failed. See exception logs above.
  The test description was: leave recovery 430.0 / 2.0
  
00:00 +0 -7: (tearDownAll)
00:00 +0 -7: Some tests failed.

Failing tests:
  /Users/lute/project/momcozy-lab/app/test/modules/consultation/room_leave_recovery_test.dart: disconnect failure preserves connection for retry and leave report
  /Users/lute/project/momcozy-lab/app/test/modules/consultation/room_leave_recovery_test.dart: leave recovery 320.0 / 1.0
  /Users/lute/project/momcozy-lab/app/test/modules/consultation/room_leave_recovery_test.dart: leave recovery 320.0 / 2.0
  /Users/lute/project/momcozy-lab/app/test/modules/consultation/room_leave_recovery_test.dart: leave recovery 390.0 / 1.0
  ... and 3 more
