00:00 +0: loading /Users/lute/project/momcozy-lab/app/test/modules/baby/baby_inventory_journey_test.dart
00:00 +0: (setUpAll)
00:00 +0: inventory Baby feeding save edit delete restore and history filters
00:02 +1: inventory Baby profile switch editing and discard
00:03 +2: inventory Baby sleep stool knowledge and growth interactions
00:05 +3: inventory Baby no profile creation and missing demographic data
00:05 +4: inventory Baby local record failure and pull refresh recovery
00:06 +5: inventory Baby loading and pending save states
00:06 +6: inventory Baby growth batch date validation and undo recovery
00:07 +7: inventory Baby history mutation failures privacy and return
00:08 +8: inventory Baby history pagination loading failure recovery
══╡ EXCEPTION CAUGHT BY FLUTTER TEST FRAMEWORK ╞════════════════════════════════════════════════════
The following TestFailure was thrown running a test:
Expected: exactly 51 matching candidates
  Actual: _TextWidgetFinder:<Found 5 widgets with text "已保存": [
            Text("已保存", inherit: true, color: Color(alpha: 1.0000, red: 0.3020, green: 0.5176, blue:
0.4353, colorSpace: ColorSpace.sRGB), size: 9.0, weight: 600, letterSpacing: 0.3, height: 1.4x,
dependencies: [DefaultSelectionStyle, DefaultTextStyle, MediaQuery]),
            Text("已保存", inherit: true, color: Color(alpha: 1.0000, red: 0.3020, green: 0.5176, blue:
0.4353, colorSpace: ColorSpace.sRGB), size: 9.0, weight: 600, letterSpacing: 0.3, height: 1.4x,
dependencies: [DefaultSelectionStyle, DefaultTextStyle, MediaQuery]),
            Text("已保存", inherit: true, color: Color(alpha: 1.0000, red: 0.3020, green: 0.5176, blue:
0.4353, colorSpace: ColorSpace.sRGB), size: 9.0, weight: 600, letterSpacing: 0.3, height: 1.4x,
dependencies: [DefaultSelectionStyle, DefaultTextStyle, MediaQuery]),
            Text("已保存", inherit: true, color: Color(alpha: 1.0000, red: 0.3020, green: 0.5176, blue:
0.4353, colorSpace: ColorSpace.sRGB), size: 9.0, weight: 600, letterSpacing: 0.3, height: 1.4x,
dependencies: [DefaultSelectionStyle, DefaultTextStyle, MediaQuery]),
            Text("已保存", inherit: true, color: Color(alpha: 1.0000, red: 0.3020, green: 0.5176, blue:
0.4353, colorSpace: ColorSpace.sRGB), size: 9.0, weight: 600, letterSpacing: 0.3, height: 1.4x,
dependencies: [DefaultSelectionStyle, DefaultTextStyle, MediaQuery]),
          ]>
   Which: is not enough

When the exception was thrown, this was the stack:
#4      main.<anonymous closure> (file:///Users/lute/project/momcozy-lab/app/test/modules/baby/baby_inventory_journey_test.dart:881:5)
<asynchronous suspension>
#5      testWidgets.<anonymous closure>.<anonymous closure> (package:flutter_test/src/widget_tester.dart:192:15)
<asynchronous suspension>
#6      TestWidgetsFlutterBinding._runTestBody (package:flutter_test/src/binding.dart:1952:5)
<asynchronous suspension>
<asynchronous suspension>
(elided one frame from package:stack_trace)

This was caught by the test expectation on the following line:
  file:///Users/lute/project/momcozy-lab/app/test/modules/baby/baby_inventory_journey_test.dart line 881
The test description was:
  inventory Baby history pagination loading failure recovery
════════════════════════════════════════════════════════════════════════════════════════════════════
00:09 +8 -1: inventory Baby history pagination loading failure recovery [E]
  Test failed. See exception logs above.
  The test description was: inventory Baby history pagination loading failure recovery
  
00:09 +8 -1: (tearDownAll)
00:09 +8 -1: Some tests failed.

Failing tests:
  /Users/lute/project/momcozy-lab/app/test/modules/baby/baby_inventory_journey_test.dart: inventory Baby history pagination loading failure recovery
