00:00 +0: loading /Users/lute/project/momcozy-lab/app/test/modules/mom/lactation_test.dart
00:00 +0: /Users/lute/project/momcozy-lab/app/test/modules/mom/mother_diary_page_test.dart: independent diary uses shared sections, preserves draft and saves 320.0/1.0
00:00 +1: /Users/lute/project/momcozy-lab/app/test/modules/mom/mother_diary_page_test.dart: independent diary uses shared sections, preserves draft and saves 320.0/1.0
00:00 +2: /Users/lute/project/momcozy-lab/app/test/modules/mom/mother_diary_page_test.dart: independent diary uses shared sections, preserves draft and saves 320.0/1.0
00:00 +3: /Users/lute/project/momcozy-lab/app/test/modules/mom/mother_diary_page_test.dart: independent diary uses shared sections, preserves draft and saves 320.0/1.0
00:00 +4: /Users/lute/project/momcozy-lab/app/test/modules/mom/mother_diary_page_test.dart: independent diary uses shared sections, preserves draft and saves 320.0/1.0
00:00 +5: /Users/lute/project/momcozy-lab/app/test/modules/mom/mother_diary_page_test.dart: independent diary uses shared sections, preserves draft and saves 320.0/1.0
00:00 +6: /Users/lute/project/momcozy-lab/app/test/modules/mom/mother_diary_page_test.dart: independent diary uses shared sections, preserves draft and saves 320.0/1.0
00:00 +7: /Users/lute/project/momcozy-lab/app/test/modules/mom/mother_diary_page_test.dart: independent diary uses shared sections, preserves draft and saves 320.0/1.0
00:00 +8: /Users/lute/project/momcozy-lab/app/test/modules/mom/mother_diary_page_test.dart: independent diary uses shared sections, preserves draft and saves 320.0/1.0
00:00 +9: /Users/lute/project/momcozy-lab/app/test/modules/mom/mother_diary_page_test.dart: independent diary uses shared sections, preserves draft and saves 320.0/1.0
00:00 +10: /Users/lute/project/momcozy-lab/app/test/modules/mom/mother_diary_page_test.dart: independent diary uses shared sections, preserves draft and saves 320.0/1.0
00:00 +11: /Users/lute/project/momcozy-lab/app/test/modules/mom/mother_diary_page_test.dart: independent diary uses shared sections, preserves draft and saves 320.0/1.0
00:00 +12: /Users/lute/project/momcozy-lab/app/test/modules/mom/mother_diary_page_test.dart: independent diary uses shared sections, preserves draft and saves 320.0/1.0
00:00 +13: /Users/lute/project/momcozy-lab/app/test/modules/mom/mother_diary_page_test.dart: independent diary uses shared sections, preserves draft and saves 320.0/1.0
00:00 +14: /Users/lute/project/momcozy-lab/app/test/modules/mom/mother_diary_page_test.dart: independent diary uses shared sections, preserves draft and saves 320.0/1.0
00:00 +15: /Users/lute/project/momcozy-lab/app/test/modules/mom/mother_diary_page_test.dart: independent diary uses shared sections, preserves draft and saves 320.0/1.0
00:01 +16: /Users/lute/project/momcozy-lab/app/test/modules/mom/mother_diary_page_test.dart: independent diary uses shared sections, preserves draft and saves 320.0/1.0
00:01 +17: /Users/lute/project/momcozy-lab/app/test/modules/mom/mother_forms_design_test.dart: diary body dialog at 320.0 / 1.0
00:01 +18: /Users/lute/project/momcozy-lab/app/test/modules/mom/mother_forms_design_test.dart: diary body dialog at 320.0 / 1.0
00:01 +19: /Users/lute/project/momcozy-lab/app/test/modules/mom/mother_forms_design_test.dart: diary body dialog at 320.0 / 1.0
00:01 +20: /Users/lute/project/momcozy-lab/app/test/modules/mom/mother_forms_design_test.dart: diary body dialog at 320.0 / 1.0
00:01 +21: /Users/lute/project/momcozy-lab/app/test/modules/mom/mother_forms_design_test.dart: diary body dialog at 320.0 / 1.0
00:01 +22: /Users/lute/project/momcozy-lab/app/test/modules/mom/mother_forms_design_test.dart: diary body dialog at 320.0 / 1.0
00:01 +23: /Users/lute/project/momcozy-lab/app/test/modules/mom/mother_diary_page_test.dart: independent diary uses shared sections, preserves draft and saves 320.0/2.0
00:01 +24: /Users/lute/project/momcozy-lab/app/test/modules/mom/mother_diary_page_test.dart: independent diary uses shared sections, preserves draft and saves 320.0/2.0
00:01 +25: /Users/lute/project/momcozy-lab/app/test/modules/mom/mother_diary_page_test.dart: independent diary uses shared sections, preserves draft and saves 320.0/2.0
00:01 +26: /Users/lute/project/momcozy-lab/app/test/modules/mom/mother_diary_page_test.dart: independent diary uses shared sections, preserves draft and saves 320.0/2.0
00:01 +27: /Users/lute/project/momcozy-lab/app/test/modules/mom/mother_diary_page_test.dart: independent diary uses shared sections, preserves draft and saves 320.0/2.0
00:01 +28: /Users/lute/project/momcozy-lab/app/test/modules/mom/mother_forms_design_test.dart: diary mood dialog at 320.0 / 1.0
00:01 +29: /Users/lute/project/momcozy-lab/app/test/modules/mom/mother_forms_design_test.dart: diary mood dialog at 320.0 / 1.0
00:01 +30: /Users/lute/project/momcozy-lab/app/test/modules/mom/mother_home_test.dart: mother home matches the product baseline at 390.0 / 1.0
00:01 +31: /Users/lute/project/momcozy-lab/app/test/modules/mom/mother_home_test.dart: mother home matches the product baseline at 390.0 / 1.0
00:01 +32: /Users/lute/project/momcozy-lab/app/test/modules/mom/mother_home_test.dart: mother home matches the product baseline at 390.0 / 1.0
00:01 +33: /Users/lute/project/momcozy-lab/app/test/modules/mom/mother_diary_page_test.dart: independent diary uses shared sections, preserves draft and saves 390.0/1.0
00:01 +34: /Users/lute/project/momcozy-lab/app/test/modules/mom/mother_diary_page_test.dart: independent diary uses shared sections, preserves draft and saves 390.0/1.0
00:01 +35: /Users/lute/project/momcozy-lab/app/test/modules/mom/mother_diary_page_test.dart: independent diary uses shared sections, preserves draft and saves 390.0/1.0
00:01 +36: /Users/lute/project/momcozy-lab/app/test/modules/mom/mother_forms_design_test.dart: diary body dialog at 320.0 / 2.0
00:02 +37: /Users/lute/project/momcozy-lab/app/test/modules/mom/mother_forms_design_test.dart: diary body dialog at 320.0 / 2.0
00:02 +38: /Users/lute/project/momcozy-lab/app/test/modules/mom/mother_home_test.dart: mother home matches the product baseline at 430.0 / 1.0
00:02 +39: /Users/lute/project/momcozy-lab/app/test/modules/mom/mother_home_test.dart: mother home matches the product baseline at 430.0 / 1.0
00:02 +40: /Users/lute/project/momcozy-lab/app/test/modules/mom/mother_home_test.dart: mother home matches the product baseline at 430.0 / 1.0
00:02 +41: /Users/lute/project/momcozy-lab/app/test/modules/mom/mother_home_test.dart: mother home matches the product baseline at 430.0 / 1.0
00:02 +42: /Users/lute/project/momcozy-lab/app/test/modules/mom/mother_home_test.dart: mother home matches the product baseline at 430.0 / 1.0
00:02 +43: /Users/lute/project/momcozy-lab/app/test/modules/mom/mother_diary_page_test.dart: independent diary uses shared sections, preserves draft and saves 390.0/2.0
00:02 +44: /Users/lute/project/momcozy-lab/app/test/modules/mom/mother_diary_page_test.dart: independent diary uses shared sections, preserves draft and saves 390.0/2.0
00:02 +45: /Users/lute/project/momcozy-lab/app/test/modules/mom/mother_forms_design_test.dart: diary rest dialog at 390.0 / 1.0
00:02 +46: /Users/lute/project/momcozy-lab/app/test/modules/mom/mother_home_test.dart: mother home matches the product baseline at 430.0 / 2.0
00:02 +47: /Users/lute/project/momcozy-lab/app/test/modules/mom/lactation_test.dart: lactation modal switches to nursing and saves at 430.0 / 1.0
00:02 +48: /Users/lute/project/momcozy-lab/app/test/modules/mom/mother_diary_page_test.dart: independent diary uses shared sections, preserves draft and saves 430.0/1.0
00:02 +49: /Users/lute/project/momcozy-lab/app/test/modules/mom/mother_diary_page_test.dart: independent diary uses shared sections, preserves draft and saves 430.0/1.0
00:02 +50: /Users/lute/project/momcozy-lab/app/test/modules/mom/mother_diary_page_test.dart: independent diary uses shared sections, preserves draft and saves 430.0/1.0
00:02 +51: /Users/lute/project/momcozy-lab/app/test/modules/mom/mother_diary_page_test.dart: independent diary uses shared sections, preserves draft and saves 430.0/1.0
00:02 +52: /Users/lute/project/momcozy-lab/app/test/modules/mom/mother_diary_page_test.dart: independent diary uses shared sections, preserves draft and saves 430.0/1.0
00:02 +53: /Users/lute/project/momcozy-lab/app/test/modules/mom/mother_forms_design_test.dart: diary mood dialog at 390.0 / 1.0
00:02 +54: /Users/lute/project/momcozy-lab/app/test/modules/mom/mother_forms_design_test.dart: diary mood dialog at 390.0 / 1.0
00:02 +55: /Users/lute/project/momcozy-lab/app/test/modules/mom/mother_forms_design_test.dart: diary mood dialog at 390.0 / 1.0
00:02 +56: /Users/lute/project/momcozy-lab/app/test/modules/mom/mother_diary_page_test.dart: independent diary uses shared sections, preserves draft and saves 430.0/2.0
00:02 +57: /Users/lute/project/momcozy-lab/app/test/modules/mom/mother_diary_page_test.dart: independent diary uses shared sections, preserves draft and saves 430.0/2.0
00:02 +58: /Users/lute/project/momcozy-lab/app/test/modules/mom/mother_diary_page_test.dart: independent diary uses shared sections, preserves draft and saves 430.0/2.0
00:02 +59: /Users/lute/project/momcozy-lab/app/test/modules/mom/mother_forms_design_test.dart: diary body dialog at 390.0 / 2.0
00:02 +60: /Users/lute/project/momcozy-lab/app/test/modules/mom/mother_diary_page_test.dart: short diary keeps note and save reachable with keyboard and large text
00:02 +61: /Users/lute/project/momcozy-lab/app/test/modules/mom/mother_diary_page_test.dart: short diary keeps note and save reachable with keyboard and large text
00:03 +62: /Users/lute/project/momcozy-lab/app/test/modules/mom/mother_forms_design_test.dart: diary rest dialog at 430.0 / 1.0
00:03 +63: /Users/lute/project/momcozy-lab/app/test/modules/mom/mother_forms_design_test.dart: diary body dialog at 430.0 / 1.0
00:03 +64: /Users/lute/project/momcozy-lab/app/test/modules/mom/mother_forms_design_test.dart: diary mood dialog at 430.0 / 1.0
00:03 +65: /Users/lute/project/momcozy-lab/app/test/modules/mom/mother_forms_design_test.dart: diary rest dialog at 430.0 / 2.0
00:03 +66: /Users/lute/project/momcozy-lab/app/test/modules/mom/mother_forms_design_test.dart: diary body dialog at 430.0 / 2.0
00:03 +67: /Users/lute/project/momcozy-lab/app/test/modules/mom/mother_forms_design_test.dart: diary mood dialog at 430.0 / 2.0
00:03 +68: /Users/lute/project/momcozy-lab/app/test/modules/mom/mother_forms_design_test.dart: (tearDownAll)
00:03 +68: All tests passed!
