Resolving dependencies...
Downloading packages...
  archive 4.0.9 (4.2.0 available)
  clock 1.1.2 (1.1.3 available)
  code_assets 1.2.1 (2.0.0 available)
  cross_file 0.3.5+4 (0.3.5+5 available)
  dart_webrtc 1.8.1 (1.8.2 available)
  file_selector_android 0.5.2+8 (0.5.2+10 available)
  file_selector_ios 0.5.3+5 (0.5.3+6 available)
  file_selector_linux 0.9.4 (0.9.4+1 available)
  file_selector_macos 0.9.5 (0.9.5+1 available)
  file_selector_windows 0.9.3+5 (0.9.3+6 available)
  flutter_markdown_plus 1.0.11 (1.0.12 available)
  flutter_secure_storage 10.3.1 (11.1.0 available)
  flutter_secure_storage_darwin 0.3.2 (0.4.1 available)
  flutter_secure_storage_linux 3.0.1 (3.0.2 available)
  flutter_secure_storage_platform_interface 2.0.1 (2.1.0 available)
  flutter_webrtc 1.6.0 (1.6.2+hotfix.1 available)
  go_router 17.3.0 (18.0.1 available)
  hooks 2.0.2 (2.2.0 available)
  html 0.15.6 (0.15.7 available)
  image 4.9.1 (4.9.2 available)
  image_picker_android 0.8.13+19 (0.8.13+22 available)
  image_picker_ios 0.8.13+6 (0.8.13+7 available)
  intl 0.20.2 (0.20.3 available)
  jni 1.0.0 (1.0.3 available)
  jni_flutter 1.0.1 (1.0.3 available)
  logger 2.7.0 (2.8.0 available)
  matcher 0.12.19 (0.12.20 available)
  material_color_utilities 0.13.0 (0.13.1 available)
  meta 1.18.0 (1.19.0 available)
  mime 2.0.0 (2.1.0 available)
  objective_c 9.4.1 (9.6.0 available)
  package_config 2.2.0 (3.0.0 available)
  pdfium_dart 0.1.3 (0.3.0 available)
  pdfium_flutter 0.1.9 (0.3.0 available)
  pdfrx 2.2.24 (2.6.1 available)
  pdfrx_engine 0.3.9 (0.6.0 available)
  platform 3.1.6 (3.2.0 available)
  posix 6.5.0 (6.5.2 available)
  process 5.0.5 (5.0.6 available)
  pub_semver 2.2.0 (2.2.1 available)
  record_use 0.6.0 (1.1.1 available)
  share_plus 13.2.0 (13.3.0 available)
  share_plus_platform_interface 7.1.0 (7.2.0 available)
  stack_trace 1.12.1 (1.12.2 available)
  synchronized 3.4.1 (3.4.2 available)
  test_api 0.7.11 (0.7.14 available)
  url_launcher_android 6.3.32 (6.3.33 available)
  url_launcher_ios 6.4.1 (6.4.2 available)
  url_launcher_linux 3.2.2 (3.2.3 available)
  url_launcher_macos 3.2.5 (3.2.6 available)
  url_launcher_windows 3.1.5 (3.1.6 available)
  uuid 4.5.3 (4.6.0 available)
  vector_math 2.2.0 (2.4.2 available)
  video_player 2.11.1 (2.14.0 available)
  video_player_android 2.10.0 (2.12.2 available)
  video_player_avfoundation 2.10.0 (2.12.0 available)
  vm_service 15.2.0 (15.3.0 available)
  webdriver 3.1.0 (3.2.0 available)
  win32 6.3.0 (6.4.0 available)
  yaml 3.1.3 (3.1.4 available)
Got dependencies!
60 packages have newer versions incompatible with dependency constraints.
Try `flutter pub outdated` for more information.
00:00 +0: loading /Users/lute/project/momcozy-lab/app/test/modules/services/booking_test.dart
00:00 +0: /Users/lute/project/momcozy-lab/app/test/modules/services/service_progress_test.dart: full timeline navigation at 320.0 / 1.0
00:00 +1: /Users/lute/project/momcozy-lab/app/test/modules/services/service_progress_test.dart: full timeline navigation at 320.0 / 1.0
00:00 +2: /Users/lute/project/momcozy-lab/app/test/modules/services/appointment_detail_test.dart: short screen and safe areas keep cancellation actions reachable
00:00 +3: /Users/lute/project/momcozy-lab/app/test/modules/services/service_renew_test.dart: renew selection opens existing eligibility flow 320.0/1.0
00:00 +4: /Users/lute/project/momcozy-lab/app/test/modules/services/service_renew_test.dart: renew selection opens existing eligibility flow 320.0/1.0
00:00 +5: /Users/lute/project/momcozy-lab/app/test/modules/services/service_renew_test.dart: renew selection opens existing eligibility flow 320.0/1.0
00:00 +6: /Users/lute/project/momcozy-lab/app/test/modules/services/service_renew_test.dart: renew selection opens existing eligibility flow 320.0/1.0
00:00 +7: /Users/lute/project/momcozy-lab/app/test/modules/services/intake_test.dart: intake design disclosures consent and save at 320.0 / 1.0
00:00 +8: /Users/lute/project/momcozy-lab/app/test/modules/services/intake_test.dart: intake design disclosures consent and save at 320.0 / 1.0
00:01 +9: /Users/lute/project/momcozy-lab/app/test/modules/services/intake_test.dart: intake design disclosures consent and save at 320.0 / 1.0
00:01 +10: /Users/lute/project/momcozy-lab/app/test/modules/services/intake_test.dart: intake design disclosures consent and save at 320.0 / 1.0
00:01 +11: /Users/lute/project/momcozy-lab/app/test/modules/services/intake_test.dart: intake design disclosures consent and save at 320.0 / 1.0
00:01 +12: /Users/lute/project/momcozy-lab/app/test/modules/services/intake_test.dart: intake design disclosures consent and save at 320.0 / 1.0
00:01 +13: /Users/lute/project/momcozy-lab/app/test/modules/services/intake_test.dart: intake design disclosures consent and save at 320.0 / 1.0
00:01 +14: /Users/lute/project/momcozy-lab/app/test/modules/services/intake_test.dart: intake design disclosures consent and save at 320.0 / 1.0
00:01 +15: /Users/lute/project/momcozy-lab/app/test/modules/services/intake_test.dart: intake design disclosures consent and save at 320.0 / 1.0
00:01 +16: /Users/lute/project/momcozy-lab/app/test/modules/services/intake_test.dart: intake design disclosures consent and save at 320.0 / 1.0
00:01 +17: /Users/lute/project/momcozy-lab/app/test/modules/services/intake_test.dart: intake design disclosures consent and save at 320.0 / 1.0
00:01 +18: /Users/lute/project/momcozy-lab/app/test/modules/services/intake_test.dart: intake design disclosures consent and save at 320.0 / 1.0
00:01 +19: /Users/lute/project/momcozy-lab/app/test/modules/services/intake_test.dart: intake design disclosures consent and save at 320.0 / 1.0
00:01 +20: /Users/lute/project/momcozy-lab/app/test/modules/services/intake_test.dart: intake design disclosures consent and save at 320.0 / 1.0
00:01 +21: /Users/lute/project/momcozy-lab/app/test/modules/services/intake_test.dart: intake design disclosures consent and save at 320.0 / 1.0
00:01 +22: /Users/lute/project/momcozy-lab/app/test/modules/services/intake_test.dart: intake design disclosures consent and save at 320.0 / 1.0
00:01 +23: /Users/lute/project/momcozy-lab/app/test/modules/services/intake_test.dart: intake design disclosures consent and save at 320.0 / 1.0
00:01 +24: /Users/lute/project/momcozy-lab/app/test/modules/services/intake_test.dart: intake design disclosures consent and save at 320.0 / 1.0
00:01 +25: /Users/lute/project/momcozy-lab/app/test/modules/services/intake_test.dart: intake design disclosures consent and save at 320.0 / 1.0
00:01 +26: /Users/lute/project/momcozy-lab/app/test/modules/services/intake_test.dart: intake design disclosures consent and save at 320.0 / 1.0
00:01 +27: /Users/lute/project/momcozy-lab/app/test/modules/services/intake_test.dart: intake design disclosures consent and save at 320.0 / 1.0
00:01 +28: /Users/lute/project/momcozy-lab/app/test/modules/services/intake_test.dart: intake design disclosures consent and save at 320.0 / 1.0
00:01 +29: /Users/lute/project/momcozy-lab/app/test/modules/services/intake_test.dart: intake design disclosures consent and save at 320.0 / 1.0
00:01 +30: /Users/lute/project/momcozy-lab/app/test/modules/services/intake_test.dart: intake design disclosures consent and save at 320.0 / 1.0
00:01 +31: /Users/lute/project/momcozy-lab/app/test/modules/services/intake_test.dart: intake design disclosures consent and save at 320.0 / 1.0
00:01 +32: /Users/lute/project/momcozy-lab/app/test/modules/services/booking_test.dart: booking precheck and held dialog flow at 320.0 / 1.0
00:01 +33: /Users/lute/project/momcozy-lab/app/test/modules/services/booking_test.dart: booking precheck and held dialog flow at 320.0 / 1.0
00:01 +34: /Users/lute/project/momcozy-lab/app/test/modules/services/booking_test.dart: booking precheck and held dialog flow at 320.0 / 1.0
00:01 +35: /Users/lute/project/momcozy-lab/app/test/modules/services/booking_test.dart: booking precheck and held dialog flow at 320.0 / 1.0
00:01 +36: /Users/lute/project/momcozy-lab/app/test/modules/services/booking_test.dart: booking precheck and held dialog flow at 320.0 / 1.0
00:01 +37: /Users/lute/project/momcozy-lab/app/test/modules/services/booking_test.dart: booking precheck and held dialog flow at 320.0 / 1.0
00:01 +38: /Users/lute/project/momcozy-lab/app/test/modules/services/booking_test.dart: booking precheck and held dialog flow at 320.0 / 1.0
00:01 +39: /Users/lute/project/momcozy-lab/app/test/modules/services/booking_test.dart: booking precheck and held dialog flow at 320.0 / 1.0
00:01 +40: /Users/lute/project/momcozy-lab/app/test/modules/services/booking_test.dart: booking precheck and held dialog flow at 320.0 / 1.0
00:01 +41: /Users/lute/project/momcozy-lab/app/test/modules/services/booking_test.dart: booking precheck and held dialog flow at 320.0 / 1.0
00:01 +42: /Users/lute/project/momcozy-lab/app/test/modules/services/booking_test.dart: booking precheck and held dialog flow at 320.0 / 1.0
00:02 +43: /Users/lute/project/momcozy-lab/app/test/modules/services/booking_test.dart: booking precheck and held dialog flow at 320.0 / 1.0
00:02 +44: /Users/lute/project/momcozy-lab/app/test/modules/services/booking_test.dart: booking precheck and held dialog flow at 320.0 / 1.0
00:02 +45: /Users/lute/project/momcozy-lab/app/test/modules/services/intake_test.dart: intake design disclosures consent and save at 320.0 / 2.0
00:02 +46: /Users/lute/project/momcozy-lab/app/test/modules/services/intake_test.dart: intake design disclosures consent and save at 320.0 / 2.0
00:02 +47: /Users/lute/project/momcozy-lab/app/test/modules/services/intake_test.dart: intake design disclosures consent and save at 320.0 / 2.0
00:02 +48: /Users/lute/project/momcozy-lab/app/test/modules/services/intake_test.dart: intake design disclosures consent and save at 320.0 / 2.0
00:02 +49: /Users/lute/project/momcozy-lab/app/test/modules/services/intake_test.dart: intake design disclosures consent and save at 320.0 / 2.0
00:02 +50: /Users/lute/project/momcozy-lab/app/test/modules/services/intake_test.dart: intake design disclosures consent and save at 320.0 / 2.0
00:02 +51: /Users/lute/project/momcozy-lab/app/test/modules/services/intake_test.dart: intake design disclosures consent and save at 320.0 / 2.0
00:02 +52: /Users/lute/project/momcozy-lab/app/test/modules/services/intake_test.dart: intake design disclosures consent and save at 320.0 / 2.0
00:02 +53: /Users/lute/project/momcozy-lab/app/test/modules/services/intake_test.dart: intake design disclosures consent and save at 320.0 / 2.0
00:02 +54: /Users/lute/project/momcozy-lab/app/test/modules/services/intake_test.dart: intake design disclosures consent and save at 320.0 / 2.0
00:02 +55: /Users/lute/project/momcozy-lab/app/test/modules/services/intake_test.dart: intake design disclosures consent and save at 320.0 / 2.0
00:02 +56: /Users/lute/project/momcozy-lab/app/test/modules/services/intake_test.dart: intake design disclosures consent and save at 320.0 / 2.0
00:02 +57: /Users/lute/project/momcozy-lab/app/test/modules/services/intake_test.dart: intake design disclosures consent and save at 320.0 / 2.0
00:02 +58: /Users/lute/project/momcozy-lab/app/test/modules/services/booking_test.dart: booking precheck and held dialog flow at 320.0 / 2.0
00:02 +59: /Users/lute/project/momcozy-lab/app/test/modules/services/booking_test.dart: booking precheck and held dialog flow at 320.0 / 2.0
00:02 +60: /Users/lute/project/momcozy-lab/app/test/modules/services/booking_test.dart: booking precheck and held dialog flow at 320.0 / 2.0
00:02 +61: /Users/lute/project/momcozy-lab/app/test/modules/services/booking_test.dart: booking precheck and held dialog flow at 320.0 / 2.0
00:02 +62: /Users/lute/project/momcozy-lab/app/test/modules/services/booking_test.dart: booking precheck and held dialog flow at 320.0 / 2.0
00:02 +63: /Users/lute/project/momcozy-lab/app/test/modules/services/booking_test.dart: booking precheck and held dialog flow at 320.0 / 2.0
00:02 +64: /Users/lute/project/momcozy-lab/app/test/modules/services/booking_test.dart: booking precheck and held dialog flow at 320.0 / 2.0
00:02 +65: /Users/lute/project/momcozy-lab/app/test/modules/services/booking_test.dart: booking precheck and held dialog flow at 320.0 / 2.0
00:02 +66: /Users/lute/project/momcozy-lab/app/test/modules/services/booking_test.dart: booking precheck and held dialog flow at 320.0 / 2.0
00:02 +67: /Users/lute/project/momcozy-lab/app/test/modules/services/booking_test.dart: booking precheck and held dialog flow at 320.0 / 2.0
00:02 +68: /Users/lute/project/momcozy-lab/app/test/modules/services/booking_test.dart: booking precheck and held dialog flow at 320.0 / 2.0
00:02 +69: /Users/lute/project/momcozy-lab/app/test/modules/services/booking_test.dart: booking precheck and held dialog flow at 320.0 / 2.0
00:02 +70: /Users/lute/project/momcozy-lab/app/test/modules/services/intake_test.dart: intake design disclosures consent and save at 390.0 / 1.0
00:02 +71: /Users/lute/project/momcozy-lab/app/test/modules/services/intake_test.dart: intake design disclosures consent and save at 390.0 / 1.0
00:02 +72: /Users/lute/project/momcozy-lab/app/test/modules/services/intake_test.dart: intake design disclosures consent and save at 390.0 / 1.0
00:03 +73: /Users/lute/project/momcozy-lab/app/test/modules/services/intake_test.dart: intake design disclosures consent and save at 390.0 / 1.0
00:03 +74: /Users/lute/project/momcozy-lab/app/test/modules/services/intake_test.dart: intake design disclosures consent and save at 390.0 / 1.0
00:03 +75: /Users/lute/project/momcozy-lab/app/test/modules/services/consultation_summary_test.dart: summary content task and destinations 320.0 / 1.0
00:03 +76: /Users/lute/project/momcozy-lab/app/test/modules/services/consultation_summary_test.dart: summary content task and destinations 320.0 / 1.0
00:03 +77: /Users/lute/project/momcozy-lab/app/test/modules/services/consultation_summary_test.dart: summary content task and destinations 320.0 / 1.0
00:03 +78: /Users/lute/project/momcozy-lab/app/test/modules/services/consultation_summary_test.dart: summary content task and destinations 320.0 / 1.0
00:03 +79: /Users/lute/project/momcozy-lab/app/test/modules/services/consultation_summary_test.dart: summary content task and destinations 320.0 / 1.0
00:03 +80: /Users/lute/project/momcozy-lab/app/test/modules/services/consultation_summary_test.dart: summary content task and destinations 320.0 / 1.0
00:03 +81: /Users/lute/project/momcozy-lab/app/test/modules/services/consultation_summary_test.dart: summary content task and destinations 320.0 / 1.0
00:03 +82: /Users/lute/project/momcozy-lab/app/test/modules/services/consultation_summary_test.dart: summary content task and destinations 320.0 / 1.0
00:03 +83: /Users/lute/project/momcozy-lab/app/test/modules/services/consultation_summary_test.dart: summary content task and destinations 320.0 / 1.0
00:03 +84: /Users/lute/project/momcozy-lab/app/test/modules/services/consultation_summary_test.dart: summary content task and destinations 320.0 / 1.0
00:03 +85: /Users/lute/project/momcozy-lab/app/test/modules/services/consultation_summary_test.dart: summary content task and destinations 320.0 / 1.0
00:03 +86: /Users/lute/project/momcozy-lab/app/test/modules/services/consultation_summary_test.dart: summary content task and destinations 320.0 / 1.0
00:03 +87: /Users/lute/project/momcozy-lab/app/test/modules/services/consultation_summary_test.dart: summary content task and destinations 320.0 / 1.0
00:03 +88: /Users/lute/project/momcozy-lab/app/test/modules/services/booking_test.dart: booking precheck and held dialog flow at 390.0 / 2.0
00:03 +89: /Users/lute/project/momcozy-lab/app/test/modules/services/booking_test.dart: booking precheck and held dialog flow at 390.0 / 2.0
00:03 +90: /Users/lute/project/momcozy-lab/app/test/modules/services/booking_test.dart: booking precheck and held dialog flow at 390.0 / 2.0
00:03 +91: /Users/lute/project/momcozy-lab/app/test/modules/services/booking_test.dart: booking precheck and held dialog flow at 390.0 / 2.0
00:03 +92: /Users/lute/project/momcozy-lab/app/test/modules/services/intake_test.dart: intake design disclosures consent and save at 430.0 / 1.0
00:03 +93: /Users/lute/project/momcozy-lab/app/test/modules/services/intake_test.dart: intake design disclosures consent and save at 430.0 / 1.0
00:03 +94: /Users/lute/project/momcozy-lab/app/test/modules/services/intake_test.dart: intake design disclosures consent and save at 430.0 / 1.0
00:03 +95: /Users/lute/project/momcozy-lab/app/test/modules/services/intake_test.dart: intake design disclosures consent and save at 430.0 / 1.0
00:03 +96: /Users/lute/project/momcozy-lab/app/test/modules/services/intake_test.dart: intake design disclosures consent and save at 430.0 / 1.0
00:03 +97: /Users/lute/project/momcozy-lab/app/test/modules/services/intake_test.dart: intake design disclosures consent and save at 430.0 / 1.0
00:03 +98: /Users/lute/project/momcozy-lab/app/test/modules/services/intake_test.dart: intake design disclosures consent and save at 430.0 / 1.0
00:03 +99: /Users/lute/project/momcozy-lab/app/test/modules/services/intake_test.dart: intake design disclosures consent and save at 430.0 / 1.0
00:03 +100: /Users/lute/project/momcozy-lab/app/test/modules/services/intake_test.dart: intake design disclosures consent and save at 430.0 / 1.0
00:03 +101: /Users/lute/project/momcozy-lab/app/test/modules/services/intake_test.dart: intake design disclosures consent and save at 430.0 / 1.0
00:03 +102: /Users/lute/project/momcozy-lab/app/test/modules/services/intake_test.dart: intake design disclosures consent and save at 430.0 / 1.0
00:03 +103: /Users/lute/project/momcozy-lab/app/test/modules/services/intake_test.dart: intake design disclosures consent and save at 430.0 / 1.0
00:03 +104: /Users/lute/project/momcozy-lab/app/test/modules/services/intake_test.dart: intake design disclosures consent and save at 430.0 / 1.0
00:03 +105: /Users/lute/project/momcozy-lab/app/test/modules/services/consultation_summary_test.dart: summary content task and destinations 320.0 / 2.0
00:03 +106: /Users/lute/project/momcozy-lab/app/test/modules/services/consultation_summary_test.dart: summary content task and destinations 320.0 / 2.0
00:04 +107: /Users/lute/project/momcozy-lab/app/test/modules/services/booking_test.dart: booking precheck and held dialog flow at 430.0 / 1.0
00:04 +108: /Users/lute/project/momcozy-lab/app/test/modules/services/booking_test.dart: booking precheck and held dialog flow at 430.0 / 1.0
00:04 +109: /Users/lute/project/momcozy-lab/app/test/modules/services/booking_test.dart: booking precheck and held dialog flow at 430.0 / 1.0
00:04 +110: /Users/lute/project/momcozy-lab/app/test/modules/services/booking_test.dart: booking precheck and held dialog flow at 430.0 / 1.0
00:04 +111: /Users/lute/project/momcozy-lab/app/test/modules/services/intake_test.dart: intake design disclosures consent and save at 430.0 / 2.0
00:04 +112: /Users/lute/project/momcozy-lab/app/test/modules/services/intake_test.dart: intake design disclosures consent and save at 430.0 / 2.0
00:04 +113: /Users/lute/project/momcozy-lab/app/test/modules/services/intake_test.dart: intake design disclosures consent and save at 430.0 / 2.0
00:04 +114: /Users/lute/project/momcozy-lab/app/test/modules/services/intake_test.dart: intake design disclosures consent and save at 430.0 / 2.0
00:04 +115: /Users/lute/project/momcozy-lab/app/test/modules/services/intake_test.dart: intake design disclosures consent and save at 430.0 / 2.0
00:04 +116: /Users/lute/project/momcozy-lab/app/test/modules/services/intake_test.dart: intake design disclosures consent and save at 430.0 / 2.0
00:04 +117: /Users/lute/project/momcozy-lab/app/test/modules/services/intake_test.dart: intake design disclosures consent and save at 430.0 / 2.0
00:04 +118: /Users/lute/project/momcozy-lab/app/test/modules/services/consultation_summary_test.dart: summary content task and destinations 390.0 / 1.0
00:04 +119: /Users/lute/project/momcozy-lab/app/test/modules/services/consultation_summary_test.dart: summary content task and destinations 390.0 / 1.0
00:04 +120: /Users/lute/project/momcozy-lab/app/test/modules/services/consultation_summary_test.dart: summary content task and destinations 390.0 / 1.0
00:04 +121: /Users/lute/project/momcozy-lab/app/test/modules/services/booking_test.dart: booking precheck and held dialog flow at 430.0 / 2.0
00:04 +122: /Users/lute/project/momcozy-lab/app/test/modules/services/booking_test.dart: booking precheck and held dialog flow at 430.0 / 2.0
00:04 +123: /Users/lute/project/momcozy-lab/app/test/modules/services/booking_test.dart: booking precheck and held dialog flow at 430.0 / 2.0
00:04 +124: /Users/lute/project/momcozy-lab/app/test/modules/services/intake_test.dart: intake uncertain save locks fields and retries identical snapshot
00:04 +125: /Users/lute/project/momcozy-lab/app/test/modules/services/intake_test.dart: intake uncertain save locks fields and retries identical snapshot
00:04 +126: /Users/lute/project/momcozy-lab/app/test/modules/services/intake_test.dart: intake uncertain save locks fields and retries identical snapshot
00:04 +127: /Users/lute/project/momcozy-lab/app/test/modules/services/intake_test.dart: intake uncertain save locks fields and retries identical snapshot
00:04 +128: /Users/lute/project/momcozy-lab/app/test/modules/services/consultation_summary_test.dart: summary content task and destinations 390.0 / 2.0
00:04 +129: /Users/lute/project/momcozy-lab/app/test/modules/services/booking_test.dart: expired hold removes confirm and reselect does not cancel expired data
00:04 +130: /Users/lute/project/momcozy-lab/app/test/modules/services/intake_test.dart: editing a saved intake returns without repeating first-use preconsult
00:04 +131: /Users/lute/project/momcozy-lab/app/test/modules/services/consultation_summary_test.dart: summary content task and destinations 430.0 / 1.0
00:04 +132: /Users/lute/project/momcozy-lab/app/test/modules/services/consultation_summary_test.dart: summary content task and destinations 430.0 / 1.0
00:04 +133: /Users/lute/project/momcozy-lab/app/test/modules/services/consultation_summary_test.dart: summary content task and destinations 430.0 / 1.0
00:04 +134: /Users/lute/project/momcozy-lab/app/test/modules/services/consultation_summary_test.dart: summary content task and destinations 430.0 / 1.0
00:04 +135: /Users/lute/project/momcozy-lab/app/test/modules/services/consultation_summary_test.dart: summary content task and destinations 430.0 / 1.0
00:04 +136: /Users/lute/project/momcozy-lab/app/test/modules/services/consultation_summary_test.dart: summary content task and destinations 430.0 / 1.0
00:04 +137: /Users/lute/project/momcozy-lab/app/test/modules/services/consultation_summary_test.dart: summary content task and destinations 430.0 / 1.0
00:04 +138: /Users/lute/project/momcozy-lab/app/test/modules/services/consultation_summary_test.dart: summary content task and destinations 430.0 / 1.0
00:04 +139: /Users/lute/project/momcozy-lab/app/test/modules/services/consultation_summary_test.dart: summary content task and destinations 430.0 / 1.0
00:04 +140: /Users/lute/project/momcozy-lab/app/test/modules/services/consultation_summary_test.dart: summary content task and destinations 430.0 / 1.0
00:04 +141: /Users/lute/project/momcozy-lab/app/test/modules/services/consultation_summary_test.dart: summary content task and destinations 430.0 / 1.0
00:04 +142: /Users/lute/project/momcozy-lab/app/test/modules/services/consultation_summary_test.dart: summary content task and destinations 430.0 / 1.0
00:04 +143: /Users/lute/project/momcozy-lab/app/test/modules/services/intake_test.dart: intake form with missing feeding mode at 390.0 / 1.0
00:05 +144: /Users/lute/project/momcozy-lab/app/test/modules/services/intake_test.dart: intake form with missing feeding mode at 390.0 / 1.0
00:05 +145: /Users/lute/project/momcozy-lab/app/test/modules/services/consultation_summary_test.dart: summary content task and destinations 430.0 / 2.0
00:05 +146: /Users/lute/project/momcozy-lab/app/test/modules/services/consultation_summary_test.dart: summary content task and destinations 430.0 / 2.0
00:05 +147: /Users/lute/project/momcozy-lab/app/test/modules/services/consultation_summary_test.dart: summary content task and destinations 430.0 / 2.0
00:05 +148: /Users/lute/project/momcozy-lab/app/test/modules/services/consultation_summary_test.dart: summary content task and destinations 430.0 / 2.0
00:05 +149: /Users/lute/project/momcozy-lab/app/test/modules/services/consultation_summary_test.dart: summary content task and destinations 430.0 / 2.0
00:05 +150: /Users/lute/project/momcozy-lab/app/test/modules/services/consultation_summary_test.dart: summary content task and destinations 430.0 / 2.0
00:05 +151: /Users/lute/project/momcozy-lab/app/test/modules/services/intake_test.dart: intake form with missing feeding mode at 430.0 / 2.0
00:05 +152: /Users/lute/project/momcozy-lab/app/test/modules/services/intake_test.dart: intake form with missing feeding mode at 430.0 / 2.0
00:05 +153: /Users/lute/project/momcozy-lab/app/test/modules/services/consultation_summary_test.dart: task uncertainty retries original version and locks competing updates
00:05 +154: /Users/lute/project/momcozy-lab/app/test/modules/services/consultation_summary_test.dart: task uncertainty retries original version and locks competing updates
00:05 +155: /Users/lute/project/momcozy-lab/app/test/modules/services/intake_test.dart: intake saves only after fields and explicit sharing are complete
00:05 +156: /Users/lute/project/momcozy-lab/app/test/modules/services/intake_test.dart: intake saves only after fields and explicit sharing are complete
00:05 +157: /Users/lute/project/momcozy-lab/app/test/modules/services/intake_test.dart: intake saves only after fields and explicit sharing are complete
00:05 +158: /Users/lute/project/momcozy-lab/app/test/modules/consultation/user_video_test.dart: user waiting media controls and leave 320.0 / 1.0
00:06 +159: /Users/lute/project/momcozy-lab/app/test/modules/consultation/user_video_test.dart: user waiting media controls and leave 320.0 / 1.0
00:06 +160: /Users/lute/project/momcozy-lab/app/test/modules/consultation/user_video_test.dart: user waiting media controls and leave 320.0 / 1.0
00:06 +161: /Users/lute/project/momcozy-lab/app/test/modules/consultation/user_video_test.dart: user waiting media controls and leave 320.0 / 1.0
00:06 +162: /Users/lute/project/momcozy-lab/app/test/modules/consultation/user_video_test.dart: user waiting media controls and leave 320.0 / 1.0
00:06 +163: /Users/lute/project/momcozy-lab/app/test/modules/consultation/user_video_test.dart: user waiting media controls and leave 320.0 / 1.0
00:06 +164: /Users/lute/project/momcozy-lab/app/test/modules/consultation/user_video_test.dart: user waiting media controls and leave 320.0 / 1.0
00:06 +165: /Users/lute/project/momcozy-lab/app/test/modules/consultation/user_video_test.dart: user waiting media controls and leave 320.0 / 1.0
00:06 +166: /Users/lute/project/momcozy-lab/app/test/modules/consultation/room_design_test.dart: device check states 320.0 / 1.0
00:06 +167: /Users/lute/project/momcozy-lab/app/test/modules/consultation/consultation_start_test.dart: device consent region and enter 320.0 / 1.0
00:06 +168: /Users/lute/project/momcozy-lab/app/test/modules/consultation/consultation_start_test.dart: device consent region and enter 320.0 / 1.0
00:06 +169: /Users/lute/project/momcozy-lab/app/test/modules/consultation/consultation_start_test.dart: device consent region and enter 320.0 / 1.0
00:06 +170: /Users/lute/project/momcozy-lab/app/test/modules/consultation/consultation_start_test.dart: device consent region and enter 320.0 / 1.0
00:06 +171: /Users/lute/project/momcozy-lab/app/test/modules/consultation/consultation_start_test.dart: device consent region and enter 320.0 / 1.0
00:06 +172: /Users/lute/project/momcozy-lab/app/test/modules/consultation/consultation_start_test.dart: device consent region and enter 320.0 / 1.0
00:07 +173: /Users/lute/project/momcozy-lab/app/test/modules/consultation/consultation_start_test.dart: device consent region and enter 320.0 / 1.0
00:07 +174: /Users/lute/project/momcozy-lab/app/test/modules/consultation/consultation_start_test.dart: device consent region and enter 320.0 / 1.0
00:07 +175: /Users/lute/project/momcozy-lab/app/test/modules/consultation/consultation_start_test.dart: device consent region and enter 320.0 / 1.0
00:07 +176: /Users/lute/project/momcozy-lab/app/test/modules/consultation/consultation_start_test.dart: device consent region and enter 320.0 / 1.0
00:07 +177: /Users/lute/project/momcozy-lab/app/test/modules/consultation/consultation_start_test.dart: device consent region and enter 320.0 / 1.0
00:07 +178: /Users/lute/project/momcozy-lab/app/test/modules/consultation/consultation_start_test.dart: device consent region and enter 320.0 / 1.0
00:07 +179: /Users/lute/project/momcozy-lab/app/test/modules/consultation/consultation_start_test.dart: device consent region and enter 320.0 / 1.0
00:07 +180: /Users/lute/project/momcozy-lab/app/test/modules/consultation/consultation_start_test.dart: device consent region and enter 320.0 / 1.0
00:07 +181: /Users/lute/project/momcozy-lab/app/test/modules/consultation/consultation_start_test.dart: device consent region and enter 320.0 / 1.0
00:07 +182: /Users/lute/project/momcozy-lab/app/test/modules/consultation/consultation_start_test.dart: device consent region and enter 320.0 / 1.0
00:07 +183: /Users/lute/project/momcozy-lab/app/test/modules/consultation/consultation_start_test.dart: device consent region and enter 320.0 / 1.0
00:07 +184: /Users/lute/project/momcozy-lab/app/test/modules/consultation/consultation_start_test.dart: device consent region and enter 320.0 / 1.0
00:07 +185: /Users/lute/project/momcozy-lab/app/test/modules/consultation/consultation_start_test.dart: device consent region and enter 320.0 / 1.0
00:07 +186: /Users/lute/project/momcozy-lab/app/test/modules/consultation/consultation_start_test.dart: device consent region and enter 320.0 / 1.0
00:07 +187: /Users/lute/project/momcozy-lab/app/test/modules/consultation/consultation_start_test.dart: device consent region and enter 320.0 / 1.0
00:07 +188: /Users/lute/project/momcozy-lab/app/test/modules/consultation/consultation_start_test.dart: device consent region and enter 320.0 / 1.0
00:07 +189: /Users/lute/project/momcozy-lab/app/test/modules/consultation/consultation_start_test.dart: device consent region and enter 320.0 / 1.0
00:07 +190: /Users/lute/project/momcozy-lab/app/test/modules/consultation/consultation_start_test.dart: device consent region and enter 320.0 / 1.0
00:07 +191: /Users/lute/project/momcozy-lab/app/test/modules/consultation/consultation_start_test.dart: device consent region and enter 320.0 / 1.0
00:07 +192: /Users/lute/project/momcozy-lab/app/test/modules/consultation/consultation_start_test.dart: device consent region and enter 320.0 / 1.0
00:07 +193: /Users/lute/project/momcozy-lab/app/test/modules/consultation/consultation_preparation_test.dart: preparation time and requirements 320.0 / 2.0
00:07 +194: /Users/lute/project/momcozy-lab/app/test/modules/consultation/consultation_preparation_test.dart: preparation time and requirements 320.0 / 2.0
00:07 +195: /Users/lute/project/momcozy-lab/app/test/modules/consultation/consultation_preparation_test.dart: preparation time and requirements 320.0 / 2.0
00:07 +196: /Users/lute/project/momcozy-lab/app/test/modules/consultation/consultation_preparation_test.dart: preparation time and requirements 320.0 / 2.0
00:07 +197: /Users/lute/project/momcozy-lab/app/test/modules/consultation/consultation_preparation_test.dart: preparation time and requirements 320.0 / 2.0
00:07 +198: /Users/lute/project/momcozy-lab/app/test/modules/consultation/consultation_preparation_test.dart: preparation time and requirements 320.0 / 2.0
00:07 +199: /Users/lute/project/momcozy-lab/app/test/modules/consultation/user_video_test.dart: user waiting media controls and leave 390.0 / 2.0
00:07 +200: /Users/lute/project/momcozy-lab/app/test/modules/consultation/user_video_test.dart: user waiting media controls and leave 390.0 / 2.0
00:07 +201: /Users/lute/project/momcozy-lab/app/test/modules/consultation/user_video_test.dart: user waiting media controls and leave 390.0 / 2.0
00:07 +202: /Users/lute/project/momcozy-lab/app/test/modules/consultation/consultation_start_test.dart: device consent region and enter 320.0 / 2.0
00:07 +203: /Users/lute/project/momcozy-lab/app/test/modules/consultation/consultation_start_test.dart: device consent region and enter 320.0 / 2.0
00:07 +204: /Users/lute/project/momcozy-lab/app/test/modules/consultation/consultation_start_test.dart: device consent region and enter 320.0 / 2.0
00:07 +205: /Users/lute/project/momcozy-lab/app/test/modules/consultation/consultation_start_test.dart: device consent region and enter 320.0 / 2.0
00:07 +206: /Users/lute/project/momcozy-lab/app/test/modules/consultation/consultation_start_test.dart: device consent region and enter 320.0 / 2.0
00:07 +207: /Users/lute/project/momcozy-lab/app/test/modules/consultation/consultation_preparation_test.dart: preparation time and requirements 390.0 / 1.0
00:07 +208: /Users/lute/project/momcozy-lab/app/test/modules/consultation/consultation_preparation_test.dart: preparation time and requirements 390.0 / 1.0
00:07 +209: /Users/lute/project/momcozy-lab/app/test/modules/consultation/consultation_preparation_test.dart: preparation time and requirements 390.0 / 1.0
00:08 +210: /Users/lute/project/momcozy-lab/app/test/features/notifications/notifications_page_test.dart: shows the real inbox and supports read and archive actions
00:08 +211: /Users/lute/project/momcozy-lab/app/test/features/notifications/notifications_page_test.dart: shows the real inbox and supports read and archive actions
00:08 +212: /Users/lute/project/momcozy-lab/app/test/features/notifications/notifications_page_test.dart: shows the real inbox and supports read and archive actions
00:08 +213: /Users/lute/project/momcozy-lab/app/test/features/notifications/notifications_page_test.dart: shows the real inbox and supports read and archive actions
00:08 +214: /Users/lute/project/momcozy-lab/app/test/features/notifications/notifications_page_test.dart: shows the real inbox and supports read and archive actions
00:08 +215: /Users/lute/project/momcozy-lab/app/test/features/notifications/notifications_page_test.dart: shows the real inbox and supports read and archive actions
00:08 +216: /Users/lute/project/momcozy-lab/app/test/features/notifications/notifications_page_test.dart: shows the real inbox and supports read and archive actions
00:08 +217: /Users/lute/project/momcozy-lab/app/test/features/notifications/notifications_page_test.dart: shows the real inbox and supports read and archive actions
00:08 +218: /Users/lute/project/momcozy-lab/app/test/features/notifications/notifications_page_test.dart: shows the real inbox and supports read and archive actions
00:08 +219: /Users/lute/project/momcozy-lab/app/test/features/notifications/notifications_page_test.dart: shows the real inbox and supports read and archive actions
00:08 +220: /Users/lute/project/momcozy-lab/app/test/features/notifications/notifications_page_test.dart: shows the real inbox and supports read and archive actions
00:08 +221: /Users/lute/project/momcozy-lab/app/test/features/notifications/notifications_page_test.dart: shows the real inbox and supports read and archive actions
00:08 +222: /Users/lute/project/momcozy-lab/app/test/features/notifications/notifications_page_test.dart: shows the real inbox and supports read and archive actions
00:08 +223: /Users/lute/project/momcozy-lab/app/test/features/notifications/notifications_page_test.dart: shows the real inbox and supports read and archive actions
00:08 +224: /Users/lute/project/momcozy-lab/app/test/features/notifications/notifications_page_test.dart: shows the real inbox and supports read and archive actions
00:08 +225: /Users/lute/project/momcozy-lab/app/test/features/notifications/notifications_page_test.dart: shows the real inbox and supports read and archive actions
00:08 +226: /Users/lute/project/momcozy-lab/app/test/features/notifications/notifications_page_test.dart: shows the real inbox and supports read and archive actions
00:08 +227: /Users/lute/project/momcozy-lab/app/test/features/notifications/notifications_page_test.dart: shows the real inbox and supports read and archive actions
00:08 +228: /Users/lute/project/momcozy-lab/app/test/features/notifications/notifications_page_test.dart: shows the real inbox and supports read and archive actions
00:08 +229: /Users/lute/project/momcozy-lab/app/test/features/notifications/notifications_page_test.dart: shows the real inbox and supports read and archive actions
00:08 +230: /Users/lute/project/momcozy-lab/app/test/modules/consultation/consultation_start_test.dart: device consent region and enter 390.0 / 1.0
00:08 +231: /Users/lute/project/momcozy-lab/app/test/modules/consultation/consultation_start_test.dart: device consent region and enter 390.0 / 1.0
00:08 +232: /Users/lute/project/momcozy-lab/app/test/modules/consultation/consultation_start_test.dart: device consent region and enter 390.0 / 1.0
00:08 +233: /Users/lute/project/momcozy-lab/app/test/modules/consultation/consultation_preparation_test.dart: preparation time and requirements 390.0 / 2.0
00:08 +234: /Users/lute/project/momcozy-lab/app/test/modules/consultation/consultation_preparation_test.dart: preparation time and requirements 390.0 / 2.0
00:08 +235: /Users/lute/project/momcozy-lab/app/test/modules/consultation/consultation_start_test.dart: device consent region and enter 390.0 / 2.0
00:08 +236: /Users/lute/project/momcozy-lab/app/test/modules/consultation/consultation_start_test.dart: device consent region and enter 390.0 / 2.0
00:08 +237: /Users/lute/project/momcozy-lab/app/test/modules/consultation/consultation_start_test.dart: device consent region and enter 390.0 / 2.0
00:08 +238: /Users/lute/project/momcozy-lab/app/test/modules/consultation/consultation_preparation_test.dart: preparation time and requirements 430.0 / 1.0
00:08 +239: /Users/lute/project/momcozy-lab/app/test/modules/consultation/consultation_preparation_test.dart: preparation time and requirements 430.0 / 1.0
00:08 +240: /Users/lute/project/momcozy-lab/app/test/modules/consultation/consultation_preparation_test.dart: preparation time and requirements 430.0 / 1.0
00:08 +241: /Users/lute/project/momcozy-lab/app/test/modules/consultation/consultation_preparation_test.dart: preparation time and requirements 430.0 / 1.0
00:08 +242: /Users/lute/project/momcozy-lab/app/test/modules/consultation/consultation_preparation_test.dart: preparation time and requirements 430.0 / 1.0
00:08 +243: /Users/lute/project/momcozy-lab/app/test/modules/consultation/consultation_start_test.dart: device consent region and enter 430.0 / 1.0
00:08 +244: /Users/lute/project/momcozy-lab/app/test/modules/consultation/consultation_start_test.dart: device consent region and enter 430.0 / 1.0
00:08 +245: /Users/lute/project/momcozy-lab/app/test/modules/consultation/consultation_start_test.dart: device consent region and enter 430.0 / 1.0
00:08 +246: /Users/lute/project/momcozy-lab/app/test/modules/consultation/consultation_start_test.dart: device consent region and enter 430.0 / 1.0
00:08 +247: /Users/lute/project/momcozy-lab/app/test/modules/consultation/consultation_start_test.dart: device consent region and enter 430.0 / 1.0
00:08 +248: /Users/lute/project/momcozy-lab/app/test/modules/consultation/consultation_start_test.dart: device consent region and enter 430.0 / 1.0
00:08 +249: /Users/lute/project/momcozy-lab/app/test/features/notifications/notification_widgets_test.dart: first reminder uses education and denial leaves it off
00:08 +250: /Users/lute/project/momcozy-lab/app/test/features/notifications/notification_widgets_test.dart: first reminder uses education and denial leaves it off
00:08 +251: /Users/lute/project/momcozy-lab/app/test/features/notifications/notification_widgets_test.dart: first reminder uses education and denial leaves it off
00:09 +252: /Users/lute/project/momcozy-lab/app/test/features/notifications/notification_widgets_test.dart: first reminder uses education and denial leaves it off
00:09 +253: /Users/lute/project/momcozy-lab/app/test/features/notifications/notification_widgets_test.dart: first reminder uses education and denial leaves it off
00:09 +254: /Users/lute/project/momcozy-lab/app/test/features/notifications/notification_widgets_test.dart: first reminder uses education and denial leaves it off
00:09 +255: /Users/lute/project/momcozy-lab/app/test/features/notifications/notification_widgets_test.dart: first reminder uses education and denial leaves it off
00:09 +256: /Users/lute/project/momcozy-lab/app/test/features/notifications/notification_widgets_test.dart: first reminder uses education and denial leaves it off
00:09 +257: /Users/lute/project/momcozy-lab/app/test/features/notifications/notification_widgets_test.dart: first reminder uses education and denial leaves it off
00:09 +258: /Users/lute/project/momcozy-lab/app/test/features/notifications/notification_widgets_test.dart: first reminder uses education and denial leaves it off
00:09 +259: /Users/lute/project/momcozy-lab/app/test/features/notifications/notification_widgets_test.dart: first reminder uses education and denial leaves it off
00:09 +260: /Users/lute/project/momcozy-lab/app/test/features/notifications/notification_widgets_test.dart: first reminder uses education and denial leaves it off
00:09 +261: /Users/lute/project/momcozy-lab/app/test/features/notifications/notification_widgets_test.dart: first reminder uses education and denial leaves it off
00:09 +262: /Users/lute/project/momcozy-lab/app/test/features/notifications/notification_widgets_test.dart: first reminder uses education and denial leaves it off
00:09 +263: /Users/lute/project/momcozy-lab/app/test/features/notifications/notification_widgets_test.dart: first reminder uses education and denial leaves it off
00:09 +264: /Users/lute/project/momcozy-lab/app/test/features/notifications/notification_widgets_test.dart: first reminder uses education and denial leaves it off
00:09 +265: /Users/lute/project/momcozy-lab/app/test/features/notifications/notification_widgets_test.dart: first reminder uses education and denial leaves it off
00:09 +266: /Users/lute/project/momcozy-lab/app/test/features/notifications/notification_widgets_test.dart: first reminder uses education and denial leaves it off
00:09 +267: /Users/lute/project/momcozy-lab/app/test/features/notifications/notification_widgets_test.dart: first reminder uses education and denial leaves it off
00:09 +268: /Users/lute/project/momcozy-lab/app/test/features/notifications/notification_design_test.dart: inbox and retained-content error at 320.0 / 1.0
00:09 +269: /Users/lute/project/momcozy-lab/app/test/features/notifications/notification_design_test.dart: inbox and retained-content error at 320.0 / 1.0
00:09 +270: /Users/lute/project/momcozy-lab/app/test/features/notifications/notification_design_test.dart: inbox and retained-content error at 320.0 / 1.0
00:09 +271: /Users/lute/project/momcozy-lab/app/test/features/notifications/firebase_push_messaging_test.dart: iOS waits for asynchronous APNs registration before requesting FCM
00:09 +272: /Users/lute/project/momcozy-lab/app/test/features/notifications/firebase_push_messaging_test.dart: iOS waits for asynchronous APNs registration before requesting FCM
00:09 +273: /Users/lute/project/momcozy-lab/app/test/features/notifications/firebase_push_messaging_test.dart: iOS waits for asynchronous APNs registration before requesting FCM
00:09 +274: /Users/lute/project/momcozy-lab/app/test/features/notifications/notification_design_test.dart: notification settings and consent at 320.0 / 1.0
00:09 +275: /Users/lute/project/momcozy-lab/app/test/features/notifications/notification_design_test.dart: notification settings and consent at 320.0 / 1.0
00:09 +276: /Users/lute/project/momcozy-lab/app/test/modules/ibclc/documentation_page_test.dart: professional note editor at 1024.0
00:09 +277: /Users/lute/project/momcozy-lab/app/test/modules/ibclc/documentation_page_test.dart: professional note editor at 1024.0
00:09 +278: /Users/lute/project/momcozy-lab/app/test/modules/ibclc/documentation_page_test.dart: professional note editor at 1024.0
00:09 +279: /Users/lute/project/momcozy-lab/app/test/modules/ibclc/documentation_page_test.dart: professional note editor at 1024.0
00:09 +280: /Users/lute/project/momcozy-lab/app/test/modules/ibclc/documentation_page_test.dart: professional note editor at 1024.0
00:10 +281: /Users/lute/project/momcozy-lab/app/test/modules/ibclc/documentation_page_test.dart: professional note editor at 1024.0
00:10 +282: /Users/lute/project/momcozy-lab/app/test/modules/ibclc/documentation_page_test.dart: professional note editor at 1024.0
00:10 +283: /Users/lute/project/momcozy-lab/app/test/modules/ibclc/documentation_page_test.dart: professional note editor at 1024.0
00:10 +284: /Users/lute/project/momcozy-lab/app/test/features/notifications/firebase_push_messaging_test.dart: missing APNs stays pending and a later retry can acquire the token
00:10 +285: /Users/lute/project/momcozy-lab/app/test/features/notifications/firebase_push_messaging_test.dart: missing APNs stays pending and a later retry can acquire the token
00:10 +286: /Users/lute/project/momcozy-lab/app/test/features/notifications/firebase_push_messaging_test.dart: missing APNs stays pending and a later retry can acquire the token
00:10 +287: /Users/lute/project/momcozy-lab/app/test/features/notifications/firebase_push_messaging_test.dart: missing APNs stays pending and a later retry can acquire the token
00:10 +288: /Users/lute/project/momcozy-lab/app/test/features/notifications/firebase_push_messaging_test.dart: missing APNs stays pending and a later retry can acquire the token
00:10 +289: /Users/lute/project/momcozy-lab/app/test/features/notifications/firebase_push_messaging_test.dart: missing APNs stays pending and a later retry can acquire the token
00:10 +290: /Users/lute/project/momcozy-lab/app/test/features/notifications/firebase_push_messaging_test.dart: missing APNs stays pending and a later retry can acquire the token
00:10 +291: /Users/lute/project/momcozy-lab/app/test/features/notifications/firebase_push_messaging_test.dart: missing APNs stays pending and a later retry can acquire the token
00:10 +292: /Users/lute/project/momcozy-lab/app/test/features/notifications/firebase_push_messaging_test.dart: missing APNs stays pending and a later retry can acquire the token
00:10 +293: /Users/lute/project/momcozy-lab/app/test/features/notifications/firebase_push_messaging_test.dart: missing APNs stays pending and a later retry can acquire the token
00:10 +294: /Users/lute/project/momcozy-lab/app/test/features/notifications/firebase_push_messaging_test.dart: missing APNs stays pending and a later retry can acquire the token
00:10 +295: /Users/lute/project/momcozy-lab/app/test/features/notifications/firebase_push_messaging_test.dart: missing APNs stays pending and a later retry can acquire the token
00:10 +296: /Users/lute/project/momcozy-lab/app/test/features/notifications/firebase_push_messaging_test.dart: missing APNs stays pending and a later retry can acquire the token
00:10 +297: /Users/lute/project/momcozy-lab/app/test/features/notifications/firebase_push_messaging_test.dart: missing APNs stays pending and a later retry can acquire the token
00:10 +298: /Users/lute/project/momcozy-lab/app/test/features/notifications/firebase_push_messaging_test.dart: missing APNs stays pending and a later retry can acquire the token
00:11 +299: /Users/lute/project/momcozy-lab/app/test/features/notifications/firebase_push_messaging_test.dart: missing APNs stays pending and a later retry can acquire the token
00:11 +300: /Users/lute/project/momcozy-lab/app/test/app/momcozy_route_shell_contract_test.dart: primary navigation is hidden on secondary pages
00:11 +301: /Users/lute/project/momcozy-lab/app/test/app/momcozy_route_shell_contract_test.dart: primary navigation is hidden on secondary pages
00:11 +302: /Users/lute/project/momcozy-lab/app/test/app/momcozy_route_shell_contract_test.dart: MomCozy route shell contract registers every documented Flutter route shell path
00:11 +303: /Users/lute/project/momcozy-lab/app/test/app/momcozy_route_shell_contract_test.dart: MomCozy route shell contract retired UI implementations and internal aliases stay removed
00:11 +304: /Users/lute/project/momcozy-lab/app/test/app/momcozy_route_shell_contract_test.dart: MomCozy route shell contract covers route intent fixture destinations except NotFound fallback
00:11 +305: All tests passed!
