00:00 +0: loading /Users/lute/project/momcozy-lab/app/test/features/notifications/notification_design_test.dart
00:00 +0: /Users/lute/project/momcozy-lab/app/test/features/notifications/notification_design_test.dart: (setUpAll)
00:00 +0: /Users/lute/project/momcozy-lab/app/test/features/auth/auth_design_test.dart: email entry and registration at 320.0 / 1.0
00:00 +0: /Users/lute/project/momcozy-lab/app/test/features/notifications/notification_design_test.dart: inbox and retained-content error at 320.0 / 1.0
══╡ EXCEPTION CAUGHT BY FLUTTER TEST FRAMEWORK ╞════════════════════════════════════════════════════
The following TestFailure was thrown running a test:
Expected: <1.55>
  Actual: <1.35>

When the exception was thrown, this was the stack:
#4      main.<anonymous closure> (file:///Users/lute/project/momcozy-lab/app/test/features/notifications/notification_design_test.dart:78:9)
<asynchronous suspension>
#5      testWidgets.<anonymous closure>.<anonymous closure> (package:flutter_test/src/widget_tester.dart:192:15)
<asynchronous suspension>
#6      TestWidgetsFlutterBinding._runTestBody (package:flutter_test/src/binding.dart:1952:5)
<asynchronous suspension>
<asynchronous suspension>
(elided one frame from package:stack_trace)

This was caught by the test expectation on the following line:
  file:///Users/lute/project/momcozy-lab/app/test/features/notifications/notification_design_test.dart line 78
The test description was:
  inbox and retained-content error at 320.0 / 1.0
════════════════════════════════════════════════════════════════════════════════════════════════════
00:00 +0 -1: /Users/lute/project/momcozy-lab/app/test/features/auth/auth_design_test.dart: email entry and registration at 320.0 / 1.0
00:00 +0 -1: /Users/lute/project/momcozy-lab/app/test/features/notifications/notification_design_test.dart: inbox and retained-content error at 320.0 / 1.0 [E]
  Test failed. See exception logs above.
  The test description was: inbox and retained-content error at 320.0 / 1.0
  
00:00 +1 -1: /Users/lute/project/momcozy-lab/app/test/features/notifications/notification_design_test.dart: notification settings and consent at 320.0 / 1.0
00:00 +2 -1: /Users/lute/project/momcozy-lab/app/test/features/auth/auth_design_test.dart: reset form with keyboard at 320.0 / 1.0
00:00 +3 -1: /Users/lute/project/momcozy-lab/app/test/features/auth/auth_design_test.dart: invite entry with short keyboard viewport at 320.0 / 1.0
00:00 +4 -1: /Users/lute/project/momcozy-lab/app/test/features/auth/auth_design_test.dart: account and confirmations at 320.0 / 1.0
══╡ EXCEPTION CAUGHT BY FLUTTER TEST FRAMEWORK ╞════════════════════════════════════════════════════
The following TestFailure was thrown running a test:
Expected: <1.55>
  Actual: <1.5>

When the exception was thrown, this was the stack:
#4      main.<anonymous closure> (file:///Users/lute/project/momcozy-lab/app/test/features/auth/auth_design_test.dart:246:9)
<asynchronous suspension>
#5      testWidgets.<anonymous closure>.<anonymous closure> (package:flutter_test/src/widget_tester.dart:192:15)
<asynchronous suspension>
#6      TestWidgetsFlutterBinding._runTestBody (package:flutter_test/src/binding.dart:1952:5)
<asynchronous suspension>
<asynchronous suspension>
(elided one frame from package:stack_trace)

This was caught by the test expectation on the following line:
  file:///Users/lute/project/momcozy-lab/app/test/features/auth/auth_design_test.dart line 246
The test description was:
  account and confirmations at 320.0 / 1.0
════════════════════════════════════════════════════════════════════════════════════════════════════
00:01 +4 -2: /Users/lute/project/momcozy-lab/app/test/features/auth/auth_design_test.dart: account and confirmations at 320.0 / 1.0 [E]
  Test failed. See exception logs above.
  The test description was: account and confirmations at 320.0 / 1.0
  
00:01 +4 -2: /Users/lute/project/momcozy-lab/app/test/features/auth/auth_design_test.dart: (tearDownAll)
00:01 +4 -2: Some tests failed.

Failing tests:
  /Users/lute/project/momcozy-lab/app/test/features/auth/auth_design_test.dart: account and confirmations at 320.0 / 1.0
  /Users/lute/project/momcozy-lab/app/test/features/notifications/notification_design_test.dart: inbox and retained-content error at 320.0 / 1.0
