00:00 +0: loading /Users/lute/project/momcozy-lab/app/test/features/auth/consumer_auth_page_test.dart
00:00 +0: /Users/lute/project/momcozy-lab/app/test/features/auth/consumer_auth_page_test.dart: language menu preserves the form and legal links open official pages
00:00 +1: /Users/lute/project/momcozy-lab/app/test/features/auth/consumer_auth_page_test.dart: Google failure stays beside Google login and email remains usable
00:00 +2: /Users/lute/project/momcozy-lab/app/test/features/auth/consumer_auth_page_test.dart: unverified login opens verification without a separate entry
00:00 +3: /Users/lute/project/momcozy-lab/app/test/features/auth/consumer_auth_page_test.dart: password visibility can be toggled and resets on navigation
00:00 +4: /Users/lute/project/momcozy-lab/app/test/features/auth/consumer_auth_page_test.dart: email login saves a session and Google cancellation does not sign in
00:00 +5: /Users/lute/project/momcozy-lab/app/test/features/auth/consumer_auth_page_test.dart: register requires email proof and invalid input sends no request
00:01 +6: /Users/lute/project/momcozy-lab/app/test/features/auth/consumer_auth_page_test.dart: forgot password gives generic confirmation and submits new password
00:01 +7: /Users/lute/project/momcozy-lab/app/test/features/notifications/notifications_page_test.dart: shows the real inbox and supports read and archive actions
00:01 +8: /Users/lute/project/momcozy-lab/app/test/features/auth/auth_page_test.dart: auth page exposes only invite login entry
00:01 +9: /Users/lute/project/momcozy-lab/app/test/features/auth/auth_page_test.dart: invite login requires a typed invite code before posting
00:01 +10: /Users/lute/project/momcozy-lab/app/test/features/auth/auth_page_test.dart: invite login requires a typed invite code before posting
00:01 +11: /Users/lute/project/momcozy-lab/app/test/features/auth/auth_page_test.dart: invite login requires a typed invite code before posting
00:02 +12: /Users/lute/project/momcozy-lab/app/test/features/auth/auth_page_test.dart: invite login requires a typed invite code before posting
00:02 +13: /Users/lute/project/momcozy-lab/app/test/features/auth/auth_page_test.dart: invite login requires a typed invite code before posting
00:02 +14: /Users/lute/project/momcozy-lab/app/test/features/auth/auth_page_test.dart: invite login requires a typed invite code before posting
00:02 +15: /Users/lute/project/momcozy-lab/app/test/features/auth/auth_page_test.dart: invite login requires a typed invite code before posting
00:02 +16: /Users/lute/project/momcozy-lab/app/test/features/auth/auth_page_test.dart: invite login requires a typed invite code before posting
00:02 +17: /Users/lute/project/momcozy-lab/app/test/features/auth/auth_page_test.dart: invite login requires a typed invite code before posting
00:02 +18: /Users/lute/project/momcozy-lab/app/test/features/auth/auth_page_test.dart: invite login requires a typed invite code before posting
00:02 +19: /Users/lute/project/momcozy-lab/app/test/features/auth/auth_page_test.dart: invite login requires a typed invite code before posting
00:02 +20: /Users/lute/project/momcozy-lab/app/test/features/auth/auth_page_test.dart: invite login requires a typed invite code before posting
00:02 +21: /Users/lute/project/momcozy-lab/app/test/features/auth/auth_design_test.dart: email entry and registration at 320.0 / 1.0
00:02 +22: /Users/lute/project/momcozy-lab/app/test/features/auth/auth_design_test.dart: email entry and registration at 320.0 / 1.0
00:02 +23: /Users/lute/project/momcozy-lab/app/test/features/auth/auth_design_test.dart: email entry and registration at 320.0 / 1.0
00:02 +24: /Users/lute/project/momcozy-lab/app/test/features/auth/auth_design_test.dart: email entry and registration at 320.0 / 1.0
00:02 +25: /Users/lute/project/momcozy-lab/app/test/features/auth/auth_design_test.dart: email entry and registration at 320.0 / 1.0
00:02 +26: /Users/lute/project/momcozy-lab/app/test/features/auth/auth_design_test.dart: email entry and registration at 320.0 / 1.0
00:02 +27: /Users/lute/project/momcozy-lab/app/test/features/auth/auth_design_test.dart: email entry and registration at 320.0 / 1.0
00:02 +28: /Users/lute/project/momcozy-lab/app/test/features/auth/auth_design_test.dart: email entry and registration at 320.0 / 1.0
00:02 +29: /Users/lute/project/momcozy-lab/app/test/features/auth/auth_design_test.dart: email entry and registration at 320.0 / 1.0
00:02 +30: /Users/lute/project/momcozy-lab/app/test/features/auth/auth_design_test.dart: email entry and registration at 320.0 / 1.0
00:02 +31: /Users/lute/project/momcozy-lab/app/test/features/auth/auth_design_test.dart: email entry and registration at 320.0 / 1.0
00:02 +32: /Users/lute/project/momcozy-lab/app/test/features/auth/auth_design_test.dart: email entry and registration at 320.0 / 1.0
00:02 +33: /Users/lute/project/momcozy-lab/app/test/features/auth/auth_design_test.dart: email entry and registration at 320.0 / 1.0
00:02 +34: /Users/lute/project/momcozy-lab/app/test/features/auth/auth_design_test.dart: email entry and registration at 320.0 / 1.0
00:02 +35: /Users/lute/project/momcozy-lab/app/test/features/auth/auth_design_test.dart: email entry and registration at 320.0 / 1.0
00:02 +36: /Users/lute/project/momcozy-lab/app/test/features/auth/auth_design_test.dart: email entry and registration at 320.0 / 1.0
00:02 +37: /Users/lute/project/momcozy-lab/app/test/features/auth/auth_design_test.dart: email entry and registration at 320.0 / 1.0
00:02 +38: /Users/lute/project/momcozy-lab/app/test/features/auth/auth_design_test.dart: email entry and registration at 320.0 / 1.0
00:02 +39: /Users/lute/project/momcozy-lab/app/test/features/auth/auth_design_test.dart: email entry and registration at 320.0 / 1.0
00:02 +40: /Users/lute/project/momcozy-lab/app/test/features/auth/auth_design_test.dart: email entry and registration at 320.0 / 1.0
00:02 +41: /Users/lute/project/momcozy-lab/app/test/features/auth/auth_design_test.dart: email entry and registration at 320.0 / 1.0
00:02 +42: /Users/lute/project/momcozy-lab/app/test/features/notifications/notification_design_test.dart: (setUpAll)
00:02 +42: /Users/lute/project/momcozy-lab/app/test/features/auth/account_page_test.dart: account read retry and password-confirmed Google linking
00:02 +43: /Users/lute/project/momcozy-lab/app/test/features/auth/account_page_test.dart: account read retry and password-confirmed Google linking
00:03 +44: /Users/lute/project/momcozy-lab/app/test/app/reading_typography_test.dart: reading leading is scoped to user paragraphs: workbench=false
00:03 +45: /Users/lute/project/momcozy-lab/app/test/app/reading_typography_test.dart: reading leading is scoped to user paragraphs: workbench=false
00:03 +46: /Users/lute/project/momcozy-lab/app/test/app/reading_typography_test.dart: reading leading is scoped to user paragraphs: workbench=false
00:03 +47: /Users/lute/project/momcozy-lab/app/test/features/notifications/notification_design_test.dart: inbox and retained-content error at 320.0 / 1.0
00:03 +48: /Users/lute/project/momcozy-lab/app/test/features/notifications/notification_design_test.dart: inbox and retained-content error at 320.0 / 1.0
00:03 +49: /Users/lute/project/momcozy-lab/app/test/features/notifications/notification_design_test.dart: inbox and retained-content error at 320.0 / 1.0
00:03 +50: /Users/lute/project/momcozy-lab/app/test/features/notifications/notification_design_test.dart: inbox and retained-content error at 320.0 / 1.0
00:03 +51: /Users/lute/project/momcozy-lab/app/test/features/notifications/notification_design_test.dart: inbox and retained-content error at 320.0 / 1.0
00:03 +52: /Users/lute/project/momcozy-lab/app/test/features/notifications/notification_design_test.dart: inbox and retained-content error at 320.0 / 1.0
00:03 +53: /Users/lute/project/momcozy-lab/app/test/features/notifications/firebase_push_messaging_test.dart: missing APNs stays pending and a later retry can acquire the token
00:03 +54: /Users/lute/project/momcozy-lab/app/test/features/notifications/firebase_push_messaging_test.dart: missing APNs stays pending and a later retry can acquire the token
00:03 +55: /Users/lute/project/momcozy-lab/app/test/features/notifications/firebase_push_messaging_test.dart: missing APNs stays pending and a later retry can acquire the token
00:03 +56: /Users/lute/project/momcozy-lab/app/test/features/notifications/firebase_push_messaging_test.dart: missing APNs stays pending and a later retry can acquire the token
00:03 +57: /Users/lute/project/momcozy-lab/app/test/features/notifications/firebase_push_messaging_test.dart: missing APNs stays pending and a later retry can acquire the token
00:03 +58: /Users/lute/project/momcozy-lab/app/test/features/notifications/firebase_push_messaging_test.dart: missing APNs stays pending and a later retry can acquire the token
00:03 +59: /Users/lute/project/momcozy-lab/app/test/features/notifications/firebase_push_messaging_test.dart: missing APNs stays pending and a later retry can acquire the token
00:03 +60: /Users/lute/project/momcozy-lab/app/test/features/notifications/firebase_push_messaging_test.dart: missing APNs stays pending and a later retry can acquire the token
00:03 +61: /Users/lute/project/momcozy-lab/app/test/features/notifications/firebase_push_messaging_test.dart: missing APNs stays pending and a later retry can acquire the token
00:03 +62: /Users/lute/project/momcozy-lab/app/test/features/notifications/firebase_push_messaging_test.dart: missing APNs stays pending and a later retry can acquire the token
00:03 +63: /Users/lute/project/momcozy-lab/app/test/features/notifications/firebase_push_messaging_test.dart: missing APNs stays pending and a later retry can acquire the token
00:03 +64: /Users/lute/project/momcozy-lab/app/test/features/notifications/firebase_push_messaging_test.dart: missing APNs stays pending and a later retry can acquire the token
00:03 +65: /Users/lute/project/momcozy-lab/app/test/features/notifications/firebase_push_messaging_test.dart: missing APNs stays pending and a later retry can acquire the token
00:03 +66: /Users/lute/project/momcozy-lab/app/test/features/notifications/firebase_push_messaging_test.dart: missing APNs stays pending and a later retry can acquire the token
00:03 +67: /Users/lute/project/momcozy-lab/app/test/features/notifications/firebase_push_messaging_test.dart: missing APNs stays pending and a later retry can acquire the token
00:04 +68: /Users/lute/project/momcozy-lab/app/test/features/notifications/firebase_push_messaging_test.dart: missing APNs stays pending and a later retry can acquire the token
00:04 +69: /Users/lute/project/momcozy-lab/app/test/features/notifications/firebase_push_messaging_test.dart: missing APNs stays pending and a later retry can acquire the token
00:04 +70: /Users/lute/project/momcozy-lab/app/test/features/notifications/firebase_push_messaging_test.dart: missing APNs stays pending and a later retry can acquire the token
00:04 +71: /Users/lute/project/momcozy-lab/app/test/features/notifications/firebase_push_messaging_test.dart: missing APNs stays pending and a later retry can acquire the token
00:04 +72: /Users/lute/project/momcozy-lab/app/test/features/notifications/firebase_push_messaging_test.dart: missing APNs stays pending and a later retry can acquire the token
00:04 +73: /Users/lute/project/momcozy-lab/app/test/features/notifications/firebase_push_messaging_test.dart: missing APNs stays pending and a later retry can acquire the token
00:04 +74: /Users/lute/project/momcozy-lab/app/test/features/notifications/firebase_push_messaging_test.dart: missing APNs stays pending and a later retry can acquire the token
00:04 +75: /Users/lute/project/momcozy-lab/app/test/features/notifications/firebase_push_messaging_test.dart: missing APNs stays pending and a later retry can acquire the token
00:04 +76: /Users/lute/project/momcozy-lab/app/test/features/notifications/firebase_push_messaging_test.dart: missing APNs stays pending and a later retry can acquire the token
00:04 +77: /Users/lute/project/momcozy-lab/app/test/features/notifications/firebase_push_messaging_test.dart: missing APNs stays pending and a later retry can acquire the token
00:04 +78: /Users/lute/project/momcozy-lab/app/test/features/notifications/firebase_push_messaging_test.dart: missing APNs stays pending and a later retry can acquire the token
00:04 +79: /Users/lute/project/momcozy-lab/app/test/features/notifications/firebase_push_messaging_test.dart: missing APNs stays pending and a later retry can acquire the token
00:04 +80: /Users/lute/project/momcozy-lab/app/test/features/notifications/firebase_push_messaging_test.dart: missing APNs stays pending and a later retry can acquire the token
00:04 +81: /Users/lute/project/momcozy-lab/app/test/features/notifications/firebase_push_messaging_test.dart: missing APNs stays pending and a later retry can acquire the token
00:04 +82: /Users/lute/project/momcozy-lab/app/test/features/notifications/firebase_push_messaging_test.dart: missing APNs stays pending and a later retry can acquire the token
00:04 +83: /Users/lute/project/momcozy-lab/app/test/features/notifications/firebase_push_messaging_test.dart: missing APNs stays pending and a later retry can acquire the token
00:04 +84: /Users/lute/project/momcozy-lab/app/test/features/notifications/firebase_push_messaging_test.dart: missing APNs stays pending and a later retry can acquire the token
00:04 +85: /Users/lute/project/momcozy-lab/app/test/features/notifications/firebase_push_messaging_test.dart: missing APNs stays pending and a later retry can acquire the token
00:04 +86: /Users/lute/project/momcozy-lab/app/test/features/notifications/firebase_push_messaging_test.dart: missing APNs stays pending and a later retry can acquire the token
00:04 +87: /Users/lute/project/momcozy-lab/app/test/features/notifications/firebase_push_messaging_test.dart: missing APNs stays pending and a later retry can acquire the token
00:04 +88: /Users/lute/project/momcozy-lab/app/test/features/notifications/firebase_push_messaging_test.dart: missing APNs stays pending and a later retry can acquire the token
00:04 +89: /Users/lute/project/momcozy-lab/app/test/features/notifications/firebase_push_messaging_test.dart: missing APNs stays pending and a later retry can acquire the token
00:04 +90: /Users/lute/project/momcozy-lab/app/test/features/notifications/firebase_push_messaging_test.dart: missing APNs stays pending and a later retry can acquire the token
00:04 +91: /Users/lute/project/momcozy-lab/app/test/features/notifications/firebase_push_messaging_test.dart: missing APNs stays pending and a later retry can acquire the token
00:04 +92: /Users/lute/project/momcozy-lab/app/test/features/notifications/firebase_push_messaging_test.dart: missing APNs stays pending and a later retry can acquire the token
00:04 +93: /Users/lute/project/momcozy-lab/app/test/features/notifications/firebase_push_messaging_test.dart: missing APNs stays pending and a later retry can acquire the token
00:05 +94: /Users/lute/project/momcozy-lab/app/test/features/notifications/firebase_push_messaging_test.dart: missing APNs stays pending and a later retry can acquire the token
00:05 +95: /Users/lute/project/momcozy-lab/app/test/features/notifications/firebase_push_messaging_test.dart: Android does not wait for APNs and logout pauses auto-init
00:05 +96: All tests passed!
