00:00 +0: loading /Users/lute/project/momcozy-lab/app/test/features/notifications/notification_design_test.dart
00:00 +0: (setUpAll)
00:00 +0: inbox and retained-content error at 320.0 / 1.0
00:00 +1: notification settings and consent at 320.0 / 1.0
══╡ EXCEPTION CAUGHT BY FLUTTER TEST FRAMEWORK ╞════════════════════════════════════════════════════
The following TestFailure was thrown running a test:
Expected: null
  Actual: FlutterError:<Golden "../../goldens/design_system/notifications-settings-320.png": Pixel
test failed, 2.48%, 6696px diff detected.
          Failure feedback can be found at
/Users/lute/project/momcozy-lab/app/test/features/notifications/failures>

When the exception was thrown, this was the stack:
#4      main.tap (file:///Users/lute/project/momcozy-lab/app/test/features/notifications/notification_design_test.dart:58:9)
<asynchronous suspension>
#5      main.<anonymous closure> (file:///Users/lute/project/momcozy-lab/app/test/features/notifications/notification_design_test.dart:134:9)
<asynchronous suspension>
#6      testWidgets.<anonymous closure>.<anonymous closure> (package:flutter_test/src/widget_tester.dart:192:15)
<asynchronous suspension>
#7      TestWidgetsFlutterBinding._runTestBody (package:flutter_test/src/binding.dart:1952:5)
<asynchronous suspension>
<asynchronous suspension>
(elided one frame from package:stack_trace)

This was caught by the test expectation on the following line:
  file:///Users/lute/project/momcozy-lab/app/test/features/notifications/notification_design_test.dart line 58
The test description was:
  notification settings and consent at 320.0 / 1.0
════════════════════════════════════════════════════════════════════════════════════════════════════
00:00 +1 -1: notification settings and consent at 320.0 / 1.0 [E]
  Test failed. See exception logs above.
  The test description was: notification settings and consent at 320.0 / 1.0
  
00:00 +1 -1: inbox and retained-content error at 320.0 / 2.0
00:00 +2 -1: notification settings and consent at 320.0 / 2.0
00:00 +3 -1: inbox and retained-content error at 390.0 / 1.0
00:00 +4 -1: notification settings and consent at 390.0 / 1.0
══╡ EXCEPTION CAUGHT BY FLUTTER TEST FRAMEWORK ╞════════════════════════════════════════════════════
The following TestFailure was thrown running a test:
Expected: null
  Actual: FlutterError:<Golden "../../goldens/design_system/notifications-settings-390.png": Pixel
test failed, 1.96%, 6451px diff detected.
          Failure feedback can be found at
/Users/lute/project/momcozy-lab/app/test/features/notifications/failures>

When the exception was thrown, this was the stack:
#4      main.tap (file:///Users/lute/project/momcozy-lab/app/test/features/notifications/notification_design_test.dart:58:9)
<asynchronous suspension>
#5      main.<anonymous closure> (file:///Users/lute/project/momcozy-lab/app/test/features/notifications/notification_design_test.dart:134:9)
<asynchronous suspension>
#6      testWidgets.<anonymous closure>.<anonymous closure> (package:flutter_test/src/widget_tester.dart:192:15)
<asynchronous suspension>
#7      TestWidgetsFlutterBinding._runTestBody (package:flutter_test/src/binding.dart:1952:5)
<asynchronous suspension>
<asynchronous suspension>
(elided one frame from package:stack_trace)

This was caught by the test expectation on the following line:
  file:///Users/lute/project/momcozy-lab/app/test/features/notifications/notification_design_test.dart line 58
The test description was:
  notification settings and consent at 390.0 / 1.0
════════════════════════════════════════════════════════════════════════════════════════════════════
00:01 +4 -2: notification settings and consent at 390.0 / 1.0 [E]
  Test failed. See exception logs above.
  The test description was: notification settings and consent at 390.0 / 1.0
  
00:01 +4 -2: inbox and retained-content error at 390.0 / 2.0
00:01 +5 -2: notification settings and consent at 390.0 / 2.0
00:01 +6 -2: inbox and retained-content error at 430.0 / 1.0
00:01 +7 -2: notification settings and consent at 430.0 / 1.0
══╡ EXCEPTION CAUGHT BY FLUTTER TEST FRAMEWORK ╞════════════════════════════════════════════════════
The following TestFailure was thrown running a test:
Expected: null
  Actual: FlutterError:<Golden "../../goldens/design_system/notifications-settings-430.png": Pixel
test failed, 1.74%, 6320px diff detected.
          Failure feedback can be found at
/Users/lute/project/momcozy-lab/app/test/features/notifications/failures>

When the exception was thrown, this was the stack:
#4      main.tap (file:///Users/lute/project/momcozy-lab/app/test/features/notifications/notification_design_test.dart:58:9)
<asynchronous suspension>
#5      main.<anonymous closure> (file:///Users/lute/project/momcozy-lab/app/test/features/notifications/notification_design_test.dart:134:9)
<asynchronous suspension>
#6      testWidgets.<anonymous closure>.<anonymous closure> (package:flutter_test/src/widget_tester.dart:192:15)
<asynchronous suspension>
#7      TestWidgetsFlutterBinding._runTestBody (package:flutter_test/src/binding.dart:1952:5)
<asynchronous suspension>
<asynchronous suspension>
(elided one frame from package:stack_trace)

This was caught by the test expectation on the following line:
  file:///Users/lute/project/momcozy-lab/app/test/features/notifications/notification_design_test.dart line 58
The test description was:
  notification settings and consent at 430.0 / 1.0
════════════════════════════════════════════════════════════════════════════════════════════════════
00:01 +7 -3: notification settings and consent at 430.0 / 1.0 [E]
  Test failed. See exception logs above.
  The test description was: notification settings and consent at 430.0 / 1.0
  
00:01 +7 -3: inbox and retained-content error at 430.0 / 2.0
00:01 +8 -3: notification settings and consent at 430.0 / 2.0
00:01 +9 -3: (tearDownAll)
00:01 +9 -3: Some tests failed.

Failing tests:
  /Users/lute/project/momcozy-lab/app/test/features/notifications/notification_design_test.dart: notification settings and consent at 320.0 / 1.0
  /Users/lute/project/momcozy-lab/app/test/features/notifications/notification_design_test.dart: notification settings and consent at 390.0 / 1.0
  /Users/lute/project/momcozy-lab/app/test/features/notifications/notification_design_test.dart: notification settings and consent at 430.0 / 1.0
