Resolving dependencies...
Downloading packages...
  archive 4.0.9 (4.2.0 available)
  clock 1.1.2 (1.1.3 available)
  code_assets 1.2.1 (2.0.0 available)
  cross_file 0.3.5+4 (0.3.5+5 available)
  dart_webrtc 1.8.1 (1.8.2 available)
  file_selector_android 0.5.2+8 (0.5.2+10 available)
  file_selector_ios 0.5.3+5 (0.5.3+6 available)
  file_selector_linux 0.9.4 (0.9.4+1 available)
  file_selector_macos 0.9.5 (0.9.5+1 available)
  file_selector_windows 0.9.3+5 (0.9.3+6 available)
  flutter_markdown_plus 1.0.11 (1.0.12 available)
  flutter_secure_storage 10.3.1 (11.1.0 available)
  flutter_secure_storage_darwin 0.3.2 (0.4.1 available)
  flutter_secure_storage_linux 3.0.1 (3.0.2 available)
  flutter_secure_storage_platform_interface 2.0.1 (2.1.0 available)
  flutter_webrtc 1.6.0 (1.6.2+hotfix.1 available)
  go_router 17.3.0 (18.0.1 available)
  hooks 2.0.2 (2.2.0 available)
  html 0.15.6 (0.15.7 available)
  image 4.9.1 (4.9.2 available)
  image_picker_android 0.8.13+19 (0.8.13+22 available)
  image_picker_ios 0.8.13+6 (0.8.13+7 available)
  intl 0.20.2 (0.20.3 available)
  jni 1.0.0 (1.0.3 available)
  jni_flutter 1.0.1 (1.0.3 available)
  logger 2.7.0 (2.8.0 available)
  matcher 0.12.19 (0.12.20 available)
  material_color_utilities 0.13.0 (0.13.1 available)
  meta 1.18.0 (1.19.0 available)
  mime 2.0.0 (2.1.0 available)
  objective_c 9.4.1 (9.6.0 available)
  package_config 2.2.0 (3.0.0 available)
  pdfium_dart 0.1.3 (0.3.0 available)
  pdfium_flutter 0.1.9 (0.3.0 available)
  pdfrx 2.2.24 (2.6.1 available)
  pdfrx_engine 0.3.9 (0.6.0 available)
  platform 3.1.6 (3.2.0 available)
  posix 6.5.0 (6.5.2 available)
  process 5.0.5 (5.0.6 available)
  pub_semver 2.2.0 (2.2.1 available)
  record_use 0.6.0 (1.1.1 available)
  share_plus 13.2.0 (13.3.0 available)
  share_plus_platform_interface 7.1.0 (7.2.0 available)
  stack_trace 1.12.1 (1.12.2 available)
  synchronized 3.4.1 (3.4.2 available)
  test_api 0.7.11 (0.7.14 available)
  url_launcher_android 6.3.32 (6.3.33 available)
  url_launcher_ios 6.4.1 (6.4.2 available)
  url_launcher_linux 3.2.2 (3.2.3 available)
  url_launcher_macos 3.2.5 (3.2.6 available)
  url_launcher_windows 3.1.5 (3.1.6 available)
  uuid 4.5.3 (4.6.0 available)
  vector_math 2.2.0 (2.4.2 available)
  video_player 2.11.1 (2.14.0 available)
  video_player_android 2.10.0 (2.12.2 available)
  video_player_avfoundation 2.10.0 (2.12.0 available)
  vm_service 15.2.0 (15.3.0 available)
  webdriver 3.1.0 (3.2.0 available)
  win32 6.3.0 (6.4.0 available)
  yaml 3.1.3 (3.1.4 available)
Got dependencies!
60 packages have newer versions incompatible with dependency constraints.
Try `flutter pub outdated` for more information.
00:00 +0: loading /Users/lute/project/momcozy-lab/app/test/features/onboarding/onboarding_design_test.dart
00:00 +0: (setUpAll)
00:00 +0: onboarding profile forms at 320.0 / 1.0
00:00 +1: onboarding load failure retries at 320.0 / 1.0
00:00 +2: avatar task banners at 320.0 / 1.0
00:00 +3: avatar photo failure and default confirmation at 320.0 / 1.0
00:01 +4: onboarding avatar required at 320.0 / 1.0
00:01 +5: onboarding avatar generating at 320.0 / 1.0
00:01 +6: onboarding avatar review at 320.0 / 1.0
00:01 +7: onboarding avatar failed at 320.0 / 1.0
00:01 +8: onboarding profile forms at 320.0 / 2.0
00:01 +9: onboarding load failure retries at 320.0 / 2.0
00:01 +10: avatar task banners at 320.0 / 2.0
00:01 +11: avatar photo failure and default confirmation at 320.0 / 2.0
00:01 +12: onboarding avatar required at 320.0 / 2.0
00:01 +13: onboarding avatar generating at 320.0 / 2.0
00:01 +14: onboarding avatar review at 320.0 / 2.0
00:01 +15: onboarding avatar failed at 320.0 / 2.0
00:01 +16: onboarding profile forms at 390.0 / 1.0
00:01 +17: onboarding load failure retries at 390.0 / 1.0
00:01 +18: avatar task banners at 390.0 / 1.0
00:01 +19: avatar photo failure and default confirmation at 390.0 / 1.0
00:02 +20: onboarding avatar required at 390.0 / 1.0
00:02 +21: onboarding avatar generating at 390.0 / 1.0
00:02 +22: onboarding avatar review at 390.0 / 1.0
00:02 +23: onboarding avatar failed at 390.0 / 1.0
00:02 +24: onboarding profile forms at 390.0 / 2.0
00:02 +25: onboarding load failure retries at 390.0 / 2.0
00:02 +26: avatar task banners at 390.0 / 2.0
00:02 +27: avatar photo failure and default confirmation at 390.0 / 2.0
00:02 +28: onboarding avatar required at 390.0 / 2.0
00:02 +29: onboarding avatar generating at 390.0 / 2.0
00:02 +30: onboarding avatar review at 390.0 / 2.0
00:02 +31: onboarding avatar failed at 390.0 / 2.0
00:02 +32: onboarding profile forms at 430.0 / 1.0
00:02 +33: onboarding load failure retries at 430.0 / 1.0
00:02 +34: avatar task banners at 430.0 / 1.0
00:02 +35: avatar photo failure and default confirmation at 430.0 / 1.0
00:02 +36: onboarding avatar required at 430.0 / 1.0
00:02 +37: onboarding avatar generating at 430.0 / 1.0
00:02 +38: onboarding avatar review at 430.0 / 1.0
00:03 +39: onboarding avatar failed at 430.0 / 1.0
00:03 +40: onboarding profile forms at 430.0 / 2.0
00:03 +41: onboarding load failure retries at 430.0 / 2.0
00:03 +42: avatar task banners at 430.0 / 2.0
00:03 +43: avatar photo failure and default confirmation at 430.0 / 2.0
00:03 +44: onboarding avatar required at 430.0 / 2.0
00:03 +45: onboarding avatar generating at 430.0 / 2.0
00:03 +46: onboarding avatar review at 430.0 / 2.0
00:03 +47: onboarding avatar failed at 430.0 / 2.0
00:03 +48: (tearDownAll)
00:03 +48: All tests passed!
