Resolving dependencies...
Downloading packages...
  archive 4.0.9 (4.2.0 available)
  clock 1.1.2 (1.1.3 available)
  code_assets 1.2.1 (2.0.0 available)
  cross_file 0.3.5+4 (0.3.5+5 available)
  dart_webrtc 1.8.1 (1.8.2 available)
  file_selector_android 0.5.2+8 (0.5.2+10 available)
  file_selector_ios 0.5.3+5 (0.5.3+6 available)
  file_selector_linux 0.9.4 (0.9.4+1 available)
  file_selector_macos 0.9.5 (0.9.5+1 available)
  file_selector_windows 0.9.3+5 (0.9.3+6 available)
  flutter_markdown_plus 1.0.11 (1.0.12 available)
  flutter_secure_storage 10.3.1 (11.1.0 available)
  flutter_secure_storage_darwin 0.3.2 (0.4.1 available)
  flutter_secure_storage_linux 3.0.1 (3.0.2 available)
  flutter_secure_storage_platform_interface 2.0.1 (2.1.0 available)
  flutter_webrtc 1.6.0 (1.6.2+hotfix.1 available)
  go_router 17.3.0 (18.0.1 available)
  hooks 2.0.2 (2.2.0 available)
  html 0.15.6 (0.15.7 available)
  image 4.9.1 (4.9.2 available)
  image_picker_android 0.8.13+19 (0.8.13+22 available)
  image_picker_ios 0.8.13+6 (0.8.13+7 available)
  intl 0.20.2 (0.20.3 available)
  jni 1.0.0 (1.0.3 available)
  jni_flutter 1.0.1 (1.0.3 available)
  logger 2.7.0 (2.8.0 available)
  matcher 0.12.19 (0.12.20 available)
  material_color_utilities 0.13.0 (0.13.1 available)
  meta 1.18.0 (1.19.0 available)
  mime 2.0.0 (2.1.0 available)
  objective_c 9.4.1 (9.6.0 available)
  package_config 2.2.0 (3.0.0 available)
  pdfium_dart 0.1.3 (0.3.0 available)
  pdfium_flutter 0.1.9 (0.3.0 available)
  pdfrx 2.2.24 (2.6.1 available)
  pdfrx_engine 0.3.9 (0.6.0 available)
  platform 3.1.6 (3.2.0 available)
  posix 6.5.0 (6.5.2 available)
  process 5.0.5 (5.0.6 available)
  pub_semver 2.2.0 (2.2.1 available)
  record_use 0.6.0 (1.1.1 available)
  share_plus 13.2.0 (13.3.0 available)
  share_plus_platform_interface 7.1.0 (7.2.0 available)
  stack_trace 1.12.1 (1.12.2 available)
  synchronized 3.4.1 (3.4.2 available)
  test_api 0.7.11 (0.7.14 available)
  url_launcher_android 6.3.32 (6.3.33 available)
  url_launcher_ios 6.4.1 (6.4.2 available)
  url_launcher_linux 3.2.2 (3.2.3 available)
  url_launcher_macos 3.2.5 (3.2.6 available)
  url_launcher_windows 3.1.5 (3.1.6 available)
  uuid 4.5.3 (4.6.0 available)
  vector_math 2.2.0 (2.4.2 available)
  video_player 2.11.1 (2.14.0 available)
  video_player_android 2.10.0 (2.12.2 available)
  video_player_avfoundation 2.10.0 (2.12.0 available)
  vm_service 15.2.0 (15.3.0 available)
  webdriver 3.1.0 (3.2.0 available)
  win32 6.3.0 (6.4.0 available)
  yaml 3.1.3 (3.1.4 available)
Got dependencies!
60 packages have newer versions incompatible with dependency constraints.
Try `flutter pub outdated` for more information.
00:00 +0: loading /Users/lute/project/momcozy-lab/app/test/features/onboarding/avatar_task_controller_test.dart
00:00 +0: /Users/lute/project/momcozy-lab/app/test/features/onboarding/avatar_task_controller_test.dart: global avatar task restores, reaches review, and clears after selection
00:00 +1: /Users/lute/project/momcozy-lab/app/test/features/onboarding/avatar_task_controller_test.dart: account switch clears the previous user avatar task immediately
00:00 +2: /Users/lute/project/momcozy-lab/app/test/features/onboarding/avatar_task_controller_test.dart: avatar task refresh is single-flight
00:00 +3: /Users/lute/project/momcozy-lab/app/test/features/onboarding/avatar_task_controller_test.dart: replacement task stays visible while the active avatar remains set
00:01 +4: /Users/lute/project/momcozy-lab/app/test/features/onboarding/onboarding_handoff_test.dart: accepted avatar task explains the wait before entering the app
00:01 +5: /Users/lute/project/momcozy-lab/app/test/features/onboarding/onboarding_handoff_test.dart: accepted avatar task explains the wait before entering the app
00:01 +6: /Users/lute/project/momcozy-lab/app/test/features/onboarding/onboarding_handoff_test.dart: accepted avatar task explains the wait before entering the app
00:01 +7: /Users/lute/project/momcozy-lab/app/test/features/onboarding/onboarding_handoff_test.dart: accepted avatar task explains the wait before entering the app
00:01 +8: /Users/lute/project/momcozy-lab/app/test/features/onboarding/onboarding_handoff_test.dart: accepted avatar task explains the wait before entering the app
00:01 +9: /Users/lute/project/momcozy-lab/app/test/features/onboarding/onboarding_handoff_test.dart: accepted avatar task explains the wait before entering the app
00:01 +10: /Users/lute/project/momcozy-lab/app/test/features/onboarding/onboarding_handoff_test.dart: accepted avatar task explains the wait before entering the app
00:01 +11: /Users/lute/project/momcozy-lab/app/test/features/onboarding/onboarding_handoff_test.dart: accepted avatar task explains the wait before entering the app
00:01 +12: /Users/lute/project/momcozy-lab/app/test/features/onboarding/onboarding_handoff_test.dart: accepted avatar task explains the wait before entering the app
00:01 +13: /Users/lute/project/momcozy-lab/app/test/features/onboarding/onboarding_handoff_test.dart: accepted avatar task explains the wait before entering the app
00:01 +14: /Users/lute/project/momcozy-lab/app/test/features/onboarding/onboarding_handoff_test.dart: accepted avatar task explains the wait before entering the app
00:01 +15: /Users/lute/project/momcozy-lab/app/test/features/onboarding/onboarding_handoff_test.dart: accepted avatar task explains the wait before entering the app
00:01 +16: /Users/lute/project/momcozy-lab/app/test/features/onboarding/onboarding_handoff_test.dart: accepted avatar task explains the wait before entering the app
00:01 +17: /Users/lute/project/momcozy-lab/app/test/features/onboarding/onboarding_handoff_test.dart: accepted avatar task explains the wait before entering the app
00:01 +18: /Users/lute/project/momcozy-lab/app/test/features/onboarding/onboarding_handoff_test.dart: accepted avatar task explains the wait before entering the app
00:01 +19: /Users/lute/project/momcozy-lab/app/test/features/onboarding/onboarding_handoff_test.dart: accepted avatar task explains the wait before entering the app
00:01 +20: /Users/lute/project/momcozy-lab/app/test/features/onboarding/onboarding_handoff_test.dart: accepted avatar task explains the wait before entering the app
00:01 +21: /Users/lute/project/momcozy-lab/app/test/features/onboarding/onboarding_handoff_test.dart: accepted avatar task explains the wait before entering the app
00:02 +22: /Users/lute/project/momcozy-lab/app/test/features/onboarding/onboarding_reading_test.dart: onboarding reading 320.0/1.0
00:02 +23: /Users/lute/project/momcozy-lab/app/test/features/onboarding/onboarding_design_test.dart: onboarding profile forms at 320.0 / 1.0
00:02 +24: /Users/lute/project/momcozy-lab/app/test/features/onboarding/onboarding_design_test.dart: onboarding profile forms at 320.0 / 1.0
00:02 +25: /Users/lute/project/momcozy-lab/app/test/features/onboarding/onboarding_design_test.dart: onboarding profile forms at 320.0 / 1.0
00:02 +26: /Users/lute/project/momcozy-lab/app/test/features/onboarding/onboarding_design_test.dart: onboarding profile forms at 320.0 / 1.0
══╡ EXCEPTION CAUGHT BY FLUTTER TEST FRAMEWORK ╞════════════════════════════════════════════════════
The following TestFailure was thrown running a test:
Expected: null
  Actual: FlutterError:<Golden "../../goldens/design_system/onboarding-basics-320.png": Pixel test
failed, 3.34%, 9011px diff detected.
          Failure feedback can be found at
/Users/lute/project/momcozy-lab/app/test/features/onboarding/failures>

When the exception was thrown, this was the stack:
#4      main.tap (file:///Users/lute/project/momcozy-lab/app/test/features/onboarding/onboarding_design_test.dart:78:9)
<asynchronous suspension>
#5      main.<anonymous closure> (file:///Users/lute/project/momcozy-lab/app/test/features/onboarding/onboarding_design_test.dart:101:9)
<asynchronous suspension>
#6      testWidgets.<anonymous closure>.<anonymous closure> (package:flutter_test/src/widget_tester.dart:192:15)
<asynchronous suspension>
#7      TestWidgetsFlutterBinding._runTestBody (package:flutter_test/src/binding.dart:1952:5)
<asynchronous suspension>
<asynchronous suspension>
(elided one frame from package:stack_trace)

This was caught by the test expectation on the following line:
  file:///Users/lute/project/momcozy-lab/app/test/features/onboarding/onboarding_design_test.dart line 78
The test description was:
  onboarding profile forms at 320.0 / 1.0
════════════════════════════════════════════════════════════════════════════════════════════════════
00:02 +26 -1: /Users/lute/project/momcozy-lab/app/test/app/reading_typography_test.dart: reading leading is scoped to user paragraphs: workbench=false
00:02 +26 -1: /Users/lute/project/momcozy-lab/app/test/features/onboarding/onboarding_design_test.dart: onboarding profile forms at 320.0 / 1.0 [E]
  Test failed. See exception logs above.
  The test description was: onboarding profile forms at 320.0 / 1.0
  
00:02 +27 -1: /Users/lute/project/momcozy-lab/app/test/app/reading_typography_test.dart: reading leading is scoped to user paragraphs: workbench=false
00:02 +28 -1: /Users/lute/project/momcozy-lab/app/test/app/reading_typography_test.dart: reading leading is scoped to user paragraphs: workbench=false
00:02 +29 -1: /Users/lute/project/momcozy-lab/app/test/features/onboarding/onboarding_route_test.dart: postpartum path collects delivery and one shared infant set
00:02 +30 -1: /Users/lute/project/momcozy-lab/app/test/features/onboarding/onboarding_route_test.dart: postpartum path collects delivery and one shared infant set
00:02 +31 -1: /Users/lute/project/momcozy-lab/app/test/features/onboarding/onboarding_route_test.dart: postpartum path collects delivery and one shared infant set
00:02 +32 -1: /Users/lute/project/momcozy-lab/app/test/features/onboarding/onboarding_route_test.dart: postpartum path collects delivery and one shared infant set
00:02 +33 -1: /Users/lute/project/momcozy-lab/app/test/features/onboarding/onboarding_route_test.dart: postpartum path collects delivery and one shared infant set
00:02 +34 -1: /Users/lute/project/momcozy-lab/app/test/features/onboarding/onboarding_capability_gate_test.dart: default app startup bypasses the unsupported onboarding gate
00:02 +35 -1: /Users/lute/project/momcozy-lab/app/test/features/onboarding/onboarding_capability_gate_test.dart: default app startup bypasses the unsupported onboarding gate
00:02 +35 -1: /Users/lute/project/momcozy-lab/app/test/features/onboarding/onboarding_design_test.dart: avatar photo failure and default confirmation at 320.0 / 1.0
══╡ EXCEPTION CAUGHT BY FLUTTER TEST FRAMEWORK ╞════════════════════════════════════════════════════
The following TestFailure was thrown running a test:
Expected: null
  Actual: FlutterError:<Golden "../../goldens/design_system/onboarding-photo-error-320.png": Pixel
test failed, 10.77%, 29082px diff detected.
          Failure feedback can be found at
/Users/lute/project/momcozy-lab/app/test/features/onboarding/failures>

When the exception was thrown, this was the stack:
#4      main.tap (file:///Users/lute/project/momcozy-lab/app/test/features/onboarding/onboarding_design_test.dart:78:9)
<asynchronous suspension>
#5      main.<anonymous closure> (file:///Users/lute/project/momcozy-lab/app/test/features/onboarding/onboarding_design_test.dart:328:11)
<asynchronous suspension>
#6      testWidgets.<anonymous closure>.<anonymous closure> (package:flutter_test/src/widget_tester.dart:192:15)
<asynchronous suspension>
#7      TestWidgetsFlutterBinding._runTestBody (package:flutter_test/src/binding.dart:1952:5)
<asynchronous suspension>
<asynchronous suspension>
(elided one frame from package:stack_trace)

This was caught by the test expectation on the following line:
  file:///Users/lute/project/momcozy-lab/app/test/features/onboarding/onboarding_design_test.dart line 78
The test description was:
  avatar photo failure and default confirmation at 320.0 / 1.0
════════════════════════════════════════════════════════════════════════════════════════════════════
00:02 +35 -2: /Users/lute/project/momcozy-lab/app/test/features/onboarding/onboarding_capability_gate_test.dart: default app startup bypasses the unsupported onboarding gate
00:02 +35 -2: /Users/lute/project/momcozy-lab/app/test/features/onboarding/onboarding_design_test.dart: avatar photo failure and default confirmation at 320.0 / 1.0 [E]
  Test failed. See exception logs above.
  The test description was: avatar photo failure and default confirmation at 320.0 / 1.0
  
00:02 +36 -2: /Users/lute/project/momcozy-lab/app/test/features/onboarding/onboarding_capability_gate_test.dart: default app startup bypasses the unsupported onboarding gate
00:03 +37 -2: /Users/lute/project/momcozy-lab/app/test/features/onboarding/onboarding_capability_gate_test.dart: default app startup bypasses the unsupported onboarding gate
00:03 +37 -2: /Users/lute/project/momcozy-lab/app/test/features/onboarding/onboarding_design_test.dart: onboarding avatar required at 320.0 / 1.0
══╡ EXCEPTION CAUGHT BY FLUTTER TEST FRAMEWORK ╞════════════════════════════════════════════════════
The following TestFailure was thrown running a test:
Expected: null
  Actual: FlutterError:<Golden "../../goldens/design_system/onboarding-required-320.png": Pixel test
failed, 9.37%, 25296px diff detected.
          Failure feedback can be found at
/Users/lute/project/momcozy-lab/app/test/features/onboarding/failures>

When the exception was thrown, this was the stack:
#4      main.tap (file:///Users/lute/project/momcozy-lab/app/test/features/onboarding/onboarding_design_test.dart:78:9)
<asynchronous suspension>
#5      main.<anonymous closure> (file:///Users/lute/project/momcozy-lab/app/test/features/onboarding/onboarding_design_test.dart:367:13)
<asynchronous suspension>
#6      testWidgets.<anonymous closure>.<anonymous closure> (package:flutter_test/src/widget_tester.dart:192:15)
<asynchronous suspension>
#7      TestWidgetsFlutterBinding._runTestBody (package:flutter_test/src/binding.dart:1952:5)
<asynchronous suspension>
<asynchronous suspension>
(elided one frame from package:stack_trace)

This was caught by the test expectation on the following line:
  file:///Users/lute/project/momcozy-lab/app/test/features/onboarding/onboarding_design_test.dart line 78
The test description was:
  onboarding avatar required at 320.0 / 1.0
════════════════════════════════════════════════════════════════════════════════════════════════════
00:03 +37 -3: /Users/lute/project/momcozy-lab/app/test/features/onboarding/onboarding_capability_gate_test.dart: default app startup bypasses the unsupported onboarding gate
00:03 +37 -3: /Users/lute/project/momcozy-lab/app/test/features/onboarding/onboarding_design_test.dart: onboarding avatar required at 320.0 / 1.0 [E]
  Test failed. See exception logs above.
  The test description was: onboarding avatar required at 320.0 / 1.0
  
00:03 +38 -3: /Users/lute/project/momcozy-lab/app/test/features/onboarding/onboarding_route_test.dart: app shell shows a restorable avatar task and opens review
00:03 +39 -3: /Users/lute/project/momcozy-lab/app/test/features/onboarding/onboarding_route_test.dart: app shell shows a restorable avatar task and opens review
00:03 +39 -3: /Users/lute/project/momcozy-lab/app/test/features/onboarding/onboarding_design_test.dart: onboarding avatar generating at 320.0 / 1.0
══╡ EXCEPTION CAUGHT BY FLUTTER TEST FRAMEWORK ╞════════════════════════════════════════════════════
The following TestFailure was thrown running a test:
Expected: null
  Actual: FlutterError:<Golden "../../goldens/design_system/onboarding-generating-320.png": Pixel
test failed, 12.24%, 33066px diff detected.
          Failure feedback can be found at
/Users/lute/project/momcozy-lab/app/test/features/onboarding/failures>

When the exception was thrown, this was the stack:
#4      main.<anonymous closure> (file:///Users/lute/project/momcozy-lab/app/test/features/onboarding/onboarding_design_test.dart:397:13)
<asynchronous suspension>
#5      testWidgets.<anonymous closure>.<anonymous closure> (package:flutter_test/src/widget_tester.dart:192:15)
<asynchronous suspension>
#6      TestWidgetsFlutterBinding._runTestBody (package:flutter_test/src/binding.dart:1952:5)
<asynchronous suspension>
<asynchronous suspension>
(elided one frame from package:stack_trace)

This was caught by the test expectation on the following line:
  file:///Users/lute/project/momcozy-lab/app/test/features/onboarding/onboarding_design_test.dart line 397
The test description was:
  onboarding avatar generating at 320.0 / 1.0
════════════════════════════════════════════════════════════════════════════════════════════════════
00:03 +39 -4: /Users/lute/project/momcozy-lab/app/test/features/onboarding/onboarding_route_test.dart: app shell shows a restorable avatar task and opens review
00:03 +39 -4: /Users/lute/project/momcozy-lab/app/test/features/onboarding/onboarding_design_test.dart: onboarding avatar generating at 320.0 / 1.0 [E]
  Test failed. See exception logs above.
  The test description was: onboarding avatar generating at 320.0 / 1.0
  
00:03 +40 -4: /Users/lute/project/momcozy-lab/app/test/features/onboarding/onboarding_capability_gate_test.dart: an explicit capability keeps the onboarding route available
00:03 +41 -4: /Users/lute/project/momcozy-lab/app/test/features/onboarding/onboarding_capability_gate_test.dart: an explicit capability keeps the onboarding route available
00:03 +42 -4: /Users/lute/project/momcozy-lab/app/test/features/onboarding/onboarding_design_test.dart: onboarding avatar review at 320.0 / 1.0
00:03 +43 -4: /Users/lute/project/momcozy-lab/app/test/features/onboarding/onboarding_design_test.dart: onboarding avatar review at 320.0 / 1.0
══╡ EXCEPTION CAUGHT BY FLUTTER TEST FRAMEWORK ╞════════════════════════════════════════════════════
The following TestFailure was thrown running a test:
Expected: null
  Actual: FlutterError:<Golden "../../goldens/design_system/onboarding-review-320.png": Pixel test
failed, 13.56%, 36628px diff detected.
          Failure feedback can be found at
/Users/lute/project/momcozy-lab/app/test/features/onboarding/failures>

When the exception was thrown, this was the stack:
#4      main.tap (file:///Users/lute/project/momcozy-lab/app/test/features/onboarding/onboarding_design_test.dart:78:9)
<asynchronous suspension>
#5      main.<anonymous closure> (file:///Users/lute/project/momcozy-lab/app/test/features/onboarding/onboarding_design_test.dart:375:13)
<asynchronous suspension>
#6      testWidgets.<anonymous closure>.<anonymous closure> (package:flutter_test/src/widget_tester.dart:192:15)
<asynchronous suspension>
#7      TestWidgetsFlutterBinding._runTestBody (package:flutter_test/src/binding.dart:1952:5)
<asynchronous suspension>
<asynchronous suspension>
(elided one frame from package:stack_trace)

This was caught by the test expectation on the following line:
  file:///Users/lute/project/momcozy-lab/app/test/features/onboarding/onboarding_design_test.dart line 78
The test description was:
  onboarding avatar review at 320.0 / 1.0
════════════════════════════════════════════════════════════════════════════════════════════════════
00:03 +43 -5: /Users/lute/project/momcozy-lab/app/test/features/onboarding/onboarding_capability_gate_test.dart: disabled onboarding sends /avatar/review safely home after login
00:03 +43 -5: /Users/lute/project/momcozy-lab/app/test/features/onboarding/onboarding_design_test.dart: onboarding avatar review at 320.0 / 1.0 [E]
  Test failed. See exception logs above.
  The test description was: onboarding avatar review at 320.0 / 1.0
  
00:03 +44 -5: /Users/lute/project/momcozy-lab/app/test/features/onboarding/onboarding_design_test.dart: onboarding avatar failed at 320.0 / 1.0
══╡ EXCEPTION CAUGHT BY FLUTTER TEST FRAMEWORK ╞════════════════════════════════════════════════════
The following TestFailure was thrown running a test:
Expected: null
  Actual: FlutterError:<Golden "../../goldens/design_system/onboarding-failed-320.png": Pixel test
failed, 10.99%, 29683px diff detected.
          Failure feedback can be found at
/Users/lute/project/momcozy-lab/app/test/features/onboarding/failures>

When the exception was thrown, this was the stack:
#4      main.tap (file:///Users/lute/project/momcozy-lab/app/test/features/onboarding/onboarding_design_test.dart:78:9)
<asynchronous suspension>
#5      main.<anonymous closure> (file:///Users/lute/project/momcozy-lab/app/test/features/onboarding/onboarding_design_test.dart:367:13)
<asynchronous suspension>
#6      testWidgets.<anonymous closure>.<anonymous closure> (package:flutter_test/src/widget_tester.dart:192:15)
<asynchronous suspension>
#7      TestWidgetsFlutterBinding._runTestBody (package:flutter_test/src/binding.dart:1952:5)
<asynchronous suspension>
<asynchronous suspension>
(elided one frame from package:stack_trace)

This was caught by the test expectation on the following line:
  file:///Users/lute/project/momcozy-lab/app/test/features/onboarding/onboarding_design_test.dart line 78
The test description was:
  onboarding avatar failed at 320.0 / 1.0
════════════════════════════════════════════════════════════════════════════════════════════════════
00:03 +44 -6: /Users/lute/project/momcozy-lab/app/test/features/onboarding/onboarding_capability_gate_test.dart: disabled onboarding sends /avatar/create?from=/me safely home after login
00:03 +44 -6: /Users/lute/project/momcozy-lab/app/test/features/onboarding/onboarding_design_test.dart: onboarding avatar failed at 320.0 / 1.0 [E]
  Test failed. See exception logs above.
  The test description was: onboarding avatar failed at 320.0 / 1.0
  
00:03 +45 -6: /Users/lute/project/momcozy-lab/app/test/features/onboarding/onboarding_design_test.dart: onboarding profile forms at 320.0 / 2.0
00:03 +46 -6: /Users/lute/project/momcozy-lab/app/test/features/onboarding/onboarding_design_test.dart: onboarding profile forms at 320.0 / 2.0
00:03 +47 -6: /Users/lute/project/momcozy-lab/app/test/features/onboarding/onboarding_design_test.dart: onboarding profile forms at 320.0 / 2.0
00:03 +48 -6: /Users/lute/project/momcozy-lab/app/test/features/onboarding/onboarding_design_test.dart: onboarding profile forms at 320.0 / 2.0
00:03 +49 -6: /Users/lute/project/momcozy-lab/app/test/features/onboarding/onboarding_design_test.dart: onboarding load failure retries at 320.0 / 2.0
00:03 +50 -6: /Users/lute/project/momcozy-lab/app/test/features/onboarding/onboarding_design_test.dart: avatar task banners at 320.0 / 2.0
00:03 +51 -6: /Users/lute/project/momcozy-lab/app/test/features/onboarding/onboarding_design_test.dart: avatar photo failure and default confirmation at 320.0 / 2.0
00:03 +52 -6: /Users/lute/project/momcozy-lab/app/test/features/onboarding/onboarding_design_test.dart: onboarding avatar required at 320.0 / 2.0
00:03 +53 -6: /Users/lute/project/momcozy-lab/app/test/features/onboarding/onboarding_design_test.dart: onboarding avatar generating at 320.0 / 2.0
00:03 +54 -6: /Users/lute/project/momcozy-lab/app/test/features/onboarding/onboarding_design_test.dart: onboarding avatar review at 320.0 / 2.0
00:04 +55 -6: /Users/lute/project/momcozy-lab/app/test/features/onboarding/onboarding_design_test.dart: onboarding avatar failed at 320.0 / 2.0
00:04 +56 -6: /Users/lute/project/momcozy-lab/app/test/features/onboarding/onboarding_design_test.dart: onboarding profile forms at 390.0 / 1.0
══╡ EXCEPTION CAUGHT BY FLUTTER TEST FRAMEWORK ╞════════════════════════════════════════════════════
The following TestFailure was thrown running a test:
Expected: null
  Actual: FlutterError:<Golden "../../goldens/design_system/onboarding-basics-390.png": Pixel test
failed, 3.05%, 10040px diff detected.
          Failure feedback can be found at
/Users/lute/project/momcozy-lab/app/test/features/onboarding/failures>

When the exception was thrown, this was the stack:
#4      main.tap (file:///Users/lute/project/momcozy-lab/app/test/features/onboarding/onboarding_design_test.dart:78:9)
<asynchronous suspension>
#5      main.<anonymous closure> (file:///Users/lute/project/momcozy-lab/app/test/features/onboarding/onboarding_design_test.dart:101:9)
<asynchronous suspension>
#6      testWidgets.<anonymous closure>.<anonymous closure> (package:flutter_test/src/widget_tester.dart:192:15)
<asynchronous suspension>
#7      TestWidgetsFlutterBinding._runTestBody (package:flutter_test/src/binding.dart:1952:5)
<asynchronous suspension>
<asynchronous suspension>
(elided one frame from package:stack_trace)

This was caught by the test expectation on the following line:
  file:///Users/lute/project/momcozy-lab/app/test/features/onboarding/onboarding_design_test.dart line 78
The test description was:
  onboarding profile forms at 390.0 / 1.0
════════════════════════════════════════════════════════════════════════════════════════════════════
00:04 +56 -7: /Users/lute/project/momcozy-lab/app/test/features/onboarding/onboarding_design_test.dart: onboarding profile forms at 390.0 / 1.0 [E]
  Test failed. See exception logs above.
  The test description was: onboarding profile forms at 390.0 / 1.0
  
00:04 +56 -7: /Users/lute/project/momcozy-lab/app/test/features/onboarding/onboarding_design_test.dart: onboarding load failure retries at 390.0 / 1.0
00:04 +57 -7: /Users/lute/project/momcozy-lab/app/test/features/onboarding/onboarding_design_test.dart: avatar task banners at 390.0 / 1.0
00:04 +58 -7: /Users/lute/project/momcozy-lab/app/test/features/onboarding/onboarding_design_test.dart: avatar photo failure and default confirmation at 390.0 / 1.0
══╡ EXCEPTION CAUGHT BY FLUTTER TEST FRAMEWORK ╞════════════════════════════════════════════════════
The following TestFailure was thrown running a test:
Expected: null
  Actual: FlutterError:<Golden "../../goldens/design_system/onboarding-photo-error-390.png": Pixel
test failed, 8.98%, 29568px diff detected.
          Failure feedback can be found at
/Users/lute/project/momcozy-lab/app/test/features/onboarding/failures>

When the exception was thrown, this was the stack:
#4      main.tap (file:///Users/lute/project/momcozy-lab/app/test/features/onboarding/onboarding_design_test.dart:78:9)
<asynchronous suspension>
#5      main.<anonymous closure> (file:///Users/lute/project/momcozy-lab/app/test/features/onboarding/onboarding_design_test.dart:328:11)
<asynchronous suspension>
#6      testWidgets.<anonymous closure>.<anonymous closure> (package:flutter_test/src/widget_tester.dart:192:15)
<asynchronous suspension>
#7      TestWidgetsFlutterBinding._runTestBody (package:flutter_test/src/binding.dart:1952:5)
<asynchronous suspension>
<asynchronous suspension>
(elided one frame from package:stack_trace)

This was caught by the test expectation on the following line:
  file:///Users/lute/project/momcozy-lab/app/test/features/onboarding/onboarding_design_test.dart line 78
The test description was:
  avatar photo failure and default confirmation at 390.0 / 1.0
════════════════════════════════════════════════════════════════════════════════════════════════════
00:04 +58 -8: /Users/lute/project/momcozy-lab/app/test/features/onboarding/onboarding_design_test.dart: avatar photo failure and default confirmation at 390.0 / 1.0 [E]
  Test failed. See exception logs above.
  The test description was: avatar photo failure and default confirmation at 390.0 / 1.0
  
00:04 +58 -8: /Users/lute/project/momcozy-lab/app/test/features/onboarding/onboarding_design_test.dart: onboarding avatar required at 390.0 / 1.0
══╡ EXCEPTION CAUGHT BY FLUTTER TEST FRAMEWORK ╞════════════════════════════════════════════════════
The following TestFailure was thrown running a test:
Expected: null
  Actual: FlutterError:<Golden "../../goldens/design_system/onboarding-required-390.png": Pixel test
failed, 7.74%, 25485px diff detected.
          Failure feedback can be found at
/Users/lute/project/momcozy-lab/app/test/features/onboarding/failures>

When the exception was thrown, this was the stack:
#4      main.tap (file:///Users/lute/project/momcozy-lab/app/test/features/onboarding/onboarding_design_test.dart:78:9)
<asynchronous suspension>
#5      main.<anonymous closure> (file:///Users/lute/project/momcozy-lab/app/test/features/onboarding/onboarding_design_test.dart:367:13)
<asynchronous suspension>
#6      testWidgets.<anonymous closure>.<anonymous closure> (package:flutter_test/src/widget_tester.dart:192:15)
<asynchronous suspension>
#7      TestWidgetsFlutterBinding._runTestBody (package:flutter_test/src/binding.dart:1952:5)
<asynchronous suspension>
<asynchronous suspension>
(elided one frame from package:stack_trace)

This was caught by the test expectation on the following line:
  file:///Users/lute/project/momcozy-lab/app/test/features/onboarding/onboarding_design_test.dart line 78
The test description was:
  onboarding avatar required at 390.0 / 1.0
════════════════════════════════════════════════════════════════════════════════════════════════════
00:04 +58 -9: /Users/lute/project/momcozy-lab/app/test/features/onboarding/onboarding_design_test.dart: onboarding avatar required at 390.0 / 1.0 [E]
  Test failed. See exception logs above.
  The test description was: onboarding avatar required at 390.0 / 1.0
  
00:04 +58 -9: /Users/lute/project/momcozy-lab/app/test/features/onboarding/onboarding_design_test.dart: onboarding avatar generating at 390.0 / 1.0
══╡ EXCEPTION CAUGHT BY FLUTTER TEST FRAMEWORK ╞════════════════════════════════════════════════════
The following TestFailure was thrown running a test:
Expected: null
  Actual: FlutterError:<Golden "../../goldens/design_system/onboarding-generating-390.png": Pixel
test failed, 15.84%, 52140px diff detected.
          Failure feedback can be found at
/Users/lute/project/momcozy-lab/app/test/features/onboarding/failures>

When the exception was thrown, this was the stack:
#4      main.<anonymous closure> (file:///Users/lute/project/momcozy-lab/app/test/features/onboarding/onboarding_design_test.dart:397:13)
<asynchronous suspension>
#5      testWidgets.<anonymous closure>.<anonymous closure> (package:flutter_test/src/widget_tester.dart:192:15)
<asynchronous suspension>
#6      TestWidgetsFlutterBinding._runTestBody (package:flutter_test/src/binding.dart:1952:5)
<asynchronous suspension>
<asynchronous suspension>
(elided one frame from package:stack_trace)

This was caught by the test expectation on the following line:
  file:///Users/lute/project/momcozy-lab/app/test/features/onboarding/onboarding_design_test.dart line 397
The test description was:
  onboarding avatar generating at 390.0 / 1.0
════════════════════════════════════════════════════════════════════════════════════════════════════
00:04 +58 -10: /Users/lute/project/momcozy-lab/app/test/features/onboarding/onboarding_design_test.dart: onboarding avatar generating at 390.0 / 1.0 [E]
  Test failed. See exception logs above.
  The test description was: onboarding avatar generating at 390.0 / 1.0
  
00:04 +58 -10: /Users/lute/project/momcozy-lab/app/test/features/onboarding/onboarding_design_test.dart: onboarding avatar review at 390.0 / 1.0
══╡ EXCEPTION CAUGHT BY FLUTTER TEST FRAMEWORK ╞════════════════════════════════════════════════════
The following TestFailure was thrown running a test:
Expected: null
  Actual: FlutterError:<Golden "../../goldens/design_system/onboarding-review-390.png": Pixel test
failed, 12.77%, 42036px diff detected.
          Failure feedback can be found at
/Users/lute/project/momcozy-lab/app/test/features/onboarding/failures>

When the exception was thrown, this was the stack:
#4      main.tap (file:///Users/lute/project/momcozy-lab/app/test/features/onboarding/onboarding_design_test.dart:78:9)
<asynchronous suspension>
#5      main.<anonymous closure> (file:///Users/lute/project/momcozy-lab/app/test/features/onboarding/onboarding_design_test.dart:375:13)
<asynchronous suspension>
#6      testWidgets.<anonymous closure>.<anonymous closure> (package:flutter_test/src/widget_tester.dart:192:15)
<asynchronous suspension>
#7      TestWidgetsFlutterBinding._runTestBody (package:flutter_test/src/binding.dart:1952:5)
<asynchronous suspension>
<asynchronous suspension>
(elided one frame from package:stack_trace)

This was caught by the test expectation on the following line:
  file:///Users/lute/project/momcozy-lab/app/test/features/onboarding/onboarding_design_test.dart line 78
The test description was:
  onboarding avatar review at 390.0 / 1.0
════════════════════════════════════════════════════════════════════════════════════════════════════
00:04 +58 -11: /Users/lute/project/momcozy-lab/app/test/features/onboarding/onboarding_design_test.dart: onboarding avatar review at 390.0 / 1.0 [E]
  Test failed. See exception logs above.
  The test description was: onboarding avatar review at 390.0 / 1.0
  
00:04 +58 -11: /Users/lute/project/momcozy-lab/app/test/features/onboarding/onboarding_design_test.dart: onboarding avatar failed at 390.0 / 1.0
══╡ EXCEPTION CAUGHT BY FLUTTER TEST FRAMEWORK ╞════════════════════════════════════════════════════
The following TestFailure was thrown running a test:
Expected: null
  Actual: FlutterError:<Golden "../../goldens/design_system/onboarding-failed-390.png": Pixel test
failed, 9.15%, 30120px diff detected.
          Failure feedback can be found at
/Users/lute/project/momcozy-lab/app/test/features/onboarding/failures>

When the exception was thrown, this was the stack:
#4      main.tap (file:///Users/lute/project/momcozy-lab/app/test/features/onboarding/onboarding_design_test.dart:78:9)
<asynchronous suspension>
#5      main.<anonymous closure> (file:///Users/lute/project/momcozy-lab/app/test/features/onboarding/onboarding_design_test.dart:367:13)
<asynchronous suspension>
#6      testWidgets.<anonymous closure>.<anonymous closure> (package:flutter_test/src/widget_tester.dart:192:15)
<asynchronous suspension>
#7      TestWidgetsFlutterBinding._runTestBody (package:flutter_test/src/binding.dart:1952:5)
<asynchronous suspension>
<asynchronous suspension>
(elided one frame from package:stack_trace)

This was caught by the test expectation on the following line:
  file:///Users/lute/project/momcozy-lab/app/test/features/onboarding/onboarding_design_test.dart line 78
The test description was:
  onboarding avatar failed at 390.0 / 1.0
════════════════════════════════════════════════════════════════════════════════════════════════════
00:04 +58 -12: /Users/lute/project/momcozy-lab/app/test/features/onboarding/onboarding_design_test.dart: onboarding avatar failed at 390.0 / 1.0 [E]
  Test failed. See exception logs above.
  The test description was: onboarding avatar failed at 390.0 / 1.0
  
00:04 +58 -12: /Users/lute/project/momcozy-lab/app/test/features/onboarding/onboarding_design_test.dart: onboarding profile forms at 390.0 / 2.0
00:04 +59 -12: /Users/lute/project/momcozy-lab/app/test/features/onboarding/onboarding_design_test.dart: onboarding load failure retries at 390.0 / 2.0
00:04 +60 -12: /Users/lute/project/momcozy-lab/app/test/features/onboarding/onboarding_design_test.dart: avatar task banners at 390.0 / 2.0
00:04 +61 -12: /Users/lute/project/momcozy-lab/app/test/features/onboarding/onboarding_design_test.dart: avatar photo failure and default confirmation at 390.0 / 2.0
00:04 +62 -12: /Users/lute/project/momcozy-lab/app/test/features/onboarding/onboarding_design_test.dart: onboarding avatar required at 390.0 / 2.0
00:05 +63 -12: /Users/lute/project/momcozy-lab/app/test/features/onboarding/onboarding_design_test.dart: onboarding avatar generating at 390.0 / 2.0
00:05 +64 -12: /Users/lute/project/momcozy-lab/app/test/features/onboarding/onboarding_design_test.dart: onboarding avatar review at 390.0 / 2.0
00:05 +65 -12: /Users/lute/project/momcozy-lab/app/test/features/onboarding/onboarding_design_test.dart: onboarding avatar failed at 390.0 / 2.0
00:05 +66 -12: /Users/lute/project/momcozy-lab/app/test/features/onboarding/onboarding_design_test.dart: onboarding profile forms at 430.0 / 1.0
══╡ EXCEPTION CAUGHT BY FLUTTER TEST FRAMEWORK ╞════════════════════════════════════════════════════
The following TestFailure was thrown running a test:
Expected: null
  Actual: FlutterError:<Golden "../../goldens/design_system/onboarding-basics-430.png": Pixel test
failed, 2.94%, 10674px diff detected.
          Failure feedback can be found at
/Users/lute/project/momcozy-lab/app/test/features/onboarding/failures>

When the exception was thrown, this was the stack:
#4      main.tap (file:///Users/lute/project/momcozy-lab/app/test/features/onboarding/onboarding_design_test.dart:78:9)
<asynchronous suspension>
#5      main.<anonymous closure> (file:///Users/lute/project/momcozy-lab/app/test/features/onboarding/onboarding_design_test.dart:101:9)
<asynchronous suspension>
#6      testWidgets.<anonymous closure>.<anonymous closure> (package:flutter_test/src/widget_tester.dart:192:15)
<asynchronous suspension>
#7      TestWidgetsFlutterBinding._runTestBody (package:flutter_test/src/binding.dart:1952:5)
<asynchronous suspension>
<asynchronous suspension>
(elided one frame from package:stack_trace)

This was caught by the test expectation on the following line:
  file:///Users/lute/project/momcozy-lab/app/test/features/onboarding/onboarding_design_test.dart line 78
The test description was:
  onboarding profile forms at 430.0 / 1.0
════════════════════════════════════════════════════════════════════════════════════════════════════
00:05 +66 -13: /Users/lute/project/momcozy-lab/app/test/features/onboarding/onboarding_design_test.dart: onboarding profile forms at 430.0 / 1.0 [E]
  Test failed. See exception logs above.
  The test description was: onboarding profile forms at 430.0 / 1.0
  
00:05 +66 -13: /Users/lute/project/momcozy-lab/app/test/features/onboarding/onboarding_design_test.dart: onboarding load failure retries at 430.0 / 1.0
00:05 +67 -13: /Users/lute/project/momcozy-lab/app/test/features/onboarding/onboarding_design_test.dart: avatar task banners at 430.0 / 1.0
00:05 +68 -13: /Users/lute/project/momcozy-lab/app/test/features/onboarding/onboarding_design_test.dart: avatar photo failure and default confirmation at 430.0 / 1.0
══╡ EXCEPTION CAUGHT BY FLUTTER TEST FRAMEWORK ╞════════════════════════════════════════════════════
The following TestFailure was thrown running a test:
Expected: null
  Actual: FlutterError:<Golden "../../goldens/design_system/onboarding-photo-error-430.png": Pixel
test failed, 8.22%, 29843px diff detected.
          Failure feedback can be found at
/Users/lute/project/momcozy-lab/app/test/features/onboarding/failures>

When the exception was thrown, this was the stack:
#4      main.tap (file:///Users/lute/project/momcozy-lab/app/test/features/onboarding/onboarding_design_test.dart:78:9)
<asynchronous suspension>
#5      main.<anonymous closure> (file:///Users/lute/project/momcozy-lab/app/test/features/onboarding/onboarding_design_test.dart:328:11)
<asynchronous suspension>
#6      testWidgets.<anonymous closure>.<anonymous closure> (package:flutter_test/src/widget_tester.dart:192:15)
<asynchronous suspension>
#7      TestWidgetsFlutterBinding._runTestBody (package:flutter_test/src/binding.dart:1952:5)
<asynchronous suspension>
<asynchronous suspension>
(elided one frame from package:stack_trace)

This was caught by the test expectation on the following line:
  file:///Users/lute/project/momcozy-lab/app/test/features/onboarding/onboarding_design_test.dart line 78
The test description was:
  avatar photo failure and default confirmation at 430.0 / 1.0
════════════════════════════════════════════════════════════════════════════════════════════════════
00:05 +68 -14: /Users/lute/project/momcozy-lab/app/test/features/onboarding/onboarding_design_test.dart: avatar photo failure and default confirmation at 430.0 / 1.0 [E]
  Test failed. See exception logs above.
  The test description was: avatar photo failure and default confirmation at 430.0 / 1.0
  
00:05 +68 -14: /Users/lute/project/momcozy-lab/app/test/features/onboarding/onboarding_design_test.dart: onboarding avatar required at 430.0 / 1.0
══╡ EXCEPTION CAUGHT BY FLUTTER TEST FRAMEWORK ╞════════════════════════════════════════════════════
The following TestFailure was thrown running a test:
Expected: null
  Actual: FlutterError:<Golden "../../goldens/design_system/onboarding-required-430.png": Pixel test
failed, 7.05%, 25604px diff detected.
          Failure feedback can be found at
/Users/lute/project/momcozy-lab/app/test/features/onboarding/failures>

When the exception was thrown, this was the stack:
#4      main.tap (file:///Users/lute/project/momcozy-lab/app/test/features/onboarding/onboarding_design_test.dart:78:9)
<asynchronous suspension>
#5      main.<anonymous closure> (file:///Users/lute/project/momcozy-lab/app/test/features/onboarding/onboarding_design_test.dart:367:13)
<asynchronous suspension>
#6      testWidgets.<anonymous closure>.<anonymous closure> (package:flutter_test/src/widget_tester.dart:192:15)
<asynchronous suspension>
#7      TestWidgetsFlutterBinding._runTestBody (package:flutter_test/src/binding.dart:1952:5)
<asynchronous suspension>
<asynchronous suspension>
(elided one frame from package:stack_trace)

This was caught by the test expectation on the following line:
  file:///Users/lute/project/momcozy-lab/app/test/features/onboarding/onboarding_design_test.dart line 78
The test description was:
  onboarding avatar required at 430.0 / 1.0
════════════════════════════════════════════════════════════════════════════════════════════════════
00:05 +68 -15: /Users/lute/project/momcozy-lab/app/test/features/onboarding/onboarding_design_test.dart: onboarding avatar required at 430.0 / 1.0 [E]
  Test failed. See exception logs above.
  The test description was: onboarding avatar required at 430.0 / 1.0
  
00:05 +68 -15: /Users/lute/project/momcozy-lab/app/test/features/onboarding/onboarding_design_test.dart: onboarding avatar generating at 430.0 / 1.0
══╡ EXCEPTION CAUGHT BY FLUTTER TEST FRAMEWORK ╞════════════════════════════════════════════════════
The following TestFailure was thrown running a test:
Expected: null
  Actual: FlutterError:<Golden "../../goldens/design_system/onboarding-generating-430.png": Pixel
test failed, 14.10%, 51188px diff detected.
          Failure feedback can be found at
/Users/lute/project/momcozy-lab/app/test/features/onboarding/failures>

When the exception was thrown, this was the stack:
#4      main.<anonymous closure> (file:///Users/lute/project/momcozy-lab/app/test/features/onboarding/onboarding_design_test.dart:397:13)
<asynchronous suspension>
#5      testWidgets.<anonymous closure>.<anonymous closure> (package:flutter_test/src/widget_tester.dart:192:15)
<asynchronous suspension>
#6      TestWidgetsFlutterBinding._runTestBody (package:flutter_test/src/binding.dart:1952:5)
<asynchronous suspension>
<asynchronous suspension>
(elided one frame from package:stack_trace)

This was caught by the test expectation on the following line:
  file:///Users/lute/project/momcozy-lab/app/test/features/onboarding/onboarding_design_test.dart line 397
The test description was:
  onboarding avatar generating at 430.0 / 1.0
════════════════════════════════════════════════════════════════════════════════════════════════════
00:05 +68 -16: /Users/lute/project/momcozy-lab/app/test/features/onboarding/onboarding_design_test.dart: onboarding avatar generating at 430.0 / 1.0 [E]
  Test failed. See exception logs above.
  The test description was: onboarding avatar generating at 430.0 / 1.0
  
00:05 +68 -16: /Users/lute/project/momcozy-lab/app/test/features/onboarding/onboarding_design_test.dart: onboarding avatar review at 430.0 / 1.0
══╡ EXCEPTION CAUGHT BY FLUTTER TEST FRAMEWORK ╞════════════════════════════════════════════════════
The following TestFailure was thrown running a test:
Expected: null
  Actual: FlutterError:<Golden "../../goldens/design_system/onboarding-review-430.png": Pixel test
failed, 12.78%, 46379px diff detected.
          Failure feedback can be found at
/Users/lute/project/momcozy-lab/app/test/features/onboarding/failures>

When the exception was thrown, this was the stack:
#4      main.tap (file:///Users/lute/project/momcozy-lab/app/test/features/onboarding/onboarding_design_test.dart:78:9)
<asynchronous suspension>
#5      main.<anonymous closure> (file:///Users/lute/project/momcozy-lab/app/test/features/onboarding/onboarding_design_test.dart:375:13)
<asynchronous suspension>
#6      testWidgets.<anonymous closure>.<anonymous closure> (package:flutter_test/src/widget_tester.dart:192:15)
<asynchronous suspension>
#7      TestWidgetsFlutterBinding._runTestBody (package:flutter_test/src/binding.dart:1952:5)
<asynchronous suspension>
<asynchronous suspension>
(elided one frame from package:stack_trace)

This was caught by the test expectation on the following line:
  file:///Users/lute/project/momcozy-lab/app/test/features/onboarding/onboarding_design_test.dart line 78
The test description was:
  onboarding avatar review at 430.0 / 1.0
════════════════════════════════════════════════════════════════════════════════════════════════════
00:05 +68 -17: /Users/lute/project/momcozy-lab/app/test/features/onboarding/onboarding_design_test.dart: onboarding avatar review at 430.0 / 1.0 [E]
  Test failed. See exception logs above.
  The test description was: onboarding avatar review at 430.0 / 1.0
  
00:05 +68 -17: /Users/lute/project/momcozy-lab/app/test/features/onboarding/onboarding_design_test.dart: onboarding avatar failed at 430.0 / 1.0
══╡ EXCEPTION CAUGHT BY FLUTTER TEST FRAMEWORK ╞════════════════════════════════════════════════════
The following TestFailure was thrown running a test:
Expected: null
  Actual: FlutterError:<Golden "../../goldens/design_system/onboarding-failed-430.png": Pixel test
failed, 7.69%, 27909px diff detected.
          Failure feedback can be found at
/Users/lute/project/momcozy-lab/app/test/features/onboarding/failures>

When the exception was thrown, this was the stack:
#4      main.tap (file:///Users/lute/project/momcozy-lab/app/test/features/onboarding/onboarding_design_test.dart:78:9)
<asynchronous suspension>
#5      main.<anonymous closure> (file:///Users/lute/project/momcozy-lab/app/test/features/onboarding/onboarding_design_test.dart:367:13)
<asynchronous suspension>
#6      testWidgets.<anonymous closure>.<anonymous closure> (package:flutter_test/src/widget_tester.dart:192:15)
<asynchronous suspension>
#7      TestWidgetsFlutterBinding._runTestBody (package:flutter_test/src/binding.dart:1952:5)
<asynchronous suspension>
<asynchronous suspension>
(elided one frame from package:stack_trace)

This was caught by the test expectation on the following line:
  file:///Users/lute/project/momcozy-lab/app/test/features/onboarding/onboarding_design_test.dart line 78
The test description was:
  onboarding avatar failed at 430.0 / 1.0
════════════════════════════════════════════════════════════════════════════════════════════════════
00:05 +68 -18: /Users/lute/project/momcozy-lab/app/test/features/onboarding/onboarding_design_test.dart: onboarding avatar failed at 430.0 / 1.0 [E]
  Test failed. See exception logs above.
  The test description was: onboarding avatar failed at 430.0 / 1.0
  
00:05 +68 -18: /Users/lute/project/momcozy-lab/app/test/features/onboarding/onboarding_design_test.dart: onboarding profile forms at 430.0 / 2.0
00:05 +69 -18: /Users/lute/project/momcozy-lab/app/test/features/onboarding/onboarding_design_test.dart: onboarding load failure retries at 430.0 / 2.0
00:05 +70 -18: /Users/lute/project/momcozy-lab/app/test/features/onboarding/onboarding_design_test.dart: avatar task banners at 430.0 / 2.0
00:05 +71 -18: /Users/lute/project/momcozy-lab/app/test/features/onboarding/onboarding_design_test.dart: avatar photo failure and default confirmation at 430.0 / 2.0
00:05 +72 -18: /Users/lute/project/momcozy-lab/app/test/features/onboarding/onboarding_design_test.dart: onboarding avatar required at 430.0 / 2.0
00:05 +73 -18: /Users/lute/project/momcozy-lab/app/test/features/onboarding/onboarding_design_test.dart: onboarding avatar generating at 430.0 / 2.0
00:05 +74 -18: /Users/lute/project/momcozy-lab/app/test/features/onboarding/onboarding_design_test.dart: onboarding avatar review at 430.0 / 2.0
00:05 +75 -18: /Users/lute/project/momcozy-lab/app/test/features/onboarding/onboarding_design_test.dart: onboarding avatar failed at 430.0 / 2.0
00:06 +76 -18: /Users/lute/project/momcozy-lab/app/test/features/onboarding/onboarding_design_test.dart: (tearDownAll)
00:06 +76 -18: Some tests failed.

Failing tests:
  /Users/lute/project/momcozy-lab/app/test/features/onboarding/onboarding_design_test.dart: avatar photo failure and default confirmation at 320.0 / 1.0
  /Users/lute/project/momcozy-lab/app/test/features/onboarding/onboarding_design_test.dart: avatar photo failure and default confirmation at 390.0 / 1.0
  /Users/lute/project/momcozy-lab/app/test/features/onboarding/onboarding_design_test.dart: avatar photo failure and default confirmation at 430.0 / 1.0
  /Users/lute/project/momcozy-lab/app/test/features/onboarding/onboarding_design_test.dart: onboarding avatar failed at 320.0 / 1.0
  ... and 14 more
