Resolving dependencies...
Downloading packages...
  archive 4.0.9 (4.2.0 available)
  clock 1.1.2 (1.1.3 available)
  code_assets 1.2.1 (2.0.0 available)
  cross_file 0.3.5+4 (0.3.5+5 available)
  dart_webrtc 1.8.1 (1.8.2 available)
  file_selector_android 0.5.2+8 (0.5.2+10 available)
  file_selector_ios 0.5.3+5 (0.5.3+6 available)
  file_selector_linux 0.9.4 (0.9.4+1 available)
  file_selector_macos 0.9.5 (0.9.5+1 available)
  file_selector_windows 0.9.3+5 (0.9.3+6 available)
  flutter_markdown_plus 1.0.11 (1.0.12 available)
  flutter_secure_storage 10.3.1 (11.1.0 available)
  flutter_secure_storage_darwin 0.3.2 (0.4.1 available)
  flutter_secure_storage_linux 3.0.1 (3.0.2 available)
  flutter_secure_storage_platform_interface 2.0.1 (2.1.0 available)
  flutter_webrtc 1.6.0 (1.6.2+hotfix.1 available)
  go_router 17.3.0 (18.0.1 available)
  hooks 2.0.2 (2.2.0 available)
  html 0.15.6 (0.15.7 available)
  image 4.9.1 (4.9.2 available)
  image_picker_android 0.8.13+19 (0.8.13+22 available)
  image_picker_ios 0.8.13+6 (0.8.13+7 available)
  intl 0.20.2 (0.20.3 available)
  jni 1.0.0 (1.0.3 available)
  jni_flutter 1.0.1 (1.0.3 available)
  logger 2.7.0 (2.8.0 available)
  matcher 0.12.19 (0.12.20 available)
  material_color_utilities 0.13.0 (0.13.1 available)
  meta 1.18.0 (1.19.0 available)
  mime 2.0.0 (2.1.0 available)
  objective_c 9.4.1 (9.6.0 available)
  package_config 2.2.0 (3.0.0 available)
  pdfium_dart 0.1.3 (0.3.0 available)
  pdfium_flutter 0.1.9 (0.3.0 available)
  pdfrx 2.2.24 (2.6.1 available)
  pdfrx_engine 0.3.9 (0.6.0 available)
  platform 3.1.6 (3.2.0 available)
  posix 6.5.0 (6.5.2 available)
  process 5.0.5 (5.0.6 available)
  pub_semver 2.2.0 (2.2.1 available)
  record_use 0.6.0 (1.1.1 available)
  share_plus 13.2.0 (13.3.0 available)
  share_plus_platform_interface 7.1.0 (7.2.0 available)
  stack_trace 1.12.1 (1.12.2 available)
  synchronized 3.4.1 (3.4.2 available)
  test_api 0.7.11 (0.7.14 available)
  url_launcher_android 6.3.32 (6.3.33 available)
  url_launcher_ios 6.4.1 (6.4.2 available)
  url_launcher_linux 3.2.2 (3.2.3 available)
  url_launcher_macos 3.2.5 (3.2.6 available)
  url_launcher_windows 3.1.5 (3.1.6 available)
  uuid 4.5.3 (4.6.0 available)
  vector_math 2.2.0 (2.4.2 available)
  video_player 2.11.1 (2.14.0 available)
  video_player_android 2.10.0 (2.12.2 available)
  video_player_avfoundation 2.10.0 (2.12.0 available)
  vm_service 15.2.0 (15.3.0 available)
  webdriver 3.1.0 (3.2.0 available)
  win32 6.3.0 (6.4.0 available)
  yaml 3.1.3 (3.1.4 available)
Got dependencies!
60 packages have newer versions incompatible with dependency constraints.
Try `flutter pub outdated` for more information.
00:00 +0: loading /Users/lute/project/momcozy-lab/app/test/features/onboarding/avatar_task_controller_test.dart
00:00 +0: /Users/lute/project/momcozy-lab/app/test/features/onboarding/onboarding_release_reset_test.dart: pending release reset runs before onboarding state is loaded
00:00 +1: /Users/lute/project/momcozy-lab/app/test/features/onboarding/onboarding_release_reset_test.dart: cloud reset failure blocks onboarding state and app entry
00:00 +2: /Users/lute/project/momcozy-lab/app/test/features/onboarding/onboarding_release_reset_test.dart: completed onboarding marks the current release for that user
00:00 +3: /Users/lute/project/momcozy-lab/app/test/features/onboarding/onboarding_release_reset_test.dart: accepted avatar generation marks onboarding release complete
00:00 +4: /Users/lute/project/momcozy-lab/app/test/features/onboarding/onboarding_api_repository_test.dart: requests an idempotent cloud reset for the current release
00:00 +5: /Users/lute/project/momcozy-lab/app/test/features/onboarding/onboarding_api_repository_test.dart: requests an idempotent cloud reset for the current release
00:00 +6: /Users/lute/project/momcozy-lab/app/test/features/onboarding/onboarding_api_repository_test.dart: maps required onboarding state
00:00 +7: /Users/lute/project/momcozy-lab/app/test/features/onboarding/onboarding_api_repository_test.dart: preserves the avatar worker phase for truthful progress UI
00:00 +8: /Users/lute/project/momcozy-lab/app/test/features/onboarding/onboarding_api_repository_test.dart: serializes one shared postpartum delivery and infant set
00:00 +9: /Users/lute/project/momcozy-lab/app/test/features/onboarding/onboarding_api_repository_test.dart: uploads portrait to dedicated endpoint before generation
00:00 +10: /Users/lute/project/momcozy-lab/app/test/features/onboarding/onboarding_api_repository_test.dart: maps four avatar candidates and completes with one candidate
00:00 +11: /Users/lute/project/momcozy-lab/app/test/features/onboarding/onboarding_api_repository_test.dart: completes with the explicit MomCozy default selection
00:00 +12: /Users/lute/project/momcozy-lab/app/test/features/onboarding/onboarding_api_repository_test.dart: dismisses a pending replacement without changing the active avatar
00:00 +13: /Users/lute/project/momcozy-lab/app/test/features/onboarding/avatar_task_controller_test.dart: global avatar task restores, reaches review, and clears after selection
00:00 +14: /Users/lute/project/momcozy-lab/app/test/features/onboarding/onboarding_handoff_test.dart: accepted avatar task explains the wait before entering the app
00:00 +15: /Users/lute/project/momcozy-lab/app/test/features/onboarding/onboarding_handoff_test.dart: accepted avatar task explains the wait before entering the app
00:00 +16: /Users/lute/project/momcozy-lab/app/test/features/onboarding/onboarding_handoff_test.dart: accepted avatar task explains the wait before entering the app
00:00 +17: /Users/lute/project/momcozy-lab/app/test/features/onboarding/onboarding_handoff_test.dart: accepted avatar task explains the wait before entering the app
00:00 +18: /Users/lute/project/momcozy-lab/app/test/features/onboarding/onboarding_handoff_test.dart: accepted avatar task explains the wait before entering the app
00:00 +19: /Users/lute/project/momcozy-lab/app/test/features/onboarding/onboarding_reading_test.dart: onboarding reading 320.0/1.0
00:00 +20: /Users/lute/project/momcozy-lab/app/test/features/onboarding/onboarding_route_test.dart: postpartum path collects delivery and one shared infant set
00:01 +21: /Users/lute/project/momcozy-lab/app/test/features/onboarding/onboarding_route_test.dart: postpartum path collects delivery and one shared infant set
00:01 +22: /Users/lute/project/momcozy-lab/app/test/features/onboarding/onboarding_route_test.dart: postpartum path collects delivery and one shared infant set
00:01 +23: /Users/lute/project/momcozy-lab/app/test/features/onboarding/onboarding_route_test.dart: postpartum path collects delivery and one shared infant set
00:01 +24: /Users/lute/project/momcozy-lab/app/test/features/onboarding/onboarding_route_test.dart: postpartum path collects delivery and one shared infant set
00:01 +25: /Users/lute/project/momcozy-lab/app/test/features/onboarding/onboarding_route_test.dart: postpartum path collects delivery and one shared infant set
00:01 +26: /Users/lute/project/momcozy-lab/app/test/features/onboarding/onboarding_route_test.dart: postpartum path collects delivery and one shared infant set
00:01 +27: /Users/lute/project/momcozy-lab/app/test/features/onboarding/onboarding_route_test.dart: postpartum path collects delivery and one shared infant set
00:01 +28: /Users/lute/project/momcozy-lab/app/test/features/onboarding/onboarding_route_test.dart: postpartum path collects delivery and one shared infant set
00:01 +29: /Users/lute/project/momcozy-lab/app/test/features/onboarding/onboarding_route_test.dart: postpartum path collects delivery and one shared infant set
00:01 +30: /Users/lute/project/momcozy-lab/app/test/features/onboarding/onboarding_capability_gate_test.dart: default app startup bypasses the unsupported onboarding gate
00:01 +31: /Users/lute/project/momcozy-lab/app/test/features/onboarding/onboarding_capability_gate_test.dart: default app startup bypasses the unsupported onboarding gate
00:01 +32: /Users/lute/project/momcozy-lab/app/test/features/onboarding/onboarding_capability_gate_test.dart: default app startup bypasses the unsupported onboarding gate
00:01 +33: /Users/lute/project/momcozy-lab/app/test/features/onboarding/onboarding_capability_gate_test.dart: default app startup bypasses the unsupported onboarding gate
00:01 +34: /Users/lute/project/momcozy-lab/app/test/features/onboarding/onboarding_capability_gate_test.dart: default app startup bypasses the unsupported onboarding gate
00:01 +35: /Users/lute/project/momcozy-lab/app/test/features/onboarding/onboarding_capability_gate_test.dart: default app startup bypasses the unsupported onboarding gate
00:01 +36: /Users/lute/project/momcozy-lab/app/test/features/onboarding/onboarding_design_test.dart: onboarding profile forms at 320.0 / 1.0
00:01 +37: /Users/lute/project/momcozy-lab/app/test/features/onboarding/onboarding_design_test.dart: onboarding profile forms at 320.0 / 1.0
00:01 +38: /Users/lute/project/momcozy-lab/app/test/features/onboarding/onboarding_design_test.dart: onboarding profile forms at 320.0 / 1.0
00:01 +39: /Users/lute/project/momcozy-lab/app/test/features/onboarding/onboarding_design_test.dart: onboarding profile forms at 320.0 / 1.0
00:01 +40: /Users/lute/project/momcozy-lab/app/test/features/onboarding/onboarding_design_test.dart: onboarding profile forms at 320.0 / 1.0
00:01 +41: /Users/lute/project/momcozy-lab/app/test/features/onboarding/onboarding_design_test.dart: onboarding profile forms at 320.0 / 1.0
00:02 +42: /Users/lute/project/momcozy-lab/app/test/features/onboarding/onboarding_design_test.dart: onboarding profile forms at 320.0 / 1.0
00:02 +43: /Users/lute/project/momcozy-lab/app/test/features/onboarding/onboarding_design_test.dart: onboarding profile forms at 320.0 / 1.0
00:02 +44: /Users/lute/project/momcozy-lab/app/test/features/onboarding/onboarding_capability_gate_test.dart: default /me requests no missing Product resource path
00:02 +45: /Users/lute/project/momcozy-lab/app/test/features/onboarding/onboarding_design_test.dart: onboarding load failure retries at 320.0 / 1.0
00:02 +46: /Users/lute/project/momcozy-lab/app/test/features/onboarding/onboarding_design_test.dart: onboarding load failure retries at 320.0 / 1.0
00:02 +47: /Users/lute/project/momcozy-lab/app/test/features/onboarding/onboarding_design_test.dart: onboarding load failure retries at 320.0 / 1.0
00:02 +48: /Users/lute/project/momcozy-lab/app/test/features/onboarding/onboarding_design_test.dart: avatar task banners at 320.0 / 1.0
00:02 +49: /Users/lute/project/momcozy-lab/app/test/features/onboarding/onboarding_design_test.dart: avatar photo failure and default confirmation at 320.0 / 1.0
00:02 +50: /Users/lute/project/momcozy-lab/app/test/features/onboarding/onboarding_design_test.dart: onboarding avatar required at 320.0 / 1.0
00:02 +51: /Users/lute/project/momcozy-lab/app/test/features/onboarding/onboarding_design_test.dart: onboarding avatar generating at 320.0 / 1.0
00:02 +52: /Users/lute/project/momcozy-lab/app/test/features/onboarding/onboarding_design_test.dart: onboarding avatar review at 320.0 / 1.0
00:02 +53: /Users/lute/project/momcozy-lab/app/test/features/onboarding/onboarding_design_test.dart: onboarding avatar failed at 320.0 / 1.0
00:02 +54: /Users/lute/project/momcozy-lab/app/test/features/onboarding/onboarding_design_test.dart: onboarding profile forms at 320.0 / 2.0
00:02 +55: /Users/lute/project/momcozy-lab/app/test/features/onboarding/onboarding_design_test.dart: onboarding load failure retries at 320.0 / 2.0
00:02 +56: /Users/lute/project/momcozy-lab/app/test/features/onboarding/onboarding_design_test.dart: avatar task banners at 320.0 / 2.0
00:02 +57: /Users/lute/project/momcozy-lab/app/test/features/onboarding/onboarding_design_test.dart: avatar photo failure and default confirmation at 320.0 / 2.0
00:02 +58: /Users/lute/project/momcozy-lab/app/test/features/onboarding/onboarding_design_test.dart: onboarding avatar required at 320.0 / 2.0
00:02 +59: /Users/lute/project/momcozy-lab/app/test/features/onboarding/onboarding_design_test.dart: onboarding avatar generating at 320.0 / 2.0
00:02 +60: /Users/lute/project/momcozy-lab/app/test/features/onboarding/onboarding_design_test.dart: onboarding avatar review at 320.0 / 2.0
00:03 +61: /Users/lute/project/momcozy-lab/app/test/features/onboarding/onboarding_design_test.dart: onboarding avatar failed at 320.0 / 2.0
00:03 +62: /Users/lute/project/momcozy-lab/app/test/features/onboarding/onboarding_design_test.dart: onboarding profile forms at 390.0 / 1.0
00:03 +63: /Users/lute/project/momcozy-lab/app/test/features/onboarding/onboarding_design_test.dart: onboarding load failure retries at 390.0 / 1.0
00:03 +64: /Users/lute/project/momcozy-lab/app/test/features/onboarding/onboarding_design_test.dart: avatar task banners at 390.0 / 1.0
00:03 +65: /Users/lute/project/momcozy-lab/app/test/features/onboarding/onboarding_design_test.dart: avatar photo failure and default confirmation at 390.0 / 1.0
00:03 +66: /Users/lute/project/momcozy-lab/app/test/features/onboarding/onboarding_design_test.dart: onboarding avatar required at 390.0 / 1.0
00:03 +67: /Users/lute/project/momcozy-lab/app/test/features/onboarding/onboarding_design_test.dart: onboarding avatar generating at 390.0 / 1.0
00:03 +68: /Users/lute/project/momcozy-lab/app/test/features/onboarding/onboarding_design_test.dart: onboarding avatar review at 390.0 / 1.0
00:03 +69: /Users/lute/project/momcozy-lab/app/test/features/onboarding/onboarding_design_test.dart: onboarding avatar failed at 390.0 / 1.0
00:03 +70: /Users/lute/project/momcozy-lab/app/test/features/onboarding/onboarding_design_test.dart: onboarding profile forms at 390.0 / 2.0
00:03 +71: /Users/lute/project/momcozy-lab/app/test/features/onboarding/onboarding_design_test.dart: onboarding load failure retries at 390.0 / 2.0
00:03 +72: /Users/lute/project/momcozy-lab/app/test/features/onboarding/onboarding_design_test.dart: avatar task banners at 390.0 / 2.0
00:03 +73: /Users/lute/project/momcozy-lab/app/test/features/onboarding/onboarding_design_test.dart: avatar photo failure and default confirmation at 390.0 / 2.0
00:03 +74: /Users/lute/project/momcozy-lab/app/test/features/onboarding/onboarding_design_test.dart: onboarding avatar required at 390.0 / 2.0
00:03 +75: /Users/lute/project/momcozy-lab/app/test/features/onboarding/onboarding_design_test.dart: onboarding avatar generating at 390.0 / 2.0
00:03 +76: /Users/lute/project/momcozy-lab/app/test/features/onboarding/onboarding_design_test.dart: onboarding avatar review at 390.0 / 2.0
00:03 +77: /Users/lute/project/momcozy-lab/app/test/features/onboarding/onboarding_design_test.dart: onboarding avatar failed at 390.0 / 2.0
00:03 +78: /Users/lute/project/momcozy-lab/app/test/features/onboarding/onboarding_design_test.dart: onboarding profile forms at 430.0 / 1.0
00:04 +79: /Users/lute/project/momcozy-lab/app/test/features/onboarding/onboarding_design_test.dart: onboarding load failure retries at 430.0 / 1.0
00:04 +80: /Users/lute/project/momcozy-lab/app/test/features/onboarding/onboarding_design_test.dart: avatar task banners at 430.0 / 1.0
00:04 +81: /Users/lute/project/momcozy-lab/app/test/features/onboarding/onboarding_design_test.dart: avatar photo failure and default confirmation at 430.0 / 1.0
00:04 +82: /Users/lute/project/momcozy-lab/app/test/features/onboarding/onboarding_design_test.dart: onboarding avatar required at 430.0 / 1.0
00:04 +83: /Users/lute/project/momcozy-lab/app/test/features/onboarding/onboarding_design_test.dart: onboarding avatar generating at 430.0 / 1.0
00:04 +84: /Users/lute/project/momcozy-lab/app/test/features/onboarding/onboarding_design_test.dart: onboarding avatar review at 430.0 / 1.0
00:04 +85: /Users/lute/project/momcozy-lab/app/test/features/onboarding/onboarding_design_test.dart: onboarding avatar failed at 430.0 / 1.0
00:04 +86: /Users/lute/project/momcozy-lab/app/test/features/onboarding/onboarding_design_test.dart: onboarding profile forms at 430.0 / 2.0
00:04 +87: /Users/lute/project/momcozy-lab/app/test/features/onboarding/onboarding_design_test.dart: onboarding load failure retries at 430.0 / 2.0
00:04 +88: /Users/lute/project/momcozy-lab/app/test/features/onboarding/onboarding_design_test.dart: avatar task banners at 430.0 / 2.0
00:04 +89: /Users/lute/project/momcozy-lab/app/test/features/onboarding/onboarding_design_test.dart: avatar photo failure and default confirmation at 430.0 / 2.0
00:04 +90: /Users/lute/project/momcozy-lab/app/test/features/onboarding/onboarding_design_test.dart: onboarding avatar required at 430.0 / 2.0
00:04 +91: /Users/lute/project/momcozy-lab/app/test/features/onboarding/onboarding_design_test.dart: onboarding avatar generating at 430.0 / 2.0
00:04 +92: /Users/lute/project/momcozy-lab/app/test/features/onboarding/onboarding_design_test.dart: onboarding avatar review at 430.0 / 2.0
00:04 +93: /Users/lute/project/momcozy-lab/app/test/features/onboarding/onboarding_design_test.dart: onboarding avatar failed at 430.0 / 2.0
00:04 +94: /Users/lute/project/momcozy-lab/app/test/features/onboarding/onboarding_design_test.dart: (tearDownAll)
00:04 +94: All tests passed!
