Resolving dependencies...
Downloading packages...
  archive 4.0.9 (4.2.0 available)
  clock 1.1.2 (1.1.3 available)
  code_assets 1.2.1 (2.0.0 available)
  cross_file 0.3.5+4 (0.3.5+5 available)
  dart_webrtc 1.8.1 (1.8.2 available)
  file_selector_android 0.5.2+8 (0.5.2+10 available)
  file_selector_ios 0.5.3+5 (0.5.3+6 available)
  file_selector_linux 0.9.4 (0.9.4+1 available)
  file_selector_macos 0.9.5 (0.9.5+1 available)
  file_selector_windows 0.9.3+5 (0.9.3+6 available)
  flutter_markdown_plus 1.0.11 (1.0.12 available)
  flutter_secure_storage 10.3.1 (11.1.0 available)
  flutter_secure_storage_darwin 0.3.2 (0.4.1 available)
  flutter_secure_storage_linux 3.0.1 (3.0.2 available)
  flutter_secure_storage_platform_interface 2.0.1 (2.1.0 available)
  flutter_webrtc 1.6.0 (1.6.2+hotfix.1 available)
  go_router 17.3.0 (18.0.1 available)
  hooks 2.0.2 (2.2.0 available)
  html 0.15.6 (0.15.7 available)
  image 4.9.1 (4.9.2 available)
  image_picker_android 0.8.13+19 (0.8.13+22 available)
  image_picker_ios 0.8.13+6 (0.8.13+7 available)
  intl 0.20.2 (0.20.3 available)
  jni 1.0.0 (1.0.3 available)
  jni_flutter 1.0.1 (1.0.3 available)
  logger 2.7.0 (2.8.0 available)
  matcher 0.12.19 (0.12.20 available)
  material_color_utilities 0.13.0 (0.13.1 available)
  meta 1.18.0 (1.19.0 available)
  mime 2.0.0 (2.1.0 available)
  objective_c 9.4.1 (9.6.0 available)
  package_config 2.2.0 (3.0.0 available)
  pdfium_dart 0.1.3 (0.3.0 available)
  pdfium_flutter 0.1.9 (0.3.0 available)
  pdfrx 2.2.24 (2.6.1 available)
  pdfrx_engine 0.3.9 (0.6.0 available)
  platform 3.1.6 (3.2.0 available)
  posix 6.5.0 (6.5.2 available)
  process 5.0.5 (5.0.6 available)
  pub_semver 2.2.0 (2.2.1 available)
  record_use 0.6.0 (1.1.1 available)
  share_plus 13.2.0 (13.3.0 available)
  share_plus_platform_interface 7.1.0 (7.2.0 available)
  stack_trace 1.12.1 (1.12.2 available)
  synchronized 3.4.1 (3.4.2 available)
  test_api 0.7.11 (0.7.14 available)
  url_launcher_android 6.3.32 (6.3.33 available)
  url_launcher_ios 6.4.1 (6.4.2 available)
  url_launcher_linux 3.2.2 (3.2.3 available)
  url_launcher_macos 3.2.5 (3.2.6 available)
  url_launcher_windows 3.1.5 (3.1.6 available)
  uuid 4.5.3 (4.6.0 available)
  vector_math 2.2.0 (2.4.2 available)
  video_player 2.11.1 (2.14.0 available)
  video_player_android 2.10.0 (2.12.2 available)
  video_player_avfoundation 2.10.0 (2.12.0 available)
  vm_service 15.2.0 (15.3.0 available)
  webdriver 3.1.0 (3.2.0 available)
  win32 6.3.0 (6.4.0 available)
  yaml 3.1.3 (3.1.4 available)
Got dependencies!
60 packages have newer versions incompatible with dependency constraints.
Try `flutter pub outdated` for more information.
00:00 +0: loading /Users/lute/project/momcozy-lab/app/test/app/typography_design_test.dart
00:00 +0: /Users/lute/project/momcozy-lab/app/test/app/mom_navigation_test.dart: (setUpAll)
00:00 +0: /Users/lute/project/momcozy-lab/app/test/app/mom_navigation_test.dart: navigation reference at 320.0 with all selected states
00:00 +1: /Users/lute/project/momcozy-lab/app/test/app/mom_navigation_test.dart: navigation reference at 320.0 with all selected states
00:00 +2: /Users/lute/project/momcozy-lab/app/test/app/mom_navigation_test.dart: navigation reference at 320.0 with all selected states
00:00 +3: /Users/lute/project/momcozy-lab/app/test/app/mom_navigation_test.dart: navigation reference at 320.0 with all selected states
00:00 +4: /Users/lute/project/momcozy-lab/app/test/app/mom_navigation_test.dart: navigation reference at 320.0 with all selected states
00:00 +5: /Users/lute/project/momcozy-lab/app/test/app/mom_navigation_test.dart: navigation reference at 320.0 with all selected states
00:00 +6: /Users/lute/project/momcozy-lab/app/test/app/me_theme_test.dart: Me-themed form remains usable at 320.0 with large text and keyboard
00:00 +7: /Users/lute/project/momcozy-lab/app/test/app/typography_design_test.dart: title hierarchy at 320.0 / 1.0
00:00 +8: /Users/lute/project/momcozy-lab/app/test/app/typography_design_test.dart: title hierarchy at 320.0 / 1.0
00:00 +9: /Users/lute/project/momcozy-lab/app/test/app/typography_design_test.dart: title hierarchy at 320.0 / 1.0
00:00 +10: /Users/lute/project/momcozy-lab/app/test/app/typography_design_test.dart: title hierarchy at 320.0 / 1.0
00:00 +11: /Users/lute/project/momcozy-lab/app/test/app/typography_design_test.dart: title hierarchy at 320.0 / 1.0
00:00 +12: /Users/lute/project/momcozy-lab/app/test/app/typography_design_test.dart: title hierarchy at 320.0 / 1.0
00:00 +13: /Users/lute/project/momcozy-lab/app/test/app/not_found_design_test.dart: unknown route shows a recoverable page at 320.0/1.0
00:00 +14: /Users/lute/project/momcozy-lab/app/test/app/not_found_design_test.dart: unknown route shows a recoverable page at 320.0/1.0
00:01 +15: /Users/lute/project/momcozy-lab/app/test/app/not_found_design_test.dart: unknown route shows a recoverable page at 320.0/1.0
00:01 +16: /Users/lute/project/momcozy-lab/app/test/app/not_found_design_test.dart: unknown route shows a recoverable page at 320.0/1.0
00:01 +17: /Users/lute/project/momcozy-lab/app/test/app/not_found_design_test.dart: unknown route shows a recoverable page at 320.0/1.0
00:01 +18: /Users/lute/project/momcozy-lab/app/test/app/not_found_design_test.dart: unknown route shows a recoverable page at 320.0/1.0
00:01 +19: /Users/lute/project/momcozy-lab/app/test/app/more_design_test.dart: More navigation and privacy at 320.0 / 1.0
00:01 +20: /Users/lute/project/momcozy-lab/app/test/app/more_design_test.dart: More navigation and privacy at 320.0 / 1.0
00:01 +21: /Users/lute/project/momcozy-lab/app/test/app/more_design_test.dart: More navigation and privacy at 320.0 / 1.0
00:01 +22: /Users/lute/project/momcozy-lab/app/test/app/more_design_test.dart: More navigation and privacy at 320.0 / 1.0
00:01 +23: /Users/lute/project/momcozy-lab/app/test/app/more_design_test.dart: More navigation and privacy at 320.0 / 1.0
00:01 +24: /Users/lute/project/momcozy-lab/app/test/app/more_design_test.dart: More navigation and privacy at 320.0 / 1.0
00:01 +25: /Users/lute/project/momcozy-lab/app/test/app/more_design_test.dart: More navigation and privacy at 320.0 / 1.0
00:01 +26: /Users/lute/project/momcozy-lab/app/test/app/more_design_test.dart: More navigation and privacy at 320.0 / 1.0
00:01 +27: /Users/lute/project/momcozy-lab/app/test/app/more_design_test.dart: More navigation and privacy at 320.0 / 1.0
00:01 +28: /Users/lute/project/momcozy-lab/app/test/app/more_design_test.dart: More navigation and privacy at 320.0 / 1.0
00:01 +29: /Users/lute/project/momcozy-lab/app/test/app/more_design_test.dart: More navigation and privacy at 320.0 / 1.0
00:01 +30: /Users/lute/project/momcozy-lab/app/test/app/not_found_design_test.dart: unknown route shows a recoverable page at 430.0/1.0
00:01 +31: /Users/lute/project/momcozy-lab/app/test/app/not_found_design_test.dart: unknown route shows a recoverable page at 430.0/1.0
00:01 +32: /Users/lute/project/momcozy-lab/app/test/app/not_found_design_test.dart: unknown route shows a recoverable page at 430.0/1.0
00:01 +33: /Users/lute/project/momcozy-lab/app/test/app/not_found_design_test.dart: unknown route shows a recoverable page at 430.0/1.0
00:01 +34: /Users/lute/project/momcozy-lab/app/test/app/not_found_design_test.dart: unknown route shows a recoverable page at 430.0/1.0
00:01 +35: /Users/lute/project/momcozy-lab/app/test/app/not_found_design_test.dart: unknown route shows a recoverable page at 430.0/1.0
00:01 +36: /Users/lute/project/momcozy-lab/app/test/app/not_found_design_test.dart: unknown route shows a recoverable page at 430.0/1.0
00:01 +37: /Users/lute/project/momcozy-lab/app/test/app/not_found_design_test.dart: unknown route shows a recoverable page at 430.0/1.0
00:01 +38: /Users/lute/project/momcozy-lab/app/test/app/not_found_design_test.dart: unknown route shows a recoverable page at 430.0/1.0
00:01 +39: /Users/lute/project/momcozy-lab/app/test/app/more_design_test.dart: More navigation and privacy at 320.0 / 2.0
00:01 +40: /Users/lute/project/momcozy-lab/app/test/app/more_design_test.dart: More navigation and privacy at 320.0 / 2.0
00:01 +41: /Users/lute/project/momcozy-lab/app/test/app/status_card_accessibility_test.dart: mother and baby status cards expose a semantic tap action
00:01 +42: /Users/lute/project/momcozy-lab/app/test/app/status_card_accessibility_test.dart: mother and baby status cards expose a semantic tap action
00:01 +43: /Users/lute/project/momcozy-lab/app/test/app/status_card_accessibility_test.dart: mother and baby status cards expose a semantic tap action
00:01 +44: /Users/lute/project/momcozy-lab/app/test/app/status_card_accessibility_test.dart: mother and baby status cards expose a semantic tap action
00:01 +45: /Users/lute/project/momcozy-lab/app/test/app/status_card_accessibility_test.dart: mother and baby status cards expose a semantic tap action
00:01 +46: /Users/lute/project/momcozy-lab/app/test/app/status_card_accessibility_test.dart: mother and baby status cards expose a semantic tap action
00:01 +47: /Users/lute/project/momcozy-lab/app/test/app/status_card_accessibility_test.dart: mother and baby status cards expose a semantic tap action
00:01 +48: /Users/lute/project/momcozy-lab/app/test/app/status_card_accessibility_test.dart: mother and baby status cards expose a semantic tap action
00:01 +49: /Users/lute/project/momcozy-lab/app/test/app/status_card_accessibility_test.dart: mother and baby status cards expose a semantic tap action
00:01 +50: /Users/lute/project/momcozy-lab/app/test/app/status_card_accessibility_test.dart: mother and baby status cards expose a semantic tap action
00:02 +51: /Users/lute/project/momcozy-lab/app/test/app/status_card_accessibility_test.dart: mother and baby status cards expose a semantic tap action
00:02 +52: /Users/lute/project/momcozy-lab/app/test/app/more_design_test.dart: More navigation and privacy at 390.0 / 2.0
00:02 +53: /Users/lute/project/momcozy-lab/app/test/app/more_design_test.dart: More navigation and privacy at 430.0 / 1.0
00:02 +54: /Users/lute/project/momcozy-lab/app/test/app/more_design_test.dart: More navigation and privacy at 430.0 / 2.0
00:02 +55: /Users/lute/project/momcozy-lab/app/test/app/more_design_test.dart: (tearDownAll)
00:02 +55: /Users/lute/project/momcozy-lab/app/test/app/momcozy_design_system_test.dart: semantic colors match the approved product design
00:02 +56: /Users/lute/project/momcozy-lab/app/test/shared/product_feedback_test.dart: (setUpAll)
00:02 +56: /Users/lute/project/momcozy-lab/app/test/shared/product_feedback_test.dart: loading has a single accessible status when label is omitted
00:02 +57: /Users/lute/project/momcozy-lab/app/test/shared/route_motion_test.dart: TargetPlatform.android route motion reduced=false
00:02 +58: /Users/lute/project/momcozy-lab/app/test/shared/route_motion_test.dart: TargetPlatform.android route motion reduced=false
00:03 +59: /Users/lute/project/momcozy-lab/app/test/shared/date_time_picker_test.dart: large 12-hour picker preserves midnight and noon
00:03 +60: /Users/lute/project/momcozy-lab/app/test/shared/date_time_picker_test.dart: large 12-hour picker preserves midnight and noon
00:03 +61: /Users/lute/project/momcozy-lab/app/test/shared/date_time_picker_test.dart: large 12-hour picker preserves midnight and noon
00:03 +62: /Users/lute/project/momcozy-lab/app/test/shared/date_time_picker_test.dart: large 12-hour picker preserves midnight and noon
00:03 +63: /Users/lute/project/momcozy-lab/app/test/shared/date_time_picker_test.dart: large 12-hour picker preserves midnight and noon
00:03 +64: /Users/lute/project/momcozy-lab/app/test/shared/date_time_picker_test.dart: large 12-hour picker preserves midnight and noon
00:03 +65: /Users/lute/project/momcozy-lab/app/test/shared/date_time_picker_test.dart: large 12-hour picker preserves midnight and noon
00:03 +66: /Users/lute/project/momcozy-lab/app/test/shared/date_time_picker_test.dart: large 12-hour picker preserves midnight and noon
00:03 +67: /Users/lute/project/momcozy-lab/app/test/shared/date_time_picker_test.dart: large 12-hour picker preserves midnight and noon
00:03 +68: /Users/lute/project/momcozy-lab/app/test/shared/date_time_picker_test.dart: large 12-hour picker preserves midnight and noon
00:03 +69: /Users/lute/project/momcozy-lab/app/test/shared/date_time_picker_test.dart: large 12-hour picker preserves midnight and noon
00:03 +70: /Users/lute/project/momcozy-lab/app/test/shared/date_time_picker_test.dart: large 12-hour picker preserves midnight and noon
00:03 +71: /Users/lute/project/momcozy-lab/app/test/shared/input_confirmation_test.dart: large input and confirmation remain usable above a keyboard
00:03 +72: /Users/lute/project/momcozy-lab/app/test/shared/input_confirmation_test.dart: large input and confirmation remain usable above a keyboard
00:03 +73: /Users/lute/project/momcozy-lab/app/test/shared/input_confirmation_test.dart: large input and confirmation remain usable above a keyboard
00:03 +74: /Users/lute/project/momcozy-lab/app/test/shared/input_confirmation_test.dart: large input and confirmation remain usable above a keyboard
00:03 +75: /Users/lute/project/momcozy-lab/app/test/shared/input_confirmation_test.dart: large input and confirmation remain usable above a keyboard
00:03 +76: /Users/lute/project/momcozy-lab/app/test/shared/input_confirmation_test.dart: large input and confirmation remain usable above a keyboard
00:03 +77: /Users/lute/project/momcozy-lab/app/test/shared/input_confirmation_test.dart: large input and confirmation remain usable above a keyboard
00:03 +78: /Users/lute/project/momcozy-lab/app/test/shared/input_confirmation_test.dart: large input and confirmation remain usable above a keyboard
00:03 +79: /Users/lute/project/momcozy-lab/app/test/shared/input_confirmation_test.dart: large input and confirmation remain usable above a keyboard
00:03 +80: /Users/lute/project/momcozy-lab/app/test/shared/input_confirmation_test.dart: large input and confirmation remain usable above a keyboard
00:03 +81: /Users/lute/project/momcozy-lab/app/test/shared/input_confirmation_test.dart: large input and confirmation remain usable above a keyboard
00:03 +82: /Users/lute/project/momcozy-lab/app/test/shared/input_confirmation_test.dart: large input and confirmation remain usable above a keyboard
00:03 +83: /Users/lute/project/momcozy-lab/app/test/shared/input_confirmation_test.dart: large input and confirmation remain usable above a keyboard
00:03 +84: /Users/lute/project/momcozy-lab/app/test/shared/input_confirmation_test.dart: large input and confirmation remain usable above a keyboard
00:03 +85: /Users/lute/project/momcozy-lab/app/test/shared/input_confirmation_test.dart: large input and confirmation remain usable above a keyboard
00:03 +86: /Users/lute/project/momcozy-lab/app/test/shared/input_confirmation_test.dart: large input and confirmation remain usable above a keyboard
00:03 +87: /Users/lute/project/momcozy-lab/app/test/shared/input_confirmation_test.dart: large input and confirmation remain usable above a keyboard
00:04 +88: /Users/lute/project/momcozy-lab/app/test/shared/input_confirmation_test.dart: large input and confirmation remain usable above a keyboard
00:04 +89: /Users/lute/project/momcozy-lab/app/test/shared/input_confirmation_test.dart: large input and confirmation remain usable above a keyboard
00:04 +90: /Users/lute/project/momcozy-lab/app/test/shared/input_confirmation_test.dart: large input and confirmation remain usable above a keyboard
00:04 +91: /Users/lute/project/momcozy-lab/app/test/shared/input_confirmation_test.dart: large input and confirmation remain usable above a keyboard
00:04 +92: /Users/lute/project/momcozy-lab/app/test/shared/input_confirmation_test.dart: large input and confirmation remain usable above a keyboard
00:04 +93: /Users/lute/project/momcozy-lab/app/test/shared/input_confirmation_test.dart: large input and confirmation remain usable above a keyboard
00:04 +94: /Users/lute/project/momcozy-lab/app/test/shared/input_confirmation_test.dart: large input and confirmation remain usable above a keyboard
00:04 +95: /Users/lute/project/momcozy-lab/app/test/shared/input_confirmation_test.dart: large input and confirmation remain usable above a keyboard
00:04 +96: /Users/lute/project/momcozy-lab/app/test/shared/input_confirmation_test.dart: large input and confirmation remain usable above a keyboard
00:04 +97: /Users/lute/project/momcozy-lab/app/test/shared/input_confirmation_test.dart: large input and confirmation remain usable above a keyboard
00:04 +98: /Users/lute/project/momcozy-lab/app/test/shared/momcozy_motion_test.dart: reduced motion flows 320.0 / 1.0
00:04 +99: /Users/lute/project/momcozy-lab/app/test/shared/momcozy_motion_test.dart: reduced motion flows 320.0 / 1.0
00:04 +100: /Users/lute/project/momcozy-lab/app/test/shared/input_confirmation_test.dart: inputs and discard 320 at 2.0x
00:04 +101: /Users/lute/project/momcozy-lab/app/test/shared/input_confirmation_test.dart: inputs and discard 320 at 2.0x
00:05 +102: /Users/lute/project/momcozy-lab/app/test/shared/input_confirmation_test.dart: inputs and discard 320 at 2.0x
00:05 +103: /Users/lute/project/momcozy-lab/app/test/shared/momcozy_motion_test.dart: reduced motion flows 390.0 / 2.0
00:05 +104: /Users/lute/project/momcozy-lab/app/test/shared/input_confirmation_test.dart: inputs and discard 390 at 1.0x
00:05 +105: /Users/lute/project/momcozy-lab/app/test/shared/input_confirmation_test.dart: inputs and discard 390 at 1.0x
00:05 +106: /Users/lute/project/momcozy-lab/app/test/shared/input_confirmation_test.dart: inputs and discard 390 at 1.0x
00:05 +107: /Users/lute/project/momcozy-lab/app/test/shared/input_confirmation_test.dart: inputs and discard 390 at 1.0x
00:05 +108: /Users/lute/project/momcozy-lab/app/test/shared/input_confirmation_test.dart: inputs and discard 390 at 2.0x
00:05 +109: /Users/lute/project/momcozy-lab/app/test/shared/input_confirmation_test.dart: inputs and discard 430 at 1.0x
00:06 +110: /Users/lute/project/momcozy-lab/app/test/shared/input_confirmation_test.dart: inputs and discard 430 at 2.0x
00:06 +111: /Users/lute/project/momcozy-lab/app/test/shared/input_confirmation_test.dart: (tearDownAll)
00:06 +111: All tests passed!
