00:00 +0: loading /Users/lute/project/momcozy-lab/app/test/modules/profile/more_current_inventory_test.dart
00:00 +0: (setUpAll)
00:00 +0: inventory current More routes 393/1x
══╡ EXCEPTION CAUGHT BY FLUTTER TEST FRAMEWORK ╞════════════════════════════════════════════════════
The following StateError was thrown running a test:
Bad state: No element

When the exception was thrown, this was the stack:
#0      Iterable.first (dart:core/iterable.dart:663:7)
#1      _FirstFinderMixin.filter (package:flutter_test/src/finders.dart:1383:28)
#3      Iterable.isEmpty (dart:core/iterable.dart:560:33)
#4      main.tap (file:///Users/lute/project/momcozy-lab/app/test/modules/profile/more_current_inventory_test.dart:138:27)
#5      main.back (file:///Users/lute/project/momcozy-lab/app/test/modules/profile/more_current_inventory_test.dart:216:11)
#6      main.<anonymous closure> (file:///Users/lute/project/momcozy-lab/app/test/modules/profile/more_current_inventory_test.dart:278:13)
<asynchronous suspension>
#7      testWidgets.<anonymous closure>.<anonymous closure> (package:flutter_test/src/widget_tester.dart:192:15)
<asynchronous suspension>
#8      TestWidgetsFlutterBinding._runTestBody (package:flutter_test/src/binding.dart:1952:5)
<asynchronous suspension>
<asynchronous suspension>
(elided 2 frames from dart:async-patch and package:stack_trace)

The test description was:
  inventory current More routes 393/1x
════════════════════════════════════════════════════════════════════════════════════════════════════
00:01 +0 -1: inventory current More routes 393/1x [E]
  Test failed. See exception logs above.
  The test description was: inventory current More routes 393/1x
  
00:01 +0 -1: inventory current More pending 393/1x
00:01 +1 -1: inventory current More name-unavailable 393/1x
00:01 +2 -1: inventory current More email-unavailable 393/1x
00:02 +3 -1: inventory current More both-unavailable 393/1x
00:02 +4 -1: inventory current More long 393/1x
00:02 +5 -1: inventory current More remote signout error 393/1x
00:02 +6 -1: inventory current More routes 320/2x
══╡ EXCEPTION CAUGHT BY FLUTTER TEST FRAMEWORK ╞════════════════════════════════════════════════════
The following StateError was thrown running a test:
Bad state: No element

When the exception was thrown, this was the stack:
#0      Iterable.first (dart:core/iterable.dart:663:7)
#1      _FirstFinderMixin.filter (package:flutter_test/src/finders.dart:1383:28)
#3      Iterable.isEmpty (dart:core/iterable.dart:560:33)
#4      main.tap (file:///Users/lute/project/momcozy-lab/app/test/modules/profile/more_current_inventory_test.dart:138:27)
#5      main.back (file:///Users/lute/project/momcozy-lab/app/test/modules/profile/more_current_inventory_test.dart:216:11)
#6      main.<anonymous closure> (file:///Users/lute/project/momcozy-lab/app/test/modules/profile/more_current_inventory_test.dart:278:13)
<asynchronous suspension>
#7      testWidgets.<anonymous closure>.<anonymous closure> (package:flutter_test/src/widget_tester.dart:192:15)
<asynchronous suspension>
#8      TestWidgetsFlutterBinding._runTestBody (package:flutter_test/src/binding.dart:1952:5)
<asynchronous suspension>
<asynchronous suspension>
(elided 2 frames from dart:async-patch and package:stack_trace)

The test description was:
  inventory current More routes 320/2x
════════════════════════════════════════════════════════════════════════════════════════════════════
00:03 +6 -2: inventory current More routes 320/2x [E]
  Test failed. See exception logs above.
  The test description was: inventory current More routes 320/2x
  
00:03 +6 -2: inventory current More pending 320/2x
00:03 +7 -2: inventory current More name-unavailable 320/2x
00:03 +8 -2: inventory current More email-unavailable 320/2x
00:04 +9 -2: inventory current More both-unavailable 320/2x
00:04 +10 -2: inventory current More long 320/2x
00:04 +11 -2: inventory current More remote signout error 320/2x
00:05 +12 -2: (tearDownAll)
00:05 +12 -2: Some tests failed.

Failing tests:
  /Users/lute/project/momcozy-lab/app/test/modules/profile/more_current_inventory_test.dart: inventory current More routes 320/2x
  /Users/lute/project/momcozy-lab/app/test/modules/profile/more_current_inventory_test.dart: inventory current More routes 393/1x
