00:00 +0: loading /Users/lute/project/momcozy-lab/app/test/modules/mom/lactation_states_test.dart
00:00 +0: (setUpAll)
00:00 +0: lactation states validate, retry, edit and undo 320.0/1.0
══╡ EXCEPTION CAUGHT BY FLUTTER TEST FRAMEWORK ╞════════════════════════════════════════════════════
The following TestFailure was thrown running a test:
Expected: exactly one matching candidate
  Actual: _HitTestableWidgetFinder:<Found 0 widgets with text "请检查记录时间和数值：奶量为 0–2000 ml，亲喂时长为 0–240
分钟的整数。" (considering only hit-testable widgets with a RenderBox): []>
   Which: means none were found but one was expected

When the exception was thrown, this was the stack:
#4      main.<anonymous closure> (file:///Users/lute/project/momcozy-lab/app/test/modules/mom/lactation_states_test.dart:92:11)
<asynchronous suspension>
#5      testWidgets.<anonymous closure>.<anonymous closure> (package:flutter_test/src/widget_tester.dart:192:15)
<asynchronous suspension>
#6      TestWidgetsFlutterBinding._runTestBody (package:flutter_test/src/binding.dart:1952:5)
<asynchronous suspension>
<asynchronous suspension>
(elided one frame from package:stack_trace)

This was caught by the test expectation on the following line:
  file:///Users/lute/project/momcozy-lab/app/test/modules/mom/lactation_states_test.dart line 92
The test description was:
  lactation states validate, retry, edit and undo 320.0/1.0
════════════════════════════════════════════════════════════════════════════════════════════════════
00:00 +0 -1: lactation states validate, retry, edit and undo 320.0/1.0 [E]
  Test failed. See exception logs above.
  The test description was: lactation states validate, retry, edit and undo 320.0/1.0
  
00:00 +0 -1: (tearDownAll)
00:00 +0 -1: Some tests failed.

Failing tests:
  /Users/lute/project/momcozy-lab/app/test/modules/mom/lactation_states_test.dart: lactation states validate, retry, edit and undo 320.0/1.0
