00:00 +0: loading /Users/lute/project/momcozy-lab/app/test/modules/mom/lactation_states_test.dart
00:00 +0: /Users/lute/project/momcozy-lab/app/test/modules/mom/lactation_test.dart: wire contract keeps methods exclusive and carries the deletion version
00:00 +1: /Users/lute/project/momcozy-lab/app/test/modules/mom/lactation_states_test.dart: (setUpAll)
00:00 +2: /Users/lute/project/momcozy-lab/app/test/modules/mom/lactation_states_test.dart: (setUpAll)
00:00 +3: /Users/lute/project/momcozy-lab/app/test/modules/mom/lactation_states_test.dart: (setUpAll)
00:00 +3: /Users/lute/project/momcozy-lab/app/test/modules/mom/lactation_test.dart: single record editor saves a real observation, then delete and undo change the list
00:00 +4: /Users/lute/project/momcozy-lab/app/test/modules/mom/lactation_states_test.dart: lactation states validate, retry, edit and undo 320.0/1.0
00:00 +5: /Users/lute/project/momcozy-lab/app/test/modules/mom/lactation_states_test.dart: lactation states validate, retry, edit and undo 320.0/1.0
00:00 +6: /Users/lute/project/momcozy-lab/app/test/modules/mom/lactation_states_test.dart: lactation states validate, retry, edit and undo 320.0/1.0
00:00 +7: /Users/lute/project/momcozy-lab/app/test/modules/mom/lactation_states_test.dart: lactation states validate, retry, edit and undo 320.0/1.0
00:01 +8: /Users/lute/project/momcozy-lab/app/test/modules/mom/lactation_states_test.dart: lactation states validate, retry, edit and undo 320.0/1.0
00:01 +9: /Users/lute/project/momcozy-lab/app/test/modules/mom/lactation_test.dart: lactation entry renders at 320.0 / 1.0
00:01 +10: /Users/lute/project/momcozy-lab/app/test/modules/mom/lactation_states_test.dart: lactation states validate, retry, edit and undo 320.0/2.0
00:01 +11: /Users/lute/project/momcozy-lab/app/test/modules/mom/lactation_states_test.dart: lactation states validate, retry, edit and undo 320.0/2.0
00:01 +12: /Users/lute/project/momcozy-lab/app/test/modules/mom/lactation_states_test.dart: lactation states validate, retry, edit and undo 320.0/2.0
00:01 +13: /Users/lute/project/momcozy-lab/app/test/modules/mom/lactation_states_test.dart: lactation states validate, retry, edit and undo 320.0/2.0
00:01 +14: /Users/lute/project/momcozy-lab/app/test/modules/mom/lactation_states_test.dart: lactation states validate, retry, edit and undo 320.0/2.0
00:01 +15: /Users/lute/project/momcozy-lab/app/test/modules/mom/lactation_states_test.dart: lactation states validate, retry, edit and undo 320.0/2.0
00:01 +16: /Users/lute/project/momcozy-lab/app/test/modules/mom/lactation_test.dart: lactation entry renders at 390.0 / 1.0
00:01 +17: /Users/lute/project/momcozy-lab/app/test/modules/mom/lactation_states_test.dart: lactation states validate, retry, edit and undo 390.0/1.0
00:01 +18: /Users/lute/project/momcozy-lab/app/test/modules/mom/lactation_states_test.dart: lactation states validate, retry, edit and undo 390.0/1.0
00:01 +19: /Users/lute/project/momcozy-lab/app/test/modules/mom/lactation_states_test.dart: lactation states validate, retry, edit and undo 390.0/1.0
00:01 +20: /Users/lute/project/momcozy-lab/app/test/modules/mom/lactation_states_test.dart: lactation states validate, retry, edit and undo 390.0/1.0
00:01 +21: /Users/lute/project/momcozy-lab/app/test/modules/mom/lactation_states_test.dart: lactation states validate, retry, edit and undo 390.0/1.0
00:01 +22: /Users/lute/project/momcozy-lab/app/test/modules/mom/lactation_states_test.dart: lactation states validate, retry, edit and undo 390.0/1.0
00:01 +23: /Users/lute/project/momcozy-lab/app/test/modules/mom/lactation_test.dart: lactation entry renders at 430.0 / 1.0
00:01 +24: /Users/lute/project/momcozy-lab/app/test/modules/mom/lactation_states_test.dart: lactation states validate, retry, edit and undo 390.0/2.0
00:01 +25: /Users/lute/project/momcozy-lab/app/test/modules/mom/lactation_states_test.dart: lactation states validate, retry, edit and undo 390.0/2.0
00:02 +26: /Users/lute/project/momcozy-lab/app/test/modules/mom/lactation_states_test.dart: lactation states validate, retry, edit and undo 430.0/1.0
00:02 +27: /Users/lute/project/momcozy-lab/app/test/modules/mom/lactation_states_test.dart: lactation states validate, retry, edit and undo 430.0/2.0
00:02 +28: /Users/lute/project/momcozy-lab/app/test/modules/mom/lactation_states_test.dart: (tearDownAll)
00:02 +28: All tests passed!
