00:00 +0: loading /Users/lute/project/momcozy-lab/app/test/modules/baby/baby_editor_states_test.dart
00:00 +0: /Users/lute/project/momcozy-lab/app/test/modules/baby/baby_editor_states_test.dart: (setUpAll)
00:00 +0: /Users/lute/project/momcozy-lab/app/test/modules/baby/baby_editor_states_test.dart: wet keeps its primary action visible at 320.0/1.0
00:00 +1: /Users/lute/project/momcozy-lab/app/test/modules/baby/baby_editor_states_test.dart: nursing keeps its primary action visible at 320.0/1.0
00:00 +2: /Users/lute/project/momcozy-lab/app/test/modules/baby/baby_editor_states_test.dart: sleep-start keeps its primary action visible at 320.0/1.0
00:00 +3: /Users/lute/project/momcozy-lab/app/test/modules/baby/baby_editor_states_test.dart: sleep-active keeps its primary action visible at 320.0/1.0
00:00 +4: /Users/lute/project/momcozy-lab/app/test/modules/baby/baby_editor_states_test.dart: wet keeps its primary action visible at 320.0/2.0
00:00 +5: /Users/lute/project/momcozy-lab/app/test/modules/baby/baby_editor_states_test.dart: nursing keeps its primary action visible at 320.0/2.0
00:00 +6: /Users/lute/project/momcozy-lab/app/test/modules/baby/baby_editor_states_test.dart: sleep-start keeps its primary action visible at 320.0/2.0
00:00 +7: /Users/lute/project/momcozy-lab/app/test/modules/baby/baby_editor_states_test.dart: sleep-active keeps its primary action visible at 320.0/2.0
00:01 +8: /Users/lute/project/momcozy-lab/app/test/modules/baby/baby_editor_states_test.dart: wet keeps its primary action visible at 390.0/1.0
00:01 +9: /Users/lute/project/momcozy-lab/app/test/modules/baby/baby_editor_states_test.dart: nursing keeps its primary action visible at 390.0/1.0
00:01 +10: /Users/lute/project/momcozy-lab/app/test/modules/baby/baby_editor_states_test.dart: sleep-start keeps its primary action visible at 390.0/1.0
00:01 +11: /Users/lute/project/momcozy-lab/app/test/modules/baby/baby_editor_states_test.dart: sleep-active keeps its primary action visible at 390.0/1.0
00:01 +12: /Users/lute/project/momcozy-lab/app/test/modules/baby/baby_editor_states_test.dart: wet keeps its primary action visible at 390.0/2.0
00:01 +13: /Users/lute/project/momcozy-lab/app/test/modules/baby/baby_editor_states_test.dart: nursing keeps its primary action visible at 390.0/2.0
00:01 +14: /Users/lute/project/momcozy-lab/app/test/modules/baby/baby_editor_states_test.dart: sleep-start keeps its primary action visible at 390.0/2.0
00:01 +15: /Users/lute/project/momcozy-lab/app/test/modules/baby/baby_editor_states_test.dart: sleep-active keeps its primary action visible at 390.0/2.0
00:01 +16: /Users/lute/project/momcozy-lab/app/test/modules/baby/baby_editor_states_test.dart: wet keeps its primary action visible at 430.0/1.0
00:01 +17: /Users/lute/project/momcozy-lab/app/test/modules/baby/baby_editor_states_test.dart: nursing keeps its primary action visible at 430.0/1.0
00:01 +18: /Users/lute/project/momcozy-lab/app/test/modules/baby/baby_editor_states_test.dart: sleep-start keeps its primary action visible at 430.0/1.0
00:01 +19: /Users/lute/project/momcozy-lab/app/test/modules/baby/baby_editor_states_test.dart: sleep-active keeps its primary action visible at 430.0/1.0
00:01 +20: /Users/lute/project/momcozy-lab/app/test/modules/baby/baby_editor_states_test.dart: wet keeps its primary action visible at 430.0/2.0
00:01 +21: /Users/lute/project/momcozy-lab/app/test/modules/baby/baby_editor_states_test.dart: nursing keeps its primary action visible at 430.0/2.0
00:01 +22: /Users/lute/project/momcozy-lab/app/test/modules/baby/baby_editor_states_test.dart: sleep-start keeps its primary action visible at 430.0/2.0
00:01 +23: /Users/lute/project/momcozy-lab/app/test/modules/baby/baby_editor_states_test.dart: sleep-active keeps its primary action visible at 430.0/2.0
00:01 +24: /Users/lute/project/momcozy-lab/app/test/modules/baby/baby_editor_states_test.dart: collapsed notes preserve the draft and uncertain save retries once
00:01 +25: /Users/lute/project/momcozy-lab/app/test/modules/baby/baby_editor_states_test.dart: (tearDownAll)
00:01 +25: loading /Users/lute/project/momcozy-lab/app/test/modules/baby/baby_pages_test.dart
00:02 +25: /Users/lute/project/momcozy-lab/app/test/modules/baby/baby_pages_test.dart: (setUpAll)
00:02 +25: /Users/lute/project/momcozy-lab/app/test/modules/baby/baby_pages_test.dart: baby home and knowledge scroll with double text at 320.0
00:02 +26: /Users/lute/project/momcozy-lab/app/test/modules/baby/baby_pages_test.dart: feeding editor remains usable at 320.0 / 1.0
00:02 +27: /Users/lute/project/momcozy-lab/app/test/modules/baby/baby_pages_test.dart: feeding editor remains usable at 320.0 / 2.0
00:03 +28: /Users/lute/project/momcozy-lab/app/test/modules/baby/baby_pages_test.dart: sleep editor remains usable at 320.0 / 1.0
00:03 +29: /Users/lute/project/momcozy-lab/app/test/modules/baby/baby_pages_test.dart: sleep editor remains usable at 320.0 / 2.0
00:03 +30: /Users/lute/project/momcozy-lab/app/test/modules/baby/baby_pages_test.dart: diaper editor remains usable at 320.0 / 1.0
00:03 +31: /Users/lute/project/momcozy-lab/app/test/modules/baby/baby_pages_test.dart: diaper editor remains usable at 320.0 / 2.0
00:03 +32: /Users/lute/project/momcozy-lab/app/test/modules/baby/baby_pages_test.dart: growth editor remains usable at 320.0 / 1.0
00:03 +33: /Users/lute/project/momcozy-lab/app/test/modules/baby/baby_pages_test.dart: growth editor remains usable at 320.0 / 2.0
00:03 +34: /Users/lute/project/momcozy-lab/app/test/modules/baby/baby_pages_test.dart: development editor remains usable at 320.0 / 1.0
00:03 +35: /Users/lute/project/momcozy-lab/app/test/modules/baby/baby_pages_test.dart: development editor remains usable at 320.0 / 2.0
00:03 +36: /Users/lute/project/momcozy-lab/app/test/modules/baby/baby_pages_test.dart: baby home and knowledge scroll with double text at 390.0
00:03 +37: /Users/lute/project/momcozy-lab/app/test/modules/baby/baby_pages_test.dart: feeding editor remains usable at 390.0 / 1.0
00:03 +38: /Users/lute/project/momcozy-lab/app/test/modules/baby/baby_pages_test.dart: feeding editor remains usable at 390.0 / 2.0
00:03 +39: /Users/lute/project/momcozy-lab/app/test/modules/baby/baby_pages_test.dart: sleep editor remains usable at 390.0 / 1.0
00:03 +40: /Users/lute/project/momcozy-lab/app/test/modules/baby/baby_pages_test.dart: sleep editor remains usable at 390.0 / 2.0
00:03 +41: /Users/lute/project/momcozy-lab/app/test/modules/baby/baby_pages_test.dart: diaper editor remains usable at 390.0 / 1.0
00:04 +42: /Users/lute/project/momcozy-lab/app/test/modules/baby/baby_pages_test.dart: diaper editor remains usable at 390.0 / 2.0
00:04 +43: /Users/lute/project/momcozy-lab/app/test/modules/baby/baby_pages_test.dart: growth editor remains usable at 390.0 / 1.0
00:04 +44: /Users/lute/project/momcozy-lab/app/test/modules/baby/baby_pages_test.dart: growth editor remains usable at 390.0 / 2.0
00:04 +45: /Users/lute/project/momcozy-lab/app/test/modules/baby/baby_pages_test.dart: development editor remains usable at 390.0 / 1.0
00:04 +46: /Users/lute/project/momcozy-lab/app/test/modules/baby/baby_pages_test.dart: development editor remains usable at 390.0 / 2.0
00:04 +47: /Users/lute/project/momcozy-lab/app/test/modules/baby/baby_pages_test.dart: baby home and knowledge scroll with double text at 430.0
00:04 +48: /Users/lute/project/momcozy-lab/app/test/modules/baby/baby_pages_test.dart: feeding editor remains usable at 430.0 / 1.0
00:04 +49: /Users/lute/project/momcozy-lab/app/test/modules/baby/baby_pages_test.dart: feeding editor remains usable at 430.0 / 2.0
00:04 +50: /Users/lute/project/momcozy-lab/app/test/modules/baby/baby_pages_test.dart: sleep editor remains usable at 430.0 / 1.0
00:04 +51: /Users/lute/project/momcozy-lab/app/test/modules/baby/baby_pages_test.dart: sleep editor remains usable at 430.0 / 2.0
00:04 +52: /Users/lute/project/momcozy-lab/app/test/modules/baby/baby_pages_test.dart: diaper editor remains usable at 430.0 / 1.0
00:04 +53: /Users/lute/project/momcozy-lab/app/test/modules/baby/baby_pages_test.dart: diaper editor remains usable at 430.0 / 2.0
00:04 +54: /Users/lute/project/momcozy-lab/app/test/modules/baby/baby_pages_test.dart: growth editor remains usable at 430.0 / 1.0
00:04 +55: /Users/lute/project/momcozy-lab/app/test/modules/baby/baby_pages_test.dart: growth editor remains usable at 430.0 / 2.0
00:04 +56: /Users/lute/project/momcozy-lab/app/test/modules/baby/baby_pages_test.dart: development editor remains usable at 430.0 / 1.0
00:04 +57: /Users/lute/project/momcozy-lab/app/test/modules/baby/baby_pages_test.dart: development editor remains usable at 430.0 / 2.0
00:04 +58: /Users/lute/project/momcozy-lab/app/test/modules/baby/baby_pages_test.dart: history edits and restores the same baby record at 320.0 / 1.0
00:04 +59: /Users/lute/project/momcozy-lab/app/test/modules/baby/baby_pages_test.dart: history edits and restores the same baby record at 320.0 / 2.0
00:05 +60: /Users/lute/project/momcozy-lab/app/test/modules/baby/baby_pages_test.dart: history edits and restores the same baby record at 390.0 / 1.0
00:05 +61: /Users/lute/project/momcozy-lab/app/test/modules/baby/baby_pages_test.dart: history edits and restores the same baby record at 390.0 / 2.0
00:05 +62: /Users/lute/project/momcozy-lab/app/test/modules/baby/baby_pages_test.dart: history edits and restores the same baby record at 430.0 / 1.0
00:05 +63: /Users/lute/project/momcozy-lab/app/test/modules/baby/baby_pages_test.dart: history edits and restores the same baby record at 430.0 / 2.0
00:05 +64: /Users/lute/project/momcozy-lab/app/test/modules/baby/baby_pages_test.dart: a record URL cannot load a baby outside the owned profiles
00:05 +65: /Users/lute/project/momcozy-lab/app/test/modules/baby/baby_pages_test.dart: a failed home request is not presented as no records
00:05 +66: /Users/lute/project/momcozy-lab/app/test/modules/baby/baby_pages_test.dart: baby overview matches the current product design at 320.0
00:05 +67: /Users/lute/project/momcozy-lab/app/test/modules/baby/baby_pages_test.dart: baby overview matches the current product design at 390.0
00:05 +68: /Users/lute/project/momcozy-lab/app/test/modules/baby/baby_pages_test.dart: baby overview matches the current product design at 430.0
00:05 +69: /Users/lute/project/momcozy-lab/app/test/modules/baby/baby_pages_test.dart: (tearDownAll)
00:05 +69: loading /Users/lute/project/momcozy-lab/app/test/modules/baby/baby_save_feedback_test.dart
00:06 +69: /Users/lute/project/momcozy-lab/app/test/modules/baby/baby_save_feedback_test.dart: (setUpAll)
00:06 +69: /Users/lute/project/momcozy-lab/app/test/modules/baby/baby_save_feedback_test.dart: partial batch undo retries only unconfirmed records and never another baby
00:06 +70: /Users/lute/project/momcozy-lab/app/test/modules/baby/baby_save_feedback_test.dart: busy undo is single flight and a baby switch cannot reuse its feedback
00:06 +71: /Users/lute/project/momcozy-lab/app/test/modules/baby/baby_save_feedback_test.dart: conflict and an existing sleep update cannot be undone as new records
00:06 +72: /Users/lute/project/momcozy-lab/app/test/modules/baby/baby_save_feedback_test.dart: feeding validation, save, uncertain undo and feedback at 320.0/1.0
00:06 +73: /Users/lute/project/momcozy-lab/app/test/modules/baby/baby_save_feedback_test.dart: feeding validation, save, uncertain undo and feedback at 320.0/2.0
00:07 +74: /Users/lute/project/momcozy-lab/app/test/modules/baby/baby_save_feedback_test.dart: feeding validation, save, uncertain undo and feedback at 390.0/1.0
00:07 +75: /Users/lute/project/momcozy-lab/app/test/modules/baby/baby_save_feedback_test.dart: feeding validation, save, uncertain undo and feedback at 390.0/2.0
00:07 +76: /Users/lute/project/momcozy-lab/app/test/modules/baby/baby_save_feedback_test.dart: feeding validation, save, uncertain undo and feedback at 430.0/1.0
00:07 +77: /Users/lute/project/momcozy-lab/app/test/modules/baby/baby_save_feedback_test.dart: feeding validation, save, uncertain undo and feedback at 430.0/2.0
00:07 +78: /Users/lute/project/momcozy-lab/app/test/modules/baby/baby_save_feedback_test.dart: (tearDownAll)
00:07 +78: loading /Users/lute/project/momcozy-lab/app/test/modules/baby/baby_records_redesign_test.dart
00:07 +78: /Users/lute/project/momcozy-lab/app/test/modules/baby/baby_records_redesign_test.dart: (setUpAll)
00:07 +78: /Users/lute/project/momcozy-lab/app/test/modules/baby/baby_records_redesign_test.dart: record redesign keeps paging recovery and filters 390.0/1.0
00:09 +79: /Users/lute/project/momcozy-lab/app/test/modules/baby/baby_records_redesign_test.dart: record redesign keeps paging recovery and filters 320.0/2.0
00:09 +80: /Users/lute/project/momcozy-lab/app/test/modules/baby/baby_records_redesign_test.dart: (tearDownAll)
00:09 +80: All tests passed!
